2024-12-27 07:08:57.662  5196-5217  EGL_emulation           org.kelompok3.todolistapp            D  eglMakeCurrent: 0x7f672c745200: ver 2 0 (tinfo 0x7f672c72c180)
2024-12-27 07:08:57.673  5196-5217  EGL_emulation           org.kelompok3.todolistapp            D  eglMakeCurrent: 0x7f672c745200: ver 2 0 (tinfo 0x7f672c72c180)
2024-12-27 07:08:57.688  5196-5217  OpenGLRenderer          org.kelompok3.todolistapp            D  endAllStagingAnimators on 0x7f672cf91c00 (RippleDrawable) with handle 0x7f672c72c7e0
2024-12-27 07:08:57.895  5196-5217  EGL_emulation           org.kelompok3.todolistapp            D  eglMakeCurrent: 0x7f672c745200: ver 2 0 (tinfo 0x7f672c72c180)
2024-12-27 07:08:58.210  5196-5217  EGL_emulation           org.kelompok3.todolistapp            D  eglMakeCurrent: 0x7f672c745200: ver 2 0 (tinfo 0x7f672c72c180)
2024-12-27 07:08:59.454  2275-5235  EGL_emulation           com.android.inputmethod.latin        D  eglMakeCurrent: 0x7f672d6b7200: ver 2 0 (tinfo 0x7f6739d0fe20)
2024-12-27 07:09:00.011  2227-2724  EGL_emulation           com.android.systemui                 D  eglMakeCurrent: 0x7f673a02e200: ver 2 0 (tinfo 0x7f673a00fe00)
2024-12-27 07:09:05.061  2633-3697  GmsTaskScheduler        com.google.android.gms.persistent    E  sendWakeUpEvent called on SchedulerClientBroadcastStrategy
2024-12-27 07:09:05.061  2633-3697  WakeLock                com.google.android.gms.persistent    E  GCM_HB_ALARM release without a matched acquire!
2024-12-27 07:09:05.088  2633-3699  GmsTaskScheduler        com.google.android.gms.persistent    E  sendWakeUpEvent called on SchedulerClientBroadcastStrategy
2024-12-27 07:11:02.717  1587-1622  BatteryStatsImpl        system_process                       W  Couldn't get kernel wake lock stats
2024-12-27 07:12:00.002  1587-1613  ProcessStatsService     system_process                       I  Prepared write state in 1ms
2024-12-27 07:16:50.158  2275-2489  LatinIME:LogUtils       com.android.inputmethod.latin        I  Dictionary info: dictionary = UserHistoryDictionary.en_US ; version = 1735254752 ; date = 1735258610
2024-12-27 07:16:50.201  2633-3995  NetworkScheduler.Stats  com.google.android.gms.persistent    I  Task com.google.android.gms/com.google.android.gms.checkin.CheckinService started execution. cause:4 exec_start_elapsed_seconds: 3947 [CONTEXT service_id=218 ]
2024-12-27 07:16:50.218  2633-2849  NetworkScheduler.Stats  com.google.android.gms.persistent    I  Task com.google.android.gms/com.google.android.gms.checkin.CheckinService finished executing. cause:4 result: 3 elapsed_millis: 40 uptime_millis: 40 exec_start_elapsed_seconds: 3947 [CONTEXT service_id=218 ]
2024-12-27 07:16:50.263  2633-3995  NetworkScheduler.Stats  com.google.android.gms.persistent    I  Task com.google.android.gms/com.google.android.gms.chimera.container.ConfigService started execution. cause:5 exec_start_elapsed_seconds: 3947 [CONTEXT service_id=218 ]
2024-12-27 07:16:50.265  2633-2648  art                     com.google.android.gms.persistent    I  Background sticky concurrent mark sweep GC freed 37287(2MB) AllocSpace objects, 0(0B) LOS objects, 8% free, 19MB/21MB, paused 6.019ms total 30.714ms
2024-12-27 07:16:50.269  4911-4993  ChimeraConfigurator     com.google.android.gms               I  Starting update, reason: 3 urgentFeatures:
2024-12-27 07:16:50.294  4911-4993  ConfigFileUtils         com.google.android.gms               E  Failed to read config file: /data/data/com.google.android.gms/app_chimera/next_container.pb: open failed: ENOENT (No such file or directory)
2024-12-27 07:16:50.298  2633-2849  NetworkScheduler.Stats  com.google.android.gms.persistent    I  Task com.google.android.gms/com.google.android.gms.clearcut.uploader.QosUploaderService started execution. cause:5 exec_start_elapsed_seconds: 3947 [CONTEXT service_id=218 ]
2024-12-27 07:16:50.302  4911-4993  FeatureMgr              com.google.android.gms               W  Attempted to request and unrequest the same feature: antifingerprinting. Ignoring unrequest.
2024-12-27 07:16:50.378  4911-4993  DynamiteModule          com.google.android.gms               I  Considering local module com.google.android.gms.cronet_dynamite:0 and remote module com.google.android.gms.cronet_dynamite:1311
2024-12-27 07:16:50.378  4911-4993  DynamiteModule          com.google.android.gms               I  Selected remote version of com.google.android.gms.cronet_dynamite, version >= 1311
2024-12-27 07:16:50.381  4911-4993  ChmraDebugLogger        com.google.android.gms               I  [71] Cronetdynamite
2024-12-27 07:16:50.424  4911-4993  cr_CronetLibraryLoader  com.google.android.gms               I  Cronet version: 83.0.4103.60, arch: x86_64
2024-12-27 07:16:50.434  2633-2850  Conscrypt               com.google.android.gms.persistent    W  Could not set socket write timeout: java.net.SocketException: Socket closed
2024-12-27 07:16:50.435  2633-2850  art                     com.google.android.gms.persistent    E  invalid stream - problem with parameter iterator in /system/priv-app/PrebuiltGmsCore/PrebuiltGmsCore.apk:classes3.dex for method void com.google.android.gms.org.conscrypt.ConscryptFileDescriptorSocket.setSoWriteTimeout(int)
2024-12-27 07:16:50.435  2633-2850  Conscrypt               com.google.android.gms.persistent    W  	at com.google.android.gms.org.conscrypt.Platform.setSocketWriteTimeout(:com.google.android.gms@202414014@20.24.14 (020800-319035315):2)
2024-12-27 07:16:50.435  2633-2850  Conscrypt               com.google.android.gms.persistent    W  	at com.google.android.gms.org.conscrypt.ConscryptFileDescriptorSocket.setSoWriteTimeout(:com.google.android.gms@202414014@20.24.14 (020800-319035315))
2024-12-27 07:16:50.440  1587-2531  ConnectivityService     system_process                       D  listenForNetwork for NetworkRequest [ id=4, legacyType=-1, [ Capabilities: INTERNET&NOT_RESTRICTED&TRUSTED] ]
2024-12-27 07:16:50.441  1587-2040  ConnectivityService     system_process                       D  handleRegisterNetworkRequest checking NetworkAgentInfo [MOBILE (LTE) - 100]
2024-12-27 07:16:50.441  1587-2040  ConnectivityService     system_process                       D  apparently satisfied.  currentScore=50
2024-12-27 07:16:50.441  4911-5324  Connectivi...ackHandler com.google.android.gms               D  CM callback handler got msg 524290
2024-12-27 07:16:50.467  4911-4993  ChmraDebugLogger        com.google.android.gms               I  [73] 1801
2024-12-27 07:16:50.468  4911-4993  ChmraDebugLogger        com.google.android.gms               I  [30] [VisionOcr.optional:202414000800] permitMetered=true,
2024-12-27 07:16:50.470  2633-2850  Conscrypt               com.google.android.gms.persistent    W  Could not set socket write timeout: java.net.SocketException: Socket closed
2024-12-27 07:16:50.470  2633-2850  art                     com.google.android.gms.persistent    E  invalid stream - problem with parameter iterator in /system/priv-app/PrebuiltGmsCore/PrebuiltGmsCore.apk:classes3.dex for method void com.google.android.gms.org.conscrypt.ConscryptFileDescriptorSocket.setSoWriteTimeout(int)
2024-12-27 07:16:50.470  2633-2850  Conscrypt               com.google.android.gms.persistent    W  	at com.google.android.gms.org.conscrypt.Platform.setSocketWriteTimeout(:com.google.android.gms@202414014@20.24.14 (020800-319035315):2)
2024-12-27 07:16:50.470  2633-2850  Conscrypt               com.google.android.gms.persistent    W  	at com.google.android.gms.org.conscrypt.ConscryptFileDescriptorSocket.setSoWriteTimeout(:com.google.android.gms@202414014@20.24.14 (020800-319035315))
2024-12-27 07:16:50.470  4911-4993  ChimeraConfigService    com.google.android.gms               W  Retry attempt was throttled.
2024-12-27 07:16:50.476  2633-2849  NetworkScheduler.Stats  com.google.android.gms.persistent    I  Task com.google.android.gms/com.google.android.gms.chimera.container.ConfigService finished executing. cause:5 result: 2 elapsed_millis: 229 uptime_millis: 229 exec_start_elapsed_seconds: 3947 [CONTEXT service_id=218 ]
2024-12-27 07:16:50.554  2633-2850  GmsTaskScheduler        com.google.android.gms.persistent    E  sendWakeUpEvent called on SchedulerClientBroadcastStrategy
2024-12-27 07:16:50.755  2633-2850  GmsTaskScheduler        com.google.android.gms.persistent    E  sendWakeUpEvent called on SchedulerClientBroadcastStrategy
2024-12-27 07:16:50.793  2633-2849  NetworkScheduler.Stats  com.google.android.gms.persistent    I  Task com.google.android.gms/com.google.android.gms.clearcut.uploader.QosUploaderService finished executing. cause:5 result: 1 elapsed_millis: 515 uptime_millis: 515 exec_start_elapsed_seconds: 3947 [CONTEXT service_id=218 ]
2024-12-27 07:17:49.071  1587-1612  UsageStatsService       system_process                       I  User[0] Flushing usage stats to disk
2024-12-27 07:20:56.222  2633-2850  NetworkScheduler.Stats  com.google.android.gms.persistent    I  Task com.google.android.gms/com.google.android.gms.auth.account.be.legacy.AuthCronService started execution. cause:4 exec_start_elapsed_seconds: 4193 [CONTEXT service_id=218 ]
2024-12-27 07:20:56.226  2633-2648  art                     com.google.android.gms.persistent    I  Background sticky concurrent mark sweep GC freed 31298(1801KB) AllocSpace objects, 3(48KB) LOS objects, 7% free, 20MB/21MB, paused 5.981ms total 33.036ms
2024-12-27 07:20:56.441  2633-2850  Conscrypt               com.google.android.gms.persistent    W  Could not set socket write timeout: java.net.SocketException: Socket closed
2024-12-27 07:20:56.441  2633-2850  art                     com.google.android.gms.persistent    E  invalid stream - problem with parameter iterator in /system/priv-app/PrebuiltGmsCore/PrebuiltGmsCore.apk:classes3.dex for method void com.google.android.gms.org.conscrypt.ConscryptFileDescriptorSocket.setSoWriteTimeout(int)
2024-12-27 07:20:56.442  2633-2850  Conscrypt               com.google.android.gms.persistent    W  	at com.google.android.gms.org.conscrypt.Platform.setSocketWriteTimeout(:com.google.android.gms@202414014@20.24.14 (020800-319035315):2)
2024-12-27 07:20:56.442  2633-2850  Conscrypt               com.google.android.gms.persistent    W  	at com.google.android.gms.org.conscrypt.ConscryptFileDescriptorSocket.setSoWriteTimeout(:com.google.android.gms@202414014@20.24.14 (020800-319035315))
2024-12-27 07:20:56.469  2633-2850  Conscrypt               com.google.android.gms.persistent    W  Could not set socket write timeout: java.net.SocketException: Socket closed
2024-12-27 07:20:56.469  2633-2850  art                     com.google.android.gms.persistent    E  invalid stream - problem with parameter iterator in /system/priv-app/PrebuiltGmsCore/PrebuiltGmsCore.apk:classes3.dex for method void com.google.android.gms.org.conscrypt.ConscryptFileDescriptorSocket.setSoWriteTimeout(int)
2024-12-27 07:20:56.469  2633-2850  Conscrypt               com.google.android.gms.persistent    W  	at com.google.android.gms.org.conscrypt.Platform.setSocketWriteTimeout(:com.google.android.gms@202414014@20.24.14 (020800-319035315):2)
2024-12-27 07:20:56.469  2633-2850  Conscrypt               com.google.android.gms.persistent    W  	at com.google.android.gms.org.conscrypt.ConscryptFileDescriptorSocket.setSoWriteTimeout(:com.google.android.gms@202414014@20.24.14 (020800-319035315))
2024-12-27 07:20:56.508  2633-2850  GmsTaskScheduler        com.google.android.gms.persistent    E  sendWakeUpEvent called on SchedulerClientBroadcastStrategy
2024-12-27 07:20:56.511  2633-2904  art                     com.google.android.gms.persistent    E  invalid stream - problem with parameter iterator in /system/priv-app/PrebuiltGmsCore/PrebuiltGmsCore.apk for method java.lang.Object hur.a(hux)
2024-12-27 07:20:56.511  2633-2904  GLSUser                 com.google.android.gms.persistent    W  [AppCertManager] Failed to get security token. (Ask Gemini)
                                                                                                    java.io.IOException: Invalid scope
                                                                                                    	at acub.b(:com.google.android.gms@202414014@20.24.14 (020800-319035315):23)
                                                                                                    	at acub.a(:com.google.android.gms@202414014@20.24.14 (020800-319035315):18)
                                                                                                    	at acub.a(:com.google.android.gms@202414014@20.24.14 (020800-319035315):11)
                                                                                                    	at huy.a(:com.google.android.gms@202414014@20.24.14 (020800-319035315):17)
                                                                                                    	at huw.a(:com.google.android.gms@202414014@20.24.14 (020800-319035315):45)
                                                                                                    	at hur.a(:com.google.android.gms@202414014@20.24.14 (020800-319035315))
                                                                                                    	at huu.a(:com.google.android.gms@202414014@20.24.14 (020800-319035315):10)
                                                                                                    	at gaf.call(:com.google.android.gms@202414014@20.24.14 (020800-319035315):0)
                                                                                                    	at java.util.concurrent.FutureTask.run(FutureTask.java:237)
                                                                                                    	at sbp.b(:com.google.android.gms@202414014@20.24.14 (020800-319035315):12)
                                                                                                    	at sbp.run(:com.google.android.gms@202414014@20.24.14 (020800-319035315):7)
                                                                                                    	at java.util.concurrent.ThreadPoolExecutor.runWorker(ThreadPoolExecutor.java:1112)
                                                                                                    	at java.util.concurrent.ThreadPoolExecutor$Worker.run(ThreadPoolExecutor.java:587)
                                                                                                    	at shh.run(:com.google.android.gms@202414014@20.24.14 (020800-319035315):0)
                                                                                                    	at java.lang.Thread.run(Thread.java:818)
2024-12-27 07:20:56.513  2633-2904  Auth                    com.google.android.gms.persistent    I  [ReflectiveChannelBinder] Successfully bound channel!
2024-12-27 07:20:56.589  2633-2904  Conscrypt               com.google.android.gms.persistent    W  Could not set socket write timeout: java.net.SocketException: Socket closed
2024-12-27 07:20:56.589  2633-2904  art                     com.google.android.gms.persistent    E  invalid stream - problem with parameter iterator in /system/priv-app/PrebuiltGmsCore/PrebuiltGmsCore.apk:classes3.dex for method void com.google.android.gms.org.conscrypt.ConscryptFileDescriptorSocket.setSoWriteTimeout(int)
2024-12-27 07:20:56.590  2633-2904  art                     com.google.android.gms.persistent    E  invalid stream - problem with parameter iterator in /system/priv-app/PrebuiltGmsCore/PrebuiltGmsCore.apk for method java.lang.Object hur.a(hux)
2024-12-27 07:20:56.590  2633-2904  Conscrypt               com.google.android.gms.persistent    W  	at com.google.android.gms.org.conscrypt.Platform.setSocketWriteTimeout(:com.google.android.gms@202414014@20.24.14 (020800-319035315):2)
2024-12-27 07:20:56.590  2633-2904  Conscrypt               com.google.android.gms.persistent    W  	at com.google.android.gms.org.conscrypt.ConscryptFileDescriptorSocket.setSoWriteTimeout(:com.google.android.gms@202414014@20.24.14 (020800-319035315))
2024-12-27 07:20:56.623  2633-2904  Conscrypt               com.google.android.gms.persistent    W  Could not set socket write timeout: java.net.SocketException: Socket closed
2024-12-27 07:20:56.624  2633-2904  art                     com.google.android.gms.persistent    E  invalid stream - problem with parameter iterator in /system/priv-app/PrebuiltGmsCore/PrebuiltGmsCore.apk:classes3.dex for method void com.google.android.gms.org.conscrypt.ConscryptFileDescriptorSocket.setSoWriteTimeout(int)
2024-12-27 07:20:56.624  2633-2904  art                     com.google.android.gms.persistent    E  invalid stream - problem with parameter iterator in /system/priv-app/PrebuiltGmsCore/PrebuiltGmsCore.apk for method java.lang.Object hur.a(hux)
2024-12-27 07:20:56.624  2633-2904  Conscrypt               com.google.android.gms.persistent    W  	at com.google.android.gms.org.conscrypt.Platform.setSocketWriteTimeout(:com.google.android.gms@202414014@20.24.14 (020800-319035315):2)
2024-12-27 07:20:56.624  2633-2904  Conscrypt               com.google.android.gms.persistent    W  	at com.google.android.gms.org.conscrypt.ConscryptFileDescriptorSocket.setSoWriteTimeout(:com.google.android.gms@202414014@20.24.14 (020800-319035315))
2024-12-27 07:20:56.678  2633-2904  GmsTaskScheduler        com.google.android.gms.persistent    E  sendWakeUpEvent called on SchedulerClientBroadcastStrategy
2024-12-27 07:20:56.680  2633-2904  art                     com.google.android.gms.persistent    E  invalid stream - problem with parameter iterator in /system/priv-app/PrebuiltGmsCore/PrebuiltGmsCore.apk for method java.lang.Object hur.a(hux)
2024-12-27 07:20:56.680  2633-2904  GLSUser                 com.google.android.gms.persistent    W  [AppCertManager] IOException while requesting key:  (Ask Gemini)
                                                                                                    java.io.IOException: Invalid device key response.
                                                                                                    	at huy.a(:com.google.android.gms@202414014@20.24.14 (020800-319035315):49)
                                                                                                    	at huw.a(:com.google.android.gms@202414014@20.24.14 (020800-319035315):45)
                                                                                                    	at hur.a(:com.google.android.gms@202414014@20.24.14 (020800-319035315))
                                                                                                    	at huu.a(:com.google.android.gms@202414014@20.24.14 (020800-319035315):10)
                                                                                                    	at gaf.call(:com.google.android.gms@202414014@20.24.14 (020800-319035315):0)
                                                                                                    	at java.util.concurrent.FutureTask.run(FutureTask.java:237)
                                                                                                    	at sbp.b(:com.google.android.gms@202414014@20.24.14 (020800-319035315):12)
                                                                                                    	at sbp.run(:com.google.android.gms@202414014@20.24.14 (020800-319035315):7)
                                                                                                    	at java.util.concurrent.ThreadPoolExecutor.runWorker(ThreadPoolExecutor.java:1112)
                                                                                                    	at java.util.concurrent.ThreadPoolExecutor$Worker.run(ThreadPoolExecutor.java:587)
                                                                                                    	at shh.run(:com.google.android.gms@202414014@20.24.14 (020800-319035315):0)
                                                                                                    	at java.lang.Thread.run(Thread.java:818)
2024-12-27 07:20:56.684  2633-2850  NetworkScheduler.Stats  com.google.android.gms.persistent    I  Task com.google.android.gms/com.google.android.gms.auth.account.be.legacy.AuthCronService finished executing. cause:4 result: 3 elapsed_millis: 481 uptime_millis: 481 exec_start_elapsed_seconds: 4193 [CONTEXT service_id=218 ]
2024-12-27 07:21:11.571  5336-5336  AndroidRuntime          pid-5336                             D
                                                                                                    >>>>>> AndroidRuntime START com.android.internal.os.RuntimeInit <<<<<<
2024-12-27 07:21:11.571  5338-5338  AndroidRuntime          pid-5338                             D
                                                                                                    >>>>>> AndroidRuntime START com.android.internal.os.RuntimeInit <<<<<<
2024-12-27 07:21:11.573  5336-5336  AndroidRuntime          pid-5336                             D  CheckJNI is ON
2024-12-27 07:21:11.581  5338-5338  AndroidRuntime          pid-5338                             D  CheckJNI is ON
2024-12-27 07:21:11.704  5336-5336  memtrack                pid-5336                             E  Couldn't load memtrack module (No such file or directory)
2024-12-27 07:21:11.704  5336-5336  android.os.Debug        pid-5336                             E  failed to load memtrack module: -2
2024-12-27 07:21:11.717  5338-5338  memtrack                pid-5338                             E  Couldn't load memtrack module (No such file or directory)
2024-12-27 07:21:11.717  5338-5338  android.os.Debug        pid-5338                             E  failed to load memtrack module: -2
2024-12-27 07:21:11.728  5336-5336  AndroidRuntime          pid-5336                             D  Calling main entry com.android.commands.am.Am
2024-12-27 07:21:11.733  1587-1609  ActivityManager         system_process                       I  Force stopping org.kelompok3.todolistapp appid=10058 user=0: from pid 5336
2024-12-27 07:21:11.733  1587-1609  ActivityManager         system_process                       I  Killing 5196:org.kelompok3.todolistapp/u0a58 (adj 0): stop org.kelompok3.todolistapp
2024-12-27 07:21:11.735  5338-5338  AndroidRuntime          pid-5338                             D  Calling main entry com.android.commands.am.Am
1970-01-01 07:00:00.000     0-0     <no-tag>                                                     I  ---------------------------- PROCESS ENDED (5196) for package org.kelompok3.todolistapp ----------------------------
2024-12-27 07:21:11.749  1587-2450  WindowState             system_process                       I  WIN DEATH: Window{326ca97c u0 org.kelompok3.todolistapp/org.kelompok3.todolistapp.MainActivity}
2024-12-27 07:21:11.752  1587-1609  ActivityManager         system_process                       W  Force removing ActivityRecord{10c3554c u0 org.kelompok3.todolistapp/.MainActivity t11}: app died, no saved state
2024-12-27 07:21:11.860  5336-5336  AndroidRuntime          pid-5336                             D  Shutting down VM
2024-12-27 07:21:11.861  1587-2531  ActivityManager         system_process                       I  Force stopping org.kelompok3.todolistapp appid=10058 user=0: from pid 5338
2024-12-27 07:21:12.043  5338-5338  AndroidRuntime          pid-5338                             D  Shutting down VM
2024-12-27 07:21:12.045  1587-2460  ActivityManager         system_process                       W  Spurious death for ProcessRecord{16301f07 5196:org.kelompok3.todolistapp/u0a58}, curProc for 5196: null
2024-12-27 07:21:12.137  2614-2732  EGL_emulation           com.android.launcher                 D  eglMakeCurrent: 0x7f672e83e200: ver 2 0 (tinfo 0x7f672e82c180)
2024-12-27 07:21:12.216  1587-3389  InputMetho...gerService system_process                       W  Got RemoteException sending setActive(false) notification to pid 5196 uid 10058
2024-12-27 07:21:12.362  5364-5364  AndroidRuntime          pid-5364                             D
                                                                                                    >>>>>> AndroidRuntime START com.android.internal.os.RuntimeInit <<<<<<
2024-12-27 07:21:12.363  5364-5364  AndroidRuntime          pid-5364                             D  CheckJNI is ON
2024-12-27 07:21:12.449  5364-5364  memtrack                pid-5364                             E  Couldn't load memtrack module (No such file or directory)
2024-12-27 07:21:12.450  5364-5364  android.os.Debug        pid-5364                             E  failed to load memtrack module: -2
2024-12-27 07:21:12.574  5364-5364  AndroidRuntime          pid-5364                             D  Calling main entry com.android.commands.am.Am
2024-12-27 07:21:12.607  1587-2530  ActivityManager         system_process                       I  Force stopping org.kelompok3.todolistapp appid=10058 user=0: from pid 5364
2024-12-27 07:21:13.064  5364-5364  AndroidRuntime          pid-5364                             D  Shutting down VM
2024-12-27 07:21:13.089  5364-5373  art                     pid-5364                             I  Debugger is no longer active
2024-12-27 07:21:13.175  2227-2724  EGL_emulation           com.android.systemui                 D  eglMakeCurrent: 0x7f673a02e200: ver 2 0 (tinfo 0x7f673a00fe00)
2024-12-27 07:21:13.204  2227-2724  EGL_emulation           com.android.systemui                 D  eglMakeCurrent: 0x7f673a02e200: ver 2 0 (tinfo 0x7f673a00fe00)
2024-12-27 07:21:13.216  2227-2724  EGL_emulation           com.android.systemui                 D  eglMakeCurrent: 0x7f673a02e200: ver 2 0 (tinfo 0x7f673a00fe00)
2024-12-27 07:21:13.234  2227-2724  EGL_emulation           com.android.systemui                 D  eglMakeCurrent: 0x7f673a02e200: ver 2 0 (tinfo 0x7f673a00fe00)
2024-12-27 07:21:13.440  5384-5384  AndroidRuntime          pid-5384                             D
                                                                                                    >>>>>> AndroidRuntime START com.android.internal.os.RuntimeInit <<<<<<
2024-12-27 07:21:13.443  5384-5384  AndroidRuntime          pid-5384                             D  CheckJNI is ON
2024-12-27 07:21:13.499  5384-5384  memtrack                pid-5384                             E  Couldn't load memtrack module (No such file or directory)
2024-12-27 07:21:13.499  5384-5384  android.os.Debug        pid-5384                             E  failed to load memtrack module: -2
2024-12-27 07:21:13.525  5384-5384  AndroidRuntime          pid-5384                             D  Calling main entry com.android.commands.pm.Pm
2024-12-27 07:21:13.538  5384-5384  AndroidRuntime          pid-5384                             D  Shutting down VM
2024-12-27 07:21:13.546  5384-5390  art                     pid-5384                             I  Debugger is no longer active
2024-12-27 07:21:13.853  5398-5398  AndroidRuntime          pid-5398                             D
                                                                                                    >>>>>> AndroidRuntime START com.android.internal.os.RuntimeInit <<<<<<
2024-12-27 07:21:13.854  5398-5398  AndroidRuntime          pid-5398                             D  CheckJNI is ON
2024-12-27 07:21:13.912  5398-5398  memtrack                pid-5398                             E  Couldn't load memtrack module (No such file or directory)
2024-12-27 07:21:13.912  5398-5398  android.os.Debug        pid-5398                             E  failed to load memtrack module: -2
2024-12-27 07:21:13.927  5398-5398  AndroidRuntime          pid-5398                             D  Calling main entry com.android.commands.pm.Pm
2024-12-27 07:21:13.937  1182-1182  installd                pid-1182                             I  free_cache(7945142) avail 1464598528
2024-12-27 07:21:14.164  5398-5398  AndroidRuntime          pid-5398                             D  Shutting down VM
2024-12-27 07:21:14.172  5398-5407  art                     pid-5398                             I  Debugger is no longer active
2024-12-27 07:21:14.462  5416-5416  AndroidRuntime          pid-5416                             D
                                                                                                    >>>>>> AndroidRuntime START com.android.internal.os.RuntimeInit <<<<<<
2024-12-27 07:21:14.463  5416-5416  AndroidRuntime          pid-5416                             D  CheckJNI is ON
2024-12-27 07:21:14.511  5416-5416  memtrack                pid-5416                             E  Couldn't load memtrack module (No such file or directory)
2024-12-27 07:21:14.511  5416-5416  android.os.Debug        pid-5416                             E  failed to load memtrack module: -2
2024-12-27 07:21:14.531  5416-5416  AndroidRuntime          pid-5416                             D  Calling main entry com.android.commands.pm.Pm
2024-12-27 07:21:14.887  1587-1626  PackageManager          system_process                       D  /data/app/vmdl288298097.tmp already staged; skipping copy
2024-12-27 07:21:15.263  1587-1626  PackageManager          system_process                       D  Renaming /data/app/vmdl288298097.tmp to /data/app/org.kelompok3.todolistapp-2
2024-12-27 07:21:15.264  1587-1613  ActivityManager         system_process                       I  Force stopping org.kelompok3.todolistapp appid=10058 user=-1: uninstall pkg
2024-12-27 07:21:15.285  1587-1626  PackageManager          system_process                       I  Package org.kelompok3.todolistapp codePath changed from /data/app/org.kelompok3.todolistapp-1 to /data/app/org.kelompok3.todolistapp-2; Retaining data and using new
2024-12-27 07:21:15.292  1587-1626  art                     system_process                       I  DexFile_isDexOptNeeded failed to open oat file '/data/dalvik-cache/x86_64/data@app@org.kelompok3.todolistapp-2@base.apk@classes.dex' for file location '/data/app/org.kelompok3.todolistapp-2/base.apk': Failed to open oat filename for reading: No such file or directory
2024-12-27 07:21:15.292  1587-1626  art                     system_process                       I  DexFile_isDexOptNeeded failed to open oat file '/data/app/org.kelompok3.todolistapp-2/x86_64/base.odex' for file location '/data/app/org.kelompok3.todolistapp-2/base.apk': Failed to open oat filename for reading: No such file or directory
2024-12-27 07:21:15.292  1587-1626  PackageManager          system_process                       I  Running dexopt on: /data/app/org.kelompok3.todolistapp-2/base.apk pkg=org.kelompok3.todolistapp isa=x86_64 vmSafeMode=false
2024-12-27 07:21:15.303  5431-5431  cutils-trace            pid-5431                             E  Error opening trace file: Permission denied (13)
2024-12-27 07:21:15.304  5431-5431  dex2oat                 pid-5431                             I  /system/bin/dex2oat --zip-fd=5 --zip-location=/data/app/org.kelompok3.todolistapp-2/base.apk --oat-fd=6 --oat-location=/data/dalvik-cache/x86_64/data@app@org.kelompok3.todolistapp-2@base.apk@classes.dex --instruction-set=x86_64 --instruction-set-features=default --runtime-arg -Xms64m --runtime-arg -Xmx512m
2024-12-27 07:21:15.693  5431-5435  dex2oat                 pid-5431                             W  Before Android 4.1, method int androidx.appcompat.widget.DropDownListView.lookForSelectablePosition(int, boolean) would have incorrectly overridden the package-private method in android.widget.ListView
2024-12-27 07:21:15.695  5431-5431  dex2oat                 pid-5431                             W  Before Android 4.1, method int androidx.appcompat.widget.MenuPopupWindow$MenuDropDownListView.lookForSelectablePosition(int, boolean) would have incorrectly overridden the package-private method in android.widget.ListView
2024-12-27 07:21:15.789  5431-5435  dex2oat                 pid-5431                             W  Before Android 4.1, method android.graphics.PorterDuffColorFilter androidx.vectordrawable.graphics.drawable.VectorDrawableCompat.updateTintFilter(android.graphics.PorterDuffColorFilter, android.content.res.ColorStateList, android.graphics.PorterDuff$Mode) would have incorrectly overridden the package-private method in android.graphics.drawable.Drawable
2024-12-27 07:21:15.880  5431-5434  dex2oat                 pid-5431                             W  Before Android 4.1, method android.graphics.drawable.Drawable com.google.android.material.progressindicator.BaseProgressIndicator.getCurrentDrawable() would have incorrectly overridden the package-private method in android.widget.ProgressBar
2024-12-27 07:21:24.539  5431-5431  dex2oat                 pid-5431                             I  dex2oat took 9.235s (threads: 4)
2024-12-27 07:21:24.550  1587-1626  PackageManager          system_process                       W  Code path for pkg : org.kelompok3.todolistapp changing from /data/app/org.kelompok3.todolistapp-1 to /data/app/org.kelompok3.todolistapp-2
2024-12-27 07:21:24.550  1587-1626  PackageManager          system_process                       W  Resource path for pkg : org.kelompok3.todolistapp changing from /data/app/org.kelompok3.todolistapp-1 to /data/app/org.kelompok3.todolistapp-2
2024-12-27 07:21:24.550  1587-1613  ActivityManager         system_process                       I  Force stopping org.kelompok3.todolistapp appid=10058 user=-1: update pkg
2024-12-27 07:21:24.598  1587-1626  ActivityManager         system_process                       I  Force stopping org.kelompok3.todolistapp appid=10058 user=0: pkg removed
2024-12-27 07:21:24.606  1587-1717  InputReader             system_process                       I  Reconfiguring input devices.  changes=0x00000010
2024-12-27 07:21:24.614  1587-1717  InputReader             system_process                       I  Reconfiguring input devices.  changes=0x00000010
2024-12-27 07:21:24.619  1587-1626  Settings                system_process                       W  Setting install_non_market_apps has moved from android.provider.Settings.Global to android.provider.Settings.Secure, returning read-only value.
2024-12-27 07:21:24.621  1587-1717  InputReader             system_process                       I  Reconfiguring input devices.  changes=0x00000010
2024-12-27 07:21:24.633  1587-1587  art                     system_process                       I  WaitForGcToComplete blocked for 31.768ms for cause Explicit
2024-12-27 07:21:24.635  4911-4911  art                     com.google.android.gms               I  Explicit concurrent mark sweep GC freed 1229(45KB) AllocSpace objects, 0(0B) LOS objects, 12% free, 13MB/15MB, paused 980us total 33.854ms
2024-12-27 07:21:24.652  4276-4276  ContextImpl             com.android.keychain                 W  Calling a method in the system process without a qualified user: android.app.ContextImpl.startService:1686 android.content.ContextWrapper.startService:515 android.content.ContextWrapper.startService:515 com.android.keychain.KeyChainBroadcastReceiver.onReceive:12 android.app.ActivityThread.handleReceiver:2579
2024-12-27 07:21:24.673  2633-5441  Fitness                 com.google.android.gms.persistent    I  FitCleanupIntentOperation received Intent android.intent.action.PACKAGE_REMOVED [CONTEXT service_id=17 ]
2024-12-27 07:21:24.687  1587-1612  VoiceInter...gerService system_process                       W  no available voice recognition services found for user 0
2024-12-27 07:21:24.718  1587-1587  art                     system_process                       I  Explicit concurrent mark sweep GC freed 5222(281KB) AllocSpace objects, 1(16KB) LOS objects, 26% free, 11MB/15MB, paused 1.491ms total 72.662ms
2024-12-27 07:21:24.718  1587-1587  BackupManagerService    system_process                       D  Received broadcast Intent { act=android.intent.action.PACKAGE_REMOVED dat=package:org.kelompok3.todolistapp flg=0x4000010 (has extras) }
2024-12-27 07:21:24.718  1587-1587  JobSchedulerService     system_process                       D  Receieved: android.intent.action.PACKAGE_REMOVED
2024-12-27 07:21:24.720  1587-1626  art                     system_process                       I  WaitForGcToComplete blocked for 100.214ms for cause Explicit
2024-12-27 07:21:24.720  4911-5456  Auth                    com.google.android.gms               I  [SupervisedAccountIntentOperation] onHandleIntent(): android.intent.action.PACKAGE_ADDED
2024-12-27 07:21:24.748  4911-5444  ChromeSync              com.google.android.gms               I  [Sync,SyncIntentOperation] Handling the intent: Intent { act=android.intent.action.PACKAGE_ADDED dat=package:org.kelompok3.todolistapp flg=0x4000010 cmp=com.google.android.gms/.chimera.GmsIntentOperationService (has extras) }.
2024-12-27 07:21:24.758  1587-1587  BackupManagerService    system_process                       D  Received broadcast Intent { act=android.intent.action.PACKAGE_ADDED dat=package:org.kelompok3.todolistapp flg=0x4000010 (has extras) }
2024-12-27 07:21:24.758  1587-1587  BackupManagerService    system_process                       W  Removing schedule queue dupe of org.kelompok3.todolistapp
2024-12-27 07:21:24.760  1587-2529  ActivityManager         system_process                       W  Unable to start service Intent { act=com.google.android.gms.auth.key.retrieval.service.START pkg=com.google.android.gms } U=0: not found
2024-12-27 07:21:24.761  1587-2460  ActivityManager         system_process                       W  Unbind failed: could not find connection for android.os.BinderProxy@1f45edd5
2024-12-27 07:21:24.761  4911-4989  GmsClient               com.google.android.gms               E  unable to connect to service: com.google.android.gms.auth.key.retrieval.service.START on com.google.android.gms
2024-12-27 07:21:24.781  4911-5444  ChromeSync              com.google.android.gms               I  [Persistence,AffiliationManager] One of affiliation or grouping data for android://CDmcdx89955snvGBQv-DmCtOOmRMMcvvikHDStUUIA6OjeSy1B5beTHiIfbzU-TLHS_zWm66iDs_4SKfLgH28Q==@org.kelompok3.todolistapp/ was not found. Marking affiliation data as stale...
2024-12-27 07:21:24.825  1587-1626  art                     system_process                       I  Explicit concurrent mark sweep GC freed 4040(224KB) AllocSpace objects, 0(0B) LOS objects, 26% free, 11MB/15MB, paused 2.601ms total 104.849ms
2024-12-27 07:21:24.848  5416-5416  AndroidRuntime          pid-5416                             D  Shutting down VM
2024-12-27 07:21:24.851  4911-5018  Icing                   com.google.android.gms               I  IndexChimeraService.getServiceInterface callingPackage=com.google.android.gms componentName=AppsCorpus serviceId=36
2024-12-27 07:21:24.854  5416-5422  art                     pid-5416                             I  Debugger is no longer active
2024-12-27 07:21:24.874  2614-2732  OpenGLRenderer          com.android.launcher                 W  Incorrectly called buildLayer on View: ShortcutAndWidgetContainer, destroying layer...
2024-12-27 07:21:24.883  4911-5447  FontLog                 com.google.android.gms               I  Package org.kelompok3.todolistapp has no metadata [CONTEXT service_id=132 ]
2024-12-27 07:21:24.927  4911-4993  Icing                   com.google.android.gms               I  Usage reports ok 0, Failed Usage reports 0, indexed 0, rejected 0
2024-12-27 07:21:24.947  4911-5018  Icing                   com.google.android.gms               I  IndexChimeraService.getServiceInterface callingPackage=com.google.android.gms componentName=null serviceId=30
2024-12-27 07:21:24.950  4911-4993  Icing                   com.google.android.gms               I  Indexing com.google.android.gms-internal.3p:MobileApplication from com.google.android.gms using seqno 65
2024-12-27 07:21:24.953  4911-4993  Icing                   com.google.android.gms               I  Indexing com.google.android.gms-internal.3p:MobileApplication from com.google.android.gms using seqno 65
2024-12-27 07:21:24.979  4911-4993  Icing                   com.google.android.gms               I  Indexing com.google.android.gms-apps from com.google.android.gms
2024-12-27 07:21:25.009  4911-4993  Icing                   com.google.android.gms               I  Usage reports ok 0, Failed Usage reports 0, indexed 0, rejected 0
2024-12-27 07:21:25.012  4911-4993  Icing                   com.google.android.gms               I  Indexing done com.google.android.gms-apps
2024-12-27 07:21:25.013  4911-4993  Icing                   com.google.android.gms               I  Indexing com.google.android.gms-apps from com.google.android.gms
2024-12-27 07:21:25.014  4911-4993  Icing                   com.google.android.gms               I  Indexing done com.google.android.gms-apps
2024-12-27 07:21:25.169  5460-5460  AndroidRuntime          pid-5460                             D
                                                                                                    >>>>>> AndroidRuntime START com.android.internal.os.RuntimeInit <<<<<<
2024-12-27 07:21:25.171  5460-5460  AndroidRuntime          pid-5460                             D  CheckJNI is ON
2024-12-27 07:21:25.219  5460-5460  memtrack                pid-5460                             E  Couldn't load memtrack module (No such file or directory)
2024-12-27 07:21:25.219  5460-5460  android.os.Debug        pid-5460                             E  failed to load memtrack module: -2
2024-12-27 07:21:25.236  5460-5460  AndroidRuntime          pid-5460                             D  Calling main entry com.android.commands.am.Am
2024-12-27 07:21:25.246  1587-2530  ActivityManager         system_process                       I  START u0 {act=android.intent.action.MAIN cat=[android.intent.category.LAUNCHER] flg=0x10000000 cmp=org.kelompok3.todolistapp/.MainActivity} from uid 0 on display 0
2024-12-27 07:21:25.252  5460-5460  AndroidRuntime          pid-5460                             D  Shutting down VM
2024-12-27 07:21:25.257  5460-5466  art                     pid-5460                             I  Debugger is no longer active
2024-12-27 07:21:25.278  5474-5474  art                     pid-5474                             I  Not late-enabling -Xcheck:jni (already on)
2024-12-27 07:21:25.283  1587-2460  ActivityManager         system_process                       I  Start proc org.kelompok3.todolistapp for activity org.kelompok3.todolistapp/.MainActivity: pid=5474 uid=10058 gids={50058, 9997} abi=x86_64
1970-01-01 07:00:00.000     0-0     <no-tag>                                                     I  ---------------------------- PROCESS STARTED (5474) for package org.kelompok3.todolistapp ----------------------------
2024-12-27 07:21:25.302  1168-2734  gralloc_ranchu          pid-1168                             D  gralloc_alloc: Creating ashmem region of size 10371072
2024-12-27 07:21:25.364  2614-2732  EGL_emulation           com.android.launcher                 D  eglMakeCurrent: 0x7f672e83e200: ver 2 0 (tinfo 0x7f672e82c180)
2024-12-27 07:21:25.418  2227-2724  EGL_emulation           com.android.systemui                 D  eglMakeCurrent: 0x7f673a02e200: ver 2 0 (tinfo 0x7f673a00fe00)
2024-12-27 07:21:25.438  2227-2724  EGL_emulation           com.android.systemui                 D  eglMakeCurrent: 0x7f673a02e200: ver 2 0 (tinfo 0x7f673a00fe00)
2024-12-27 07:21:25.447  2227-2724  EGL_emulation           com.android.systemui                 D  eglMakeCurrent: 0x7f673a02e200: ver 2 0 (tinfo 0x7f673a00fe00)
2024-12-27 07:21:25.456  5474-5474  AppCompatDelegate       org.kelompok3.todolistapp            D  Checking for metadata for AppLocalesMetadataHolderService : Service not found
2024-12-27 07:21:25.475  2227-2724  EGL_emulation           com.android.systemui                 D  eglMakeCurrent: 0x7f673a02e200: ver 2 0 (tinfo 0x7f673a00fe00)
2024-12-27 07:21:25.483  5474-5474  art                     org.kelompok3.todolistapp            W  Before Android 4.1, method android.graphics.PorterDuffColorFilter androidx.vectordrawable.graphics.drawable.VectorDrawableCompat.updateTintFilter(android.graphics.PorterDuffColorFilter, android.content.res.ColorStateList, android.graphics.PorterDuff$Mode) would have incorrectly overridden the package-private method in android.graphics.drawable.Drawable
2024-12-27 07:21:25.488  2227-2724  EGL_emulation           com.android.systemui                 D  eglMakeCurrent: 0x7f673a02e200: ver 2 0 (tinfo 0x7f673a00fe00)
2024-12-27 07:21:25.523  2227-2724  EGL_emulation           com.android.systemui                 D  eglMakeCurrent: 0x7f673a02e200: ver 2 0 (tinfo 0x7f673a00fe00)
2024-12-27 07:21:25.535  2227-2724  EGL_emulation           com.android.systemui                 D  eglMakeCurrent: 0x7f673a02e200: ver 2 0 (tinfo 0x7f673a00fe00)
2024-12-27 07:21:25.563  2227-2724  EGL_emulation           com.android.systemui                 D  eglMakeCurrent: 0x7f673a02e200: ver 2 0 (tinfo 0x7f673a00fe00)
2024-12-27 07:21:25.574  2227-2724  EGL_emulation           com.android.systemui                 D  eglMakeCurrent: 0x7f673a02e200: ver 2 0 (tinfo 0x7f673a00fe00)
2024-12-27 07:21:25.597  2227-2724  EGL_emulation           com.android.systemui                 D  eglMakeCurrent: 0x7f673a02e200: ver 2 0 (tinfo 0x7f673a00fe00)
2024-12-27 07:21:25.607  2227-2724  EGL_emulation           com.android.systemui                 D  eglMakeCurrent: 0x7f673a02e200: ver 2 0 (tinfo 0x7f673a00fe00)
2024-12-27 07:21:25.638  2227-2724  EGL_emulation           com.android.systemui                 D  eglMakeCurrent: 0x7f673a02e200: ver 2 0 (tinfo 0x7f673a00fe00)
2024-12-27 07:21:25.900  5474-5495  OpenGLRenderer          org.kelompok3.todolistapp            D  Render dirty regions requested: true
2024-12-27 07:21:25.905  5474-5474  <no-tag>                org.kelompok3.todolistapp            D  HostConnection::get() New Host Connection established 0x7f672cfd8320, tid 5474
2024-12-27 07:21:25.906  5474-5474  Atlas                   org.kelompok3.todolistapp            D  Validating map...
2024-12-27 07:21:25.966  5474-5495  <no-tag>                org.kelompok3.todolistapp            D  HostConnection::get() New Host Connection established 0x7f674044f660, tid 5495
2024-12-27 07:21:25.972  5474-5495  OpenGLRenderer          org.kelompok3.todolistapp            I  Initialized EGL, version 1.4
2024-12-27 07:21:25.973  5474-5495  OpenGLRenderer          org.kelompok3.todolistapp            W  Failed to choose config with EGL_SWAP_BEHAVIOR_PRESERVED, retrying without...
2024-12-27 07:21:26.001  5474-5495  EGL_emulation           org.kelompok3.todolistapp            D  eglCreateContext: 0x7f672c745200: maj 2 min 0 rcv 2
2024-12-27 07:21:26.047  5474-5495  EGL_emulation           org.kelompok3.todolistapp            D  eglMakeCurrent: 0x7f672c745200: ver 2 0 (tinfo 0x7f672c72c180)
2024-12-27 07:21:26.055  5474-5495  OpenGLRenderer          org.kelompok3.todolistapp            D  Enabling debug mode 0
2024-12-27 07:21:26.072  5474-5495  EGL_emulation           org.kelompok3.todolistapp            D  eglMakeCurrent: 0x7f672c745200: ver 2 0 (tinfo 0x7f672c72c180)
2024-12-27 07:21:26.360  1587-1621  ActivityManager         system_process                       I  Displayed org.kelompok3.todolistapp/.MainActivity: +1s107ms
2024-12-27 07:21:28.753  1587-2061  TaskPersister           system_process                       D  removeObsoleteFile: deleting file=11_task.xml
2024-12-27 07:21:39.713  1587-2188  ActivityManager         system_process                       I  START u0 {cmp=org.kelompok3.todolistapp/.TaskEditor (has extras)} from uid 10058 on display 0
2024-12-27 07:21:39.716  1587-2044  AudioTrack              system_process                       W  AUDIO_OUTPUT_FLAG_FAST denied by client
2024-12-27 07:21:39.806  5474-5474  art                     org.kelompok3.todolistapp            I  Rejecting re-init on previously-failed class java.lang.Class<androidx.vectordrawable.graphics.drawable.Animatable2Compat$AnimationCallback$1>
2024-12-27 07:21:39.807  5474-5474  art                     org.kelompok3.todolistapp            I  Rejecting re-init on previously-failed class java.lang.Class<androidx.vectordrawable.graphics.drawable.Animatable2Compat$AnimationCallback$1>
2024-12-27 07:21:39.994  5474-5495  EGL_emulation           org.kelompok3.todolistapp            D  eglMakeCurrent: 0x7f672c745200: ver 2 0 (tinfo 0x7f672c72c180)
2024-12-27 07:21:40.112  1587-1621  ActivityManager         system_process                       I  Displayed org.kelompok3.todolistapp/.TaskEditor: +393ms
2024-12-27 07:21:40.302  5474-5482  art                     org.kelompok3.todolistapp            I  Debugger is no longer active
2024-12-27 07:21:43.534  2275-5238  LatinIME:LogUtils       com.android.inputmethod.latin        I  Dictionary info: dictionary = spellcheck_userunigram.en_US ; version = 1735258903 ; date = ?
2024-12-27 07:21:43.537  2275-5239  LatinIME:LogUtils       com.android.inputmethod.latin        I  Dictionary info: dictionary = spellcheck_contacts.en_US ; version = 1735258903 ; date = ?
2024-12-27 07:21:43.547  2275-2567  LatinIME:LogUtils       com.android.inputmethod.latin        I  Dictionary info: dictionary = main:en ; version = 47 ; date = 1402373178
2024-12-27 07:21:48.959  2275-2275  LatinIME                com.android.inputmethod.latin        I  Starting input. Cursor position = 0,0
2024-12-27 07:21:49.024  2275-5235  EGL_emulation           com.android.inputmethod.latin        D  eglMakeCurrent: 0x7f672d6b7200: ver 2 0 (tinfo 0x7f6739d0fe20)
2024-12-27 07:21:49.030  2227-2724  EGL_emulation           com.android.systemui                 D  eglMakeCurrent: 0x7f673a02e200: ver 2 0 (tinfo 0x7f673a00fe00)
2024-12-27 07:21:54.799  1587-2044  AudioTrack              system_process                       W  AUDIO_OUTPUT_FLAG_FAST denied by client
