2024-12-27 07:04:58.505  5196-5217  EGL_emulation           org.kelompok3.todolistapp            D  eglMakeCurrent: 0x7f672c745200: ver 2 0 (tinfo 0x7f672c72c180)
2024-12-27 07:04:58.598  1587-2120  art                     system_process                       I  Explicit concurrent mark sweep GC freed 34350(1836KB) AllocSpace objects, 17(269KB) LOS objects, 26% free, 11MB/15MB, paused 3.127ms total 34.115ms
2024-12-27 07:04:58.617  5196-5217  EGL_emulation           org.kelompok3.todolistapp            D  eglMakeCurrent: 0x7f672c745200: ver 2 0 (tinfo 0x7f672c72c180)
2024-12-27 07:04:58.665  5196-5217  EGL_emulation           org.kelompok3.todolistapp            D  eglMakeCurrent: 0x7f672c745200: ver 2 0 (tinfo 0x7f672c72c180)
2024-12-27 07:04:58.719  5196-5217  EGL_emulation           org.kelompok3.todolistapp            D  eglMakeCurrent: 0x7f672c745200: ver 2 0 (tinfo 0x7f672c72c180)
2024-12-27 07:04:58.734  5196-5217  EGL_emulation           org.kelompok3.todolistapp            D  eglMakeCurrent: 0x7f672c745200: ver 2 0 (tinfo 0x7f672c72c180)
2024-12-27 07:04:58.771  5196-5217  EGL_emulation           org.kelompok3.todolistapp            D  eglMakeCurrent: 0x7f672c745200: ver 2 0 (tinfo 0x7f672c72c180)
2024-12-27 07:04:58.788  5196-5217  EGL_emulation           org.kelompok3.todolistapp            D  eglMakeCurrent: 0x7f672c745200: ver 2 0 (tinfo 0x7f672c72c180)
2024-12-27 07:04:58.995  5196-5217  EGL_emulation           org.kelompok3.todolistapp            D  eglMakeCurrent: 0x7f672c745200: ver 2 0 (tinfo 0x7f672c72c180)
2024-12-27 07:04:59.344  5196-5217  EGL_emulation           org.kelompok3.todolistapp            D  eglMakeCurrent: 0x7f672c745200: ver 2 0 (tinfo 0x7f672c72c180)
2024-12-27 07:05:00.003  2275-5235  EGL_emulation           com.android.inputmethod.latin        D  eglMakeCurrent: 0x7f672d6b7200: ver 2 0 (tinfo 0x7f6739d0fe20)
2024-12-27 07:05:00.010  2227-2724  EGL_emulation           com.android.systemui                 D  eglMakeCurrent: 0x7f673a02e200: ver 2 0 (tinfo 0x7f673a00fe00)
2024-12-27 07:05:05.260  1587-3174  ActivityManager         system_process                       I  START u0 {cmp=org.kelompok3.todolistapp/.TaskEditor (has extras)} from uid 10058 on display 0
2024-12-27 07:05:05.262  1587-2044  AudioTrack              system_process                       W  AUDIO_OUTPUT_FLAG_FAST denied by client
2024-12-27 07:05:05.539  5196-5217  EGL_emulation           org.kelompok3.todolistapp            D  eglMakeCurrent: 0x7f672c745200: ver 2 0 (tinfo 0x7f672c72c180)
2024-12-27 07:05:05.663  1587-1621  ActivityManager         system_process                       I  Displayed org.kelompok3.todolistapp/.TaskEditor: +397ms
2024-12-27 07:05:17.668  2275-5238  LatinIME:LogUtils       com.android.inputmethod.latin        I  Dictionary info: dictionary = spellcheck_userunigram.en_US ; version = 1735257917 ; date = ?
2024-12-27 07:05:17.668  2275-5239  LatinIME:LogUtils       com.android.inputmethod.latin        I  Dictionary info: dictionary = spellcheck_contacts.en_US ; version = 1735257917 ; date = ?
2024-12-27 07:05:17.681  2275-2567  LatinIME:LogUtils       com.android.inputmethod.latin        I  Dictionary info: dictionary = main:en ; version = 47 ; date = 1402373178
2024-12-27 07:05:20.006  1587-2044  AudioTrack              system_process                       W  AUDIO_OUTPUT_FLAG_FAST denied by client
2024-12-27 07:05:20.081  5196-5217  EGL_emulation           org.kelompok3.todolistapp            D  eglMakeCurrent: 0x7f672c745200: ver 2 0 (tinfo 0x7f672c72c180)
2024-12-27 07:05:20.190  5196-5217  EGL_emulation           org.kelompok3.todolistapp            D  eglMakeCurrent: 0x7f672c745200: ver 2 0 (tinfo 0x7f672c72c180)
2024-12-27 07:05:20.212  5196-5217  EGL_emulation           org.kelompok3.todolistapp            D  eglMakeCurrent: 0x7f672c745200: ver 2 0 (tinfo 0x7f672c72c180)
2024-12-27 07:05:23.082  1587-2044  AudioTrack              system_process                       W  AUDIO_OUTPUT_FLAG_FAST denied by client
2024-12-27 07:05:23.139  5196-5217  OpenGLRenderer          org.kelompok3.todolistapp            D  endAllStagingAnimators on 0x7f672b634400 (RippleDrawable) with handle 0x7f672af74cc0
2024-12-27 07:05:23.149  5196-5217  EGL_emulation           org.kelompok3.todolistapp            D  eglMakeCurrent: 0x7f672c745200: ver 2 0 (tinfo 0x7f672c72c180)
2024-12-27 07:05:23.151  1587-2531  InputMetho...gerService system_process                       W  Window already focused, ignoring focus gain of: com.android.internal.view.IInputMethodClient$Stub$Proxy@27897de7 attribute=null, token = android.os.BinderProxy@3288c282
2024-12-27 07:05:29.143  1587-2044  AudioTrack              system_process                       W  AUDIO_OUTPUT_FLAG_FAST denied by client
2024-12-27 07:05:29.172  5196-5217  EGL_emulation           org.kelompok3.todolistapp            D  eglMakeCurrent: 0x7f672c745200: ver 2 0 (tinfo 0x7f672c72c180)
2024-12-27 07:05:29.180  5196-5217  EGL_emulation           org.kelompok3.todolistapp            D  eglMakeCurrent: 0x7f672c745200: ver 2 0 (tinfo 0x7f672c72c180)
2024-12-27 07:05:29.214  5196-5217  EGL_emulation           org.kelompok3.todolistapp            D  eglMakeCurrent: 0x7f672c745200: ver 2 0 (tinfo 0x7f672c72c180)
2024-12-27 07:05:29.233  5196-5217  EGL_emulation           org.kelompok3.todolistapp            D  eglMakeCurrent: 0x7f672c745200: ver 2 0 (tinfo 0x7f672c72c180)
2024-12-27 07:05:29.253  5196-5217  EGL_emulation           org.kelompok3.todolistapp            D  eglMakeCurrent: 0x7f672c745200: ver 2 0 (tinfo 0x7f672c72c180)
2024-12-27 07:05:29.259  5196-5217  EGL_emulation           org.kelompok3.todolistapp            D  eglMakeCurrent: 0x7f672c745200: ver 2 0 (tinfo 0x7f672c72c180)
2024-12-27 07:05:29.272  5196-5217  EGL_emulation           org.kelompok3.todolistapp            D  eglMakeCurrent: 0x7f672c745200: ver 2 0 (tinfo 0x7f672c72c180)
2024-12-27 07:05:29.280  5196-5217  EGL_emulation           org.kelompok3.todolistapp            D  eglMakeCurrent: 0x7f672c745200: ver 2 0 (tinfo 0x7f672c72c180)
2024-12-27 07:05:29.292  5196-5217  OpenGLRenderer          org.kelompok3.todolistapp            D  endAllStagingAnimators on 0x7f672aac4400 (RippleDrawable) with handle 0x7f672cfc57a0
2024-12-27 07:05:29.530  5196-5217  EGL_emulation           org.kelompok3.todolistapp            D  eglMakeCurrent: 0x7f672c745200: ver 2 0 (tinfo 0x7f672c72c180)
2024-12-27 07:05:30.377  5196-5217  EGL_emulation           org.kelompok3.todolistapp            D  eglMakeCurrent: 0x7f672c745200: ver 2 0 (tinfo 0x7f672c72c180)
2024-12-27 07:05:33.908  1587-1608  ActivityManager         system_process                       I  START u0 {cmp=org.kelompok3.todolistapp/.TaskEditor (has extras)} from uid 10058 on display 0
2024-12-27 07:05:33.909  1587-2044  AudioTrack              system_process                       W  AUDIO_OUTPUT_FLAG_FAST denied by client
2024-12-27 07:05:34.086  5196-5217  EGL_emulation           org.kelompok3.todolistapp            D  eglMakeCurrent: 0x7f672c745200: ver 2 0 (tinfo 0x7f672c72c180)
2024-12-27 07:05:34.195  1587-1621  ActivityManager         system_process                       I  Displayed org.kelompok3.todolistapp/.TaskEditor: +284ms
2024-12-27 07:05:35.771  2275-2275  LatinIME                com.android.inputmethod.latin        I  Starting input. Cursor position = 0,0
2024-12-27 07:05:35.820  2275-5235  EGL_emulation           com.android.inputmethod.latin        D  eglMakeCurrent: 0x7f672d6b7200: ver 2 0 (tinfo 0x7f6739d0fe20)
2024-12-27 07:05:35.826  2227-2724  EGL_emulation           com.android.systemui                 D  eglMakeCurrent: 0x7f673a02e200: ver 2 0 (tinfo 0x7f673a00fe00)
2024-12-27 07:05:40.252  5196-5217  EGL_emulation           org.kelompok3.todolistapp            D  eglMakeCurrent: 0x7f672c745200: ver 2 0 (tinfo 0x7f672c72c180)
2024-12-27 07:06:00.010  2227-2724  EGL_emulation           com.android.systemui                 D  eglMakeCurrent: 0x7f673a02e200: ver 2 0 (tinfo 0x7f673a00fe00)
2024-12-27 07:06:04.507  1587-2530  ActivityManager         system_process                       I  START u0 {cmp=org.kelompok3.todolistapp/.TaskEditor (has extras)} from uid 10058 on display 0
2024-12-27 07:06:04.508  1587-2044  AudioTrack              system_process                       W  AUDIO_OUTPUT_FLAG_FAST denied by client
2024-12-27 07:06:04.670  5196-5217  EGL_emulation           org.kelompok3.todolistapp            D  eglMakeCurrent: 0x7f672c745200: ver 2 0 (tinfo 0x7f672c72c180)
2024-12-27 07:06:04.754  1587-1621  ActivityManager         system_process                       I  Displayed org.kelompok3.todolistapp/.TaskEditor: +241ms
2024-12-27 07:06:07.116  2275-2275  LatinIME                com.android.inputmethod.latin        I  Starting input. Cursor position = 0,0
2024-12-27 07:06:07.143  2227-2724  EGL_emulation           com.android.systemui                 D  eglMakeCurrent: 0x7f673a02e200: ver 2 0 (tinfo 0x7f673a00fe00)
2024-12-27 07:06:07.157  2275-5235  EGL_emulation           com.android.inputmethod.latin        D  eglMakeCurrent: 0x7f672d6b7200: ver 2 0 (tinfo 0x7f6739d0fe20)
2024-12-27 07:06:09.010  2275-5238  LatinIME:LogUtils       com.android.inputmethod.latin        I  Dictionary info: dictionary = spellcheck_userunigram.en_US ; version = 1735257969 ; date = ?
2024-12-27 07:06:09.010  2275-5239  LatinIME:LogUtils       com.android.inputmethod.latin        I  Dictionary info: dictionary = spellcheck_contacts.en_US ; version = 1735257969 ; date = ?
2024-12-27 07:06:09.022  2275-2567  LatinIME:LogUtils       com.android.inputmethod.latin        I  Dictionary info: dictionary = main:en ; version = 47 ; date = 1402373178
2024-12-27 07:06:10.725  2275-2275  LatinIME                com.android.inputmethod.latin        I  Starting input. Cursor position = 0,0
2024-12-27 07:06:14.533  1587-2044  AudioTrack              system_process                       W  AUDIO_OUTPUT_FLAG_FAST denied by client
2024-12-27 07:06:14.595  5196-5217  EGL_emulation           org.kelompok3.todolistapp            D  eglMakeCurrent: 0x7f672c745200: ver 2 0 (tinfo 0x7f672c72c180)
2024-12-27 07:06:14.682  5196-5217  EGL_emulation           org.kelompok3.todolistapp            D  eglMakeCurrent: 0x7f672c745200: ver 2 0 (tinfo 0x7f672c72c180)
2024-12-27 07:06:14.694  5196-5217  EGL_emulation           org.kelompok3.todolistapp            D  eglMakeCurrent: 0x7f672c745200: ver 2 0 (tinfo 0x7f672c72c180)
2024-12-27 07:06:18.273  1587-2044  AudioTrack              system_process                       W  AUDIO_OUTPUT_FLAG_FAST denied by client
2024-12-27 07:06:18.320  5196-5217  OpenGLRenderer          org.kelompok3.todolistapp            D  endAllStagingAnimators on 0x7f672aac8000 (RippleDrawable) with handle 0x7f672ccc7920
2024-12-27 07:06:18.330  5196-5217  EGL_emulation           org.kelompok3.todolistapp            D  eglMakeCurrent: 0x7f672c745200: ver 2 0 (tinfo 0x7f672c72c180)
2024-12-27 07:06:18.332  1587-2450  InputMetho...gerService system_process                       W  Window already focused, ignoring focus gain of: com.android.internal.view.IInputMethodClient$Stub$Proxy@229c8f45 attribute=null, token = android.os.BinderProxy@8cd1f8c
2024-12-27 07:06:20.143  1587-2044  AudioTrack              system_process                       W  AUDIO_OUTPUT_FLAG_FAST denied by client
2024-12-27 07:06:41.596  1587-2044  AudioTrack              system_process                       W  AUDIO_OUTPUT_FLAG_FAST denied by client
2024-12-27 07:06:41.635  5196-5196  System.err              org.kelompok3.todolistapp            W  org.json.JSONException: No value for status
2024-12-27 07:06:41.635  5196-5196  System.err              org.kelompok3.todolistapp            W  	at org.json.JSONObject.get(JSONObject.java:389)
2024-12-27 07:06:41.636  5196-5196  System.err              org.kelompok3.todolistapp            W  	at org.json.JSONObject.getString(JSONObject.java:550)
2024-12-27 07:06:41.636  5196-5196  System.err              org.kelompok3.todolistapp            W  	at org.kelompok3.todolistapp.Database.getTasks(Database.java:95)
2024-12-27 07:06:41.636  5196-5196  System.err              org.kelompok3.todolistapp            W  	at org.kelompok3.todolistapp.MainActivity.loadTasks(MainActivity.java:97)
2024-12-27 07:06:41.636  5196-5196  System.err              org.kelompok3.todolistapp            W  	at org.kelompok3.todolistapp.MainActivity.onResume(MainActivity.java:80)
2024-12-27 07:06:41.636  5196-5196  System.err              org.kelompok3.todolistapp            W  	at android.app.Instrumentation.callActivityOnResume(Instrumentation.java:1241)
2024-12-27 07:06:41.636  5196-5196  System.err              org.kelompok3.todolistapp            W  	at android.app.Activity.performResume(Activity.java:6023)
2024-12-27 07:06:41.636  5196-5196  System.err              org.kelompok3.todolistapp            W  	at android.app.ActivityThread.performResumeActivity(ActivityThread.java:2940)
2024-12-27 07:06:41.636  5196-5196  System.err              org.kelompok3.todolistapp            W  	at android.app.ActivityThread.handleResumeActivity(ActivityThread.java:2982)
2024-12-27 07:06:41.636  5196-5196  System.err              org.kelompok3.todolistapp            W  	at android.app.ActivityThread$H.handleMessage(ActivityThread.java:1322)
2024-12-27 07:06:41.636  5196-5196  System.err              org.kelompok3.todolistapp            W  	at android.os.Handler.dispatchMessage(Handler.java:102)
2024-12-27 07:06:41.637  5196-5196  System.err              org.kelompok3.todolistapp            W  	at android.os.Looper.loop(Looper.java:135)
2024-12-27 07:06:41.637  5196-5196  System.err              org.kelompok3.todolistapp            W  	at android.app.ActivityThread.main(ActivityThread.java:5221)
2024-12-27 07:06:41.637  5196-5196  System.err              org.kelompok3.todolistapp            W  	at java.lang.reflect.Method.invoke(Native Method)
2024-12-27 07:06:41.637  5196-5196  System.err              org.kelompok3.todolistapp            W  	at java.lang.reflect.Method.invoke(Method.java:372)
2024-12-27 07:06:41.637  5196-5196  System.err              org.kelompok3.todolistapp            W  	at com.android.internal.os.ZygoteInit$MethodAndArgsCaller.run(ZygoteInit.java:899)
2024-12-27 07:06:41.637  5196-5196  System.err              org.kelompok3.todolistapp            W  	at com.android.internal.os.ZygoteInit.main(ZygoteInit.java:694)
2024-12-27 07:06:41.674  5196-5217  EGL_emulation           org.kelompok3.todolistapp            D  eglMakeCurrent: 0x7f672c745200: ver 2 0 (tinfo 0x7f672c72c180)
2024-12-27 07:06:41.683  5196-5217  EGL_emulation           org.kelompok3.todolistapp            D  eglMakeCurrent: 0x7f672c745200: ver 2 0 (tinfo 0x7f672c72c180)
2024-12-27 07:06:41.739  5196-5217  EGL_emulation           org.kelompok3.todolistapp            D  eglMakeCurrent: 0x7f672c745200: ver 2 0 (tinfo 0x7f672c72c180)
2024-12-27 07:06:41.758  5196-5217  EGL_emulation           org.kelompok3.todolistapp            D  eglMakeCurrent: 0x7f672c745200: ver 2 0 (tinfo 0x7f672c72c180)
2024-12-27 07:06:41.819  5196-5217  EGL_emulation           org.kelompok3.todolistapp            D  eglMakeCurrent: 0x7f672c745200: ver 2 0 (tinfo 0x7f672c72c180)
2024-12-27 07:06:41.831  5196-5217  EGL_emulation           org.kelompok3.todolistapp            D  eglMakeCurrent: 0x7f672c745200: ver 2 0 (tinfo 0x7f672c72c180)
2024-12-27 07:06:41.844  5196-5217  EGL_emulation           org.kelompok3.todolistapp            D  eglMakeCurrent: 0x7f672c745200: ver 2 0 (tinfo 0x7f672c72c180)
2024-12-27 07:06:41.860  5196-5217  OpenGLRenderer          org.kelompok3.todolistapp            D  endAllStagingAnimators on 0x7f672cc89000 (RippleDrawable) with handle 0x7f672cc709a0
2024-12-27 07:06:42.409  5196-5217  EGL_emulation           org.kelompok3.todolistapp            D  eglMakeCurrent: 0x7f672c745200: ver 2 0 (tinfo 0x7f672c72c180)
2024-12-27 07:06:43.638  2275-5235  EGL_emulation           com.android.inputmethod.latin        D  eglMakeCurrent: 0x7f672d6b7200: ver 2 0 (tinfo 0x7f6739d0fe20)
2024-12-27 07:06:45.661  5196-5196  System.err              org.kelompok3.todolistapp            W  org.json.JSONException: No value for status
2024-12-27 07:06:45.661  5196-5196  System.err              org.kelompok3.todolistapp            W  	at org.json.JSONObject.get(JSONObject.java:389)
2024-12-27 07:06:45.661  5196-5196  System.err              org.kelompok3.todolistapp            W  	at org.json.JSONObject.getString(JSONObject.java:550)
2024-12-27 07:06:45.661  5196-5196  System.err              org.kelompok3.todolistapp            W  	at org.kelompok3.todolistapp.Database.getTasks(Database.java:95)
2024-12-27 07:06:45.661  5196-5196  System.err              org.kelompok3.todolistapp            W  	at org.kelompok3.todolistapp.MainActivity.loadTasks(MainActivity.java:97)
2024-12-27 07:06:45.661  5196-5196  System.err              org.kelompok3.todolistapp            W  	at org.kelompok3.todolistapp.MainActivity.lambda$onCreate$1$org-kelompok3-todolistapp-MainActivity(MainActivity.java:70)
2024-12-27 07:06:45.661  5196-5196  System.err              org.kelompok3.todolistapp            W  	at org.kelompok3.todolistapp.MainActivity$$ExternalSyntheticLambda1.onCheckedChanged(D8$$SyntheticClass:0)
2024-12-27 07:06:45.661  5196-5196  System.err              org.kelompok3.todolistapp            W  	at android.widget.CompoundButton.setChecked(CompoundButton.java:152)
2024-12-27 07:06:45.661  5196-5196  System.err              org.kelompok3.todolistapp            W  	at android.widget.Switch.setChecked(Switch.java:852)
2024-12-27 07:06:45.661  5196-5196  System.err              org.kelompok3.todolistapp            W  	at android.widget.Switch.toggle(Switch.java:847)
2024-12-27 07:06:45.661  5196-5196  System.err              org.kelompok3.todolistapp            W  	at android.widget.CompoundButton.performClick(CompoundButton.java:124)
2024-12-27 07:06:45.661  5196-5196  System.err              org.kelompok3.todolistapp            W  	at android.view.View$PerformClick.run(View.java:19749)
2024-12-27 07:06:45.662  5196-5196  System.err              org.kelompok3.todolistapp            W  	at android.os.Handler.handleCallback(Handler.java:739)
2024-12-27 07:06:45.662  5196-5196  System.err              org.kelompok3.todolistapp            W  	at android.os.Handler.dispatchMessage(Handler.java:95)
2024-12-27 07:06:45.662  5196-5196  System.err              org.kelompok3.todolistapp            W  	at android.os.Looper.loop(Looper.java:135)
2024-12-27 07:06:45.662  5196-5196  System.err              org.kelompok3.todolistapp            W  	at android.app.ActivityThread.main(ActivityThread.java:5221)
2024-12-27 07:06:45.662  5196-5196  System.err              org.kelompok3.todolistapp            W  	at java.lang.reflect.Method.invoke(Native Method)
2024-12-27 07:06:45.662  5196-5196  System.err              org.kelompok3.todolistapp            W  	at java.lang.reflect.Method.invoke(Method.java:372)
2024-12-27 07:06:45.662  5196-5196  System.err              org.kelompok3.todolistapp            W  	at com.android.internal.os.ZygoteInit$MethodAndArgsCaller.run(ZygoteInit.java:899)
2024-12-27 07:06:45.662  5196-5196  System.err              org.kelompok3.todolistapp            W  	at com.android.internal.os.ZygoteInit.main(ZygoteInit.java:694)
2024-12-27 07:06:46.747  5196-5196  System.err              org.kelompok3.todolistapp            W  org.json.JSONException: No value for status
2024-12-27 07:06:46.748  5196-5196  System.err              org.kelompok3.todolistapp            W  	at org.json.JSONObject.get(JSONObject.java:389)
2024-12-27 07:06:46.748  5196-5196  System.err              org.kelompok3.todolistapp            W  	at org.json.JSONObject.getString(JSONObject.java:550)
2024-12-27 07:06:46.748  5196-5196  System.err              org.kelompok3.todolistapp            W  	at org.kelompok3.todolistapp.Database.getTasks(Database.java:95)
2024-12-27 07:06:46.748  5196-5196  System.err              org.kelompok3.todolistapp            W  	at org.kelompok3.todolistapp.MainActivity.loadTasks(MainActivity.java:97)
2024-12-27 07:06:46.748  5196-5196  System.err              org.kelompok3.todolistapp            W  	at org.kelompok3.todolistapp.MainActivity.lambda$onCreate$1$org-kelompok3-todolistapp-MainActivity(MainActivity.java:70)
2024-12-27 07:06:46.748  5196-5196  System.err              org.kelompok3.todolistapp            W  	at org.kelompok3.todolistapp.MainActivity$$ExternalSyntheticLambda1.onCheckedChanged(D8$$SyntheticClass:0)
2024-12-27 07:06:46.748  5196-5196  System.err              org.kelompok3.todolistapp            W  	at android.widget.CompoundButton.setChecked(CompoundButton.java:152)
2024-12-27 07:06:46.748  5196-5196  System.err              org.kelompok3.todolistapp            W  	at android.widget.Switch.setChecked(Switch.java:852)
2024-12-27 07:06:46.748  5196-5196  System.err              org.kelompok3.todolistapp            W  	at android.widget.Switch.toggle(Switch.java:847)
2024-12-27 07:06:46.748  5196-5196  System.err              org.kelompok3.todolistapp            W  	at android.widget.CompoundButton.performClick(CompoundButton.java:124)
2024-12-27 07:06:46.748  5196-5196  System.err              org.kelompok3.todolistapp            W  	at android.view.View$PerformClick.run(View.java:19749)
2024-12-27 07:06:46.748  5196-5196  System.err              org.kelompok3.todolistapp            W  	at android.os.Handler.handleCallback(Handler.java:739)
2024-12-27 07:06:46.748  5196-5196  System.err              org.kelompok3.todolistapp            W  	at android.os.Handler.dispatchMessage(Handler.java:95)
2024-12-27 07:06:46.749  5196-5196  System.err              org.kelompok3.todolistapp            W  	at android.os.Looper.loop(Looper.java:135)
2024-12-27 07:06:46.749  5196-5196  System.err              org.kelompok3.todolistapp            W  	at android.app.ActivityThread.main(ActivityThread.java:5221)
2024-12-27 07:06:46.749  5196-5196  System.err              org.kelompok3.todolistapp            W  	at java.lang.reflect.Method.invoke(Native Method)
2024-12-27 07:06:46.749  5196-5196  System.err              org.kelompok3.todolistapp            W  	at java.lang.reflect.Method.invoke(Method.java:372)
2024-12-27 07:06:46.749  5196-5196  System.err              org.kelompok3.todolistapp            W  	at com.android.internal.os.ZygoteInit$MethodAndArgsCaller.run(ZygoteInit.java:899)
2024-12-27 07:06:46.749  5196-5196  System.err              org.kelompok3.todolistapp            W  	at com.android.internal.os.ZygoteInit.main(ZygoteInit.java:694)
2024-12-27 07:06:49.939  1587-2530  ActivityManager         system_process                       I  START u0 {cmp=org.kelompok3.todolistapp/.TaskEditor (has extras)} from uid 10058 on display 0
2024-12-27 07:06:49.940  1587-2044  AudioTrack              system_process                       W  AUDIO_OUTPUT_FLAG_FAST denied by client
2024-12-27 07:06:50.156  5196-5217  EGL_emulation           org.kelompok3.todolistapp            D  eglMakeCurrent: 0x7f672c745200: ver 2 0 (tinfo 0x7f672c72c180)
2024-12-27 07:06:50.206  1587-1621  ActivityManager         system_process                       I  Displayed org.kelompok3.todolistapp/.TaskEditor: +263ms
2024-12-27 07:06:53.101  1587-2044  AudioTrack              system_process                       W  AUDIO_OUTPUT_FLAG_FAST denied by client
2024-12-27 07:06:53.112  5196-5196  System.err              org.kelompok3.todolistapp            W  org.json.JSONException: No value for status
2024-12-27 07:06:53.112  5196-5196  System.err              org.kelompok3.todolistapp            W  	at org.json.JSONObject.get(JSONObject.java:389)
2024-12-27 07:06:53.112  5196-5196  System.err              org.kelompok3.todolistapp            W  	at org.json.JSONObject.getString(JSONObject.java:550)
2024-12-27 07:06:53.112  5196-5196  System.err              org.kelompok3.todolistapp            W  	at org.kelompok3.todolistapp.Database.getTasks(Database.java:95)
2024-12-27 07:06:53.112  5196-5196  System.err              org.kelompok3.todolistapp            W  	at org.kelompok3.todolistapp.MainActivity.loadTasks(MainActivity.java:97)
2024-12-27 07:06:53.112  5196-5196  System.err              org.kelompok3.todolistapp            W  	at org.kelompok3.todolistapp.MainActivity.onResume(MainActivity.java:80)
2024-12-27 07:06:53.112  5196-5196  System.err              org.kelompok3.todolistapp            W  	at android.app.Instrumentation.callActivityOnResume(Instrumentation.java:1241)
2024-12-27 07:06:53.112  5196-5196  System.err              org.kelompok3.todolistapp            W  	at android.app.Activity.performResume(Activity.java:6023)
2024-12-27 07:06:53.112  5196-5196  System.err              org.kelompok3.todolistapp            W  	at android.app.ActivityThread.performResumeActivity(ActivityThread.java:2940)
2024-12-27 07:06:53.112  5196-5196  System.err              org.kelompok3.todolistapp            W  	at android.app.ActivityThread.handleResumeActivity(ActivityThread.java:2982)
2024-12-27 07:06:53.112  5196-5196  System.err              org.kelompok3.todolistapp            W  	at android.app.ActivityThread$H.handleMessage(ActivityThread.java:1322)
2024-12-27 07:06:53.113  5196-5196  System.err              org.kelompok3.todolistapp            W  	at android.os.Handler.dispatchMessage(Handler.java:102)
2024-12-27 07:06:53.113  5196-5196  System.err              org.kelompok3.todolistapp            W  	at android.os.Looper.loop(Looper.java:135)
2024-12-27 07:06:53.113  5196-5196  System.err              org.kelompok3.todolistapp            W  	at android.app.ActivityThread.main(ActivityThread.java:5221)
2024-12-27 07:06:53.113  5196-5196  System.err              org.kelompok3.todolistapp            W  	at java.lang.reflect.Method.invoke(Native Method)
2024-12-27 07:06:53.113  5196-5196  System.err              org.kelompok3.todolistapp            W  	at java.lang.reflect.Method.invoke(Method.java:372)
2024-12-27 07:06:53.113  5196-5196  System.err              org.kelompok3.todolistapp            W  	at com.android.internal.os.ZygoteInit$MethodAndArgsCaller.run(ZygoteInit.java:899)
2024-12-27 07:06:53.113  5196-5196  System.err              org.kelompok3.todolistapp            W  	at com.android.internal.os.ZygoteInit.main(ZygoteInit.java:694)
2024-12-27 07:06:53.144  5196-5217  EGL_emulation           org.kelompok3.todolistapp            D  eglMakeCurrent: 0x7f672c745200: ver 2 0 (tinfo 0x7f672c72c180)
2024-12-27 07:06:53.152  5196-5217  EGL_emulation           org.kelompok3.todolistapp            D  eglMakeCurrent: 0x7f672c745200: ver 2 0 (tinfo 0x7f672c72c180)
2024-12-27 07:06:53.178  5196-5217  EGL_emulation           org.kelompok3.todolistapp            D  eglMakeCurrent: 0x7f672c745200: ver 2 0 (tinfo 0x7f672c72c180)
2024-12-27 07:06:53.193  5196-5217  EGL_emulation           org.kelompok3.todolistapp            D  eglMakeCurrent: 0x7f672c745200: ver 2 0 (tinfo 0x7f672c72c180)
2024-12-27 07:06:53.222  5196-5217  OpenGLRenderer          org.kelompok3.todolistapp            D  endAllStagingAnimators on 0x7f672aaca400 (RippleDrawable) with handle 0x7f672cca31e0
2024-12-27 07:06:53.479  5196-5217  EGL_emulation           org.kelompok3.todolistapp            D  eglMakeCurrent: 0x7f672c745200: ver 2 0 (tinfo 0x7f672c72c180)
2024-12-27 07:06:54.344  5196-5217  EGL_emulation           org.kelompok3.todolistapp            D  eglMakeCurrent: 0x7f672c745200: ver 2 0 (tinfo 0x7f672c72c180)
2024-12-27 07:06:54.500  1587-1609  ActivityManager         system_process                       I  START u0 {cmp=org.kelompok3.todolistapp/.TaskEditor (has extras)} from uid 10058 on display 0
2024-12-27 07:06:54.501  1587-2044  AudioTrack              system_process                       W  AUDIO_OUTPUT_FLAG_FAST denied by client
2024-12-27 07:06:54.731  5196-5217  EGL_emulation           org.kelompok3.todolistapp            D  eglMakeCurrent: 0x7f672c745200: ver 2 0 (tinfo 0x7f672c72c180)
2024-12-27 07:06:54.754  5196-5217  EGL_emulation           org.kelompok3.todolistapp            D  eglMakeCurrent: 0x7f672c745200: ver 2 0 (tinfo 0x7f672c72c180)
2024-12-27 07:06:54.777  5196-5217  EGL_emulation           org.kelompok3.todolistapp            D  eglMakeCurrent: 0x7f672c745200: ver 2 0 (tinfo 0x7f672c72c180)
2024-12-27 07:06:54.838  1587-1621  ActivityManager         system_process                       I  Displayed org.kelompok3.todolistapp/.TaskEditor: +323ms
2024-12-27 07:06:56.676  1587-2044  AudioTrack              system_process                       W  AUDIO_OUTPUT_FLAG_FAST denied by client
2024-12-27 07:06:56.695  5196-5196  System.err              org.kelompok3.todolistapp            W  org.json.JSONException: No value for status
2024-12-27 07:06:56.696  5196-5196  System.err              org.kelompok3.todolistapp            W  	at org.json.JSONObject.get(JSONObject.java:389)
2024-12-27 07:06:56.696  5196-5196  System.err              org.kelompok3.todolistapp            W  	at org.json.JSONObject.getString(JSONObject.java:550)
2024-12-27 07:06:56.696  5196-5196  System.err              org.kelompok3.todolistapp            W  	at org.kelompok3.todolistapp.Database.getTasks(Database.java:95)
2024-12-27 07:06:56.696  5196-5196  System.err              org.kelompok3.todolistapp            W  	at org.kelompok3.todolistapp.MainActivity.loadTasks(MainActivity.java:97)
2024-12-27 07:06:56.696  5196-5196  System.err              org.kelompok3.todolistapp            W  	at org.kelompok3.todolistapp.MainActivity.onResume(MainActivity.java:80)
2024-12-27 07:06:56.696  5196-5196  System.err              org.kelompok3.todolistapp            W  	at android.app.Instrumentation.callActivityOnResume(Instrumentation.java:1241)
2024-12-27 07:06:56.696  5196-5196  System.err              org.kelompok3.todolistapp            W  	at android.app.Activity.performResume(Activity.java:6023)
2024-12-27 07:06:56.696  5196-5196  System.err              org.kelompok3.todolistapp            W  	at android.app.ActivityThread.performResumeActivity(ActivityThread.java:2940)
2024-12-27 07:06:56.696  5196-5196  System.err              org.kelompok3.todolistapp            W  	at android.app.ActivityThread.handleResumeActivity(ActivityThread.java:2982)
2024-12-27 07:06:56.696  5196-5196  System.err              org.kelompok3.todolistapp            W  	at android.app.ActivityThread$H.handleMessage(ActivityThread.java:1322)
2024-12-27 07:06:56.696  5196-5196  System.err              org.kelompok3.todolistapp            W  	at android.os.Handler.dispatchMessage(Handler.java:102)
2024-12-27 07:06:56.696  5196-5196  System.err              org.kelompok3.todolistapp            W  	at android.os.Looper.loop(Looper.java:135)
2024-12-27 07:06:56.696  5196-5196  System.err              org.kelompok3.todolistapp            W  	at android.app.ActivityThread.main(ActivityThread.java:5221)
2024-12-27 07:06:56.696  5196-5196  System.err              org.kelompok3.todolistapp            W  	at java.lang.reflect.Method.invoke(Native Method)
2024-12-27 07:06:56.696  5196-5196  System.err              org.kelompok3.todolistapp            W  	at java.lang.reflect.Method.invoke(Method.java:372)
2024-12-27 07:06:56.696  5196-5196  System.err              org.kelompok3.todolistapp            W  	at com.android.internal.os.ZygoteInit$MethodAndArgsCaller.run(ZygoteInit.java:899)
2024-12-27 07:06:56.696  5196-5196  System.err              org.kelompok3.todolistapp            W  	at com.android.internal.os.ZygoteInit.main(ZygoteInit.java:694)
2024-12-27 07:06:57.356  5196-5217  EGL_emulation           org.kelompok3.todolistapp            D  eglMakeCurrent: 0x7f672c745200: ver 2 0 (tinfo 0x7f672c72c180)
2024-12-27 07:06:57.365  5196-5217  EGL_emulation           org.kelompok3.todolistapp            D  eglMakeCurrent: 0x7f672c745200: ver 2 0 (tinfo 0x7f672c72c180)
2024-12-27 07:06:57.379  1587-1621  Choreographer           system_process                       I  Skipped 37 frames!  The application may be doing too much work on its main thread.
2024-12-27 07:06:57.428  5196-5196  Choreographer           org.kelompok3.todolistapp            I  Skipped 42 frames!  The application may be doing too much work on its main thread.
2024-12-27 07:06:57.432  5196-5217  EGL_emulation           org.kelompok3.todolistapp            D  eglMakeCurrent: 0x7f672c745200: ver 2 0 (tinfo 0x7f672c72c180)
2024-12-27 07:06:57.462  5196-5217  EGL_emulation           org.kelompok3.todolistapp            D  eglMakeCurrent: 0x7f672c745200: ver 2 0 (tinfo 0x7f672c72c180)
2024-12-27 07:06:57.547  5196-5217  EGL_emulation           org.kelompok3.todolistapp            D  eglMakeCurrent: 0x7f672c745200: ver 2 0 (tinfo 0x7f672c72c180)
2024-12-27 07:07:00.010  2227-2724  EGL_emulation           com.android.systemui                 D  eglMakeCurrent: 0x7f673a02e200: ver 2 0 (tinfo 0x7f673a00fe00)
2024-12-27 07:07:39.516  1587-3388  ActivityManager         system_process                       I  START u0 {cmp=org.kelompok3.todolistapp/.TaskEditor (has extras)} from uid 10058 on display 0
2024-12-27 07:07:39.518  1587-2044  AudioTrack              system_process                       W  AUDIO_OUTPUT_FLAG_FAST denied by client
2024-12-27 07:07:39.726  5196-5217  EGL_emulation           org.kelompok3.todolistapp            D  eglMakeCurrent: 0x7f672c745200: ver 2 0 (tinfo 0x7f672c72c180)
2024-12-27 07:07:39.770  1587-1621  ActivityManager         system_process                       I  Displayed org.kelompok3.todolistapp/.TaskEditor: +247ms
2024-12-27 07:07:42.355  2275-5238  LatinIME:LogUtils       com.android.inputmethod.latin        I  Dictionary info: dictionary = spellcheck_userunigram.en_US ; version = 1735258062 ; date = ?
2024-12-27 07:07:42.356  2275-5239  LatinIME:LogUtils       com.android.inputmethod.latin        I  Dictionary info: dictionary = spellcheck_contacts.en_US ; version = 1735258062 ; date = ?
2024-12-27 07:07:42.367  2275-2567  LatinIME:LogUtils       com.android.inputmethod.latin        I  Dictionary info: dictionary = main:en ; version = 47 ; date = 1402373178
2024-12-27 07:07:44.436  2275-2275  LatinIME                com.android.inputmethod.latin        I  Starting input. Cursor position = 0,0
2024-12-27 07:07:44.500  2227-2724  EGL_emulation           com.android.systemui                 D  eglMakeCurrent: 0x7f673a02e200: ver 2 0 (tinfo 0x7f673a00fe00)
2024-12-27 07:07:44.504  2275-5235  EGL_emulation           com.android.inputmethod.latin        D  eglMakeCurrent: 0x7f672d6b7200: ver 2 0 (tinfo 0x7f6739d0fe20)
2024-12-27 07:07:51.675  2275-2493  LatinIME:LogUtils       com.android.inputmethod.latin        I  Dictionary info: dictionary = userunigram.en_US ; version = 1735258071 ; date = ?
2024-12-27 07:07:51.691  2275-2567  LatinIME:LogUtils       com.android.inputmethod.latin        I  Dictionary info: dictionary = main:en ; version = 47 ; date = 1402373178
2024-12-27 07:07:56.325  1587-2044  AudioTrack              system_process                       W  AUDIO_OUTPUT_FLAG_FAST denied by client
2024-12-27 07:08:00.012  2227-2724  EGL_emulation           com.android.systemui                 D  eglMakeCurrent: 0x7f673a02e200: ver 2 0 (tinfo 0x7f673a00fe00)
2024-12-27 07:08:01.736  1587-2044  AudioTrack              system_process                       W  AUDIO_OUTPUT_FLAG_FAST denied by client
2024-12-27 07:08:03.197  1587-2044  AudioTrack              system_process                       W  AUDIO_OUTPUT_FLAG_FAST denied by client
2024-12-27 07:08:03.276  5196-5217  EGL_emulation           org.kelompok3.todolistapp            D  eglMakeCurrent: 0x7f672c745200: ver 2 0 (tinfo 0x7f672c72c180)
2024-12-27 07:08:03.398  5196-5217  EGL_emulation           org.kelompok3.todolistapp            D  eglMakeCurrent: 0x7f672c745200: ver 2 0 (tinfo 0x7f672c72c180)
2024-12-27 07:08:03.410  5196-5217  EGL_emulation           org.kelompok3.todolistapp            D  eglMakeCurrent: 0x7f672c745200: ver 2 0 (tinfo 0x7f672c72c180)
2024-12-27 07:08:05.418  1587-2044  AudioTrack              system_process                       W  AUDIO_OUTPUT_FLAG_FAST denied by client
2024-12-27 07:08:05.454  5196-5217  EGL_emulation           org.kelompok3.todolistapp            D  eglMakeCurrent: 0x7f672c745200: ver 2 0 (tinfo 0x7f672c72c180)
2024-12-27 07:08:05.456  1587-3388  InputMetho...gerService system_process                       W  Window already focused, ignoring focus gain of: com.android.internal.view.IInputMethodClient$Stub$Proxy@2b6ab081 attribute=null, token = android.os.BinderProxy@87e5095
2024-12-27 07:08:06.459  1587-2044  AudioTrack              system_process                       W  AUDIO_OUTPUT_FLAG_FAST denied by client
2024-12-27 07:08:06.514  5196-5196  System.err              org.kelompok3.todolistapp            W  org.json.JSONException: No value for status
2024-12-27 07:08:06.514  5196-5196  System.err              org.kelompok3.todolistapp            W  	at org.json.JSONObject.get(JSONObject.java:389)
2024-12-27 07:08:06.514  5196-5196  System.err              org.kelompok3.todolistapp            W  	at org.json.JSONObject.getString(JSONObject.java:550)
2024-12-27 07:08:06.514  5196-5196  System.err              org.kelompok3.todolistapp            W  	at org.kelompok3.todolistapp.Database.getTasks(Database.java:95)
2024-12-27 07:08:06.515  5196-5196  System.err              org.kelompok3.todolistapp            W  	at org.kelompok3.todolistapp.MainActivity.loadTasks(MainActivity.java:97)
2024-12-27 07:08:06.515  5196-5196  System.err              org.kelompok3.todolistapp            W  	at org.kelompok3.todolistapp.MainActivity.onResume(MainActivity.java:80)
2024-12-27 07:08:06.515  5196-5196  System.err              org.kelompok3.todolistapp            W  	at android.app.Instrumentation.callActivityOnResume(Instrumentation.java:1241)
2024-12-27 07:08:06.515  5196-5196  System.err              org.kelompok3.todolistapp            W  	at android.app.Activity.performResume(Activity.java:6023)
2024-12-27 07:08:06.515  5196-5196  System.err              org.kelompok3.todolistapp            W  	at android.app.ActivityThread.performResumeActivity(ActivityThread.java:2940)
2024-12-27 07:08:06.515  5196-5196  System.err              org.kelompok3.todolistapp            W  	at android.app.ActivityThread.handleResumeActivity(ActivityThread.java:2982)
2024-12-27 07:08:06.515  5196-5196  System.err              org.kelompok3.todolistapp            W  	at android.app.ActivityThread$H.handleMessage(ActivityThread.java:1322)
2024-12-27 07:08:06.515  5196-5196  System.err              org.kelompok3.todolistapp            W  	at android.os.Handler.dispatchMessage(Handler.java:102)
2024-12-27 07:08:06.515  5196-5196  System.err              org.kelompok3.todolistapp            W  	at android.os.Looper.loop(Looper.java:135)
2024-12-27 07:08:06.515  5196-5196  System.err              org.kelompok3.todolistapp            W  	at android.app.ActivityThread.main(ActivityThread.java:5221)
2024-12-27 07:08:06.515  5196-5196  System.err              org.kelompok3.todolistapp            W  	at java.lang.reflect.Method.invoke(Native Method)
2024-12-27 07:08:06.515  5196-5196  System.err              org.kelompok3.todolistapp            W  	at java.lang.reflect.Method.invoke(Method.java:372)
2024-12-27 07:08:06.515  5196-5196  System.err              org.kelompok3.todolistapp            W  	at com.android.internal.os.ZygoteInit$MethodAndArgsCaller.run(ZygoteInit.java:899)
2024-12-27 07:08:06.515  5196-5196  System.err              org.kelompok3.todolistapp            W  	at com.android.internal.os.ZygoteInit.main(ZygoteInit.java:694)
2024-12-27 07:08:06.583  5196-5217  EGL_emulation           org.kelompok3.todolistapp            D  eglMakeCurrent: 0x7f672c745200: ver 2 0 (tinfo 0x7f672c72c180)
2024-12-27 07:08:06.587  1168-5302  <no-tag>                pid-1168                             D  HostConnection::get() New Host Connection established 0x7fd01ef33080, tid 5302
2024-12-27 07:08:06.666  5196-5217  EGL_emulation           org.kelompok3.todolistapp            D  eglMakeCurrent: 0x7f672c745200: ver 2 0 (tinfo 0x7f672c72c180)
2024-12-27 07:08:06.783  5196-5217  EGL_emulation           org.kelompok3.todolistapp            D  eglMakeCurrent: 0x7f672c745200: ver 2 0 (tinfo 0x7f672c72c180)
2024-12-27 07:08:06.816  5196-5217  EGL_emulation           org.kelompok3.todolistapp            D  eglMakeCurrent: 0x7f672c745200: ver 2 0 (tinfo 0x7f672c72c180)
2024-12-27 07:08:06.918  5196-5217  EGL_emulation           org.kelompok3.todolistapp            D  eglMakeCurrent: 0x7f672c745200: ver 2 0 (tinfo 0x7f672c72c180)
2024-12-27 07:08:06.948  5196-5217  EGL_emulation           org.kelompok3.todolistapp            D  eglMakeCurrent: 0x7f672c745200: ver 2 0 (tinfo 0x7f672c72c180)
2024-12-27 07:08:06.974  5196-5217  EGL_emulation           org.kelompok3.todolistapp            D  eglMakeCurrent: 0x7f672c745200: ver 2 0 (tinfo 0x7f672c72c180)
2024-12-27 07:08:07.008  5196-5217  EGL_emulation           org.kelompok3.todolistapp            D  eglMakeCurrent: 0x7f672c745200: ver 2 0 (tinfo 0x7f672c72c180)
2024-12-27 07:08:07.214  5196-5217  EGL_emulation           org.kelompok3.todolistapp            D  eglMakeCurrent: 0x7f672c745200: ver 2 0 (tinfo 0x7f672c72c180)
2024-12-27 07:08:07.598  5196-5217  EGL_emulation           org.kelompok3.todolistapp            D  eglMakeCurrent: 0x7f672c745200: ver 2 0 (tinfo 0x7f672c72c180)
2024-12-27 07:08:08.519  2275-5235  EGL_emulation           com.android.inputmethod.latin        D  eglMakeCurrent: 0x7f672d6b7200: ver 2 0 (tinfo 0x7f6739d0fe20)
2024-12-27 07:08:13.707  1587-2529  ActivityManager         system_process                       I  START u0 {cmp=org.kelompok3.todolistapp/.TaskEditor (has extras)} from uid 10058 on display 0
2024-12-27 07:08:13.708  1587-2044  AudioTrack              system_process                       W  AUDIO_OUTPUT_FLAG_FAST denied by client
2024-12-27 07:08:13.986  5196-5217  EGL_emulation           org.kelompok3.todolistapp            D  eglMakeCurrent: 0x7f672c745200: ver 2 0 (tinfo 0x7f672c72c180)
2024-12-27 07:08:14.181  1587-1621  ActivityManager         system_process                       I  Displayed org.kelompok3.todolistapp/.TaskEditor: +469ms
2024-12-27 07:08:17.877  1587-2044  AudioTrack              system_process                       W  AUDIO_OUTPUT_FLAG_FAST denied by client
2024-12-27 07:08:17.948  5196-5217  EGL_emulation           org.kelompok3.todolistapp            D  eglMakeCurrent: 0x7f672c745200: ver 2 0 (tinfo 0x7f672c72c180)
2024-12-27 07:08:18.081  5196-5217  EGL_emulation           org.kelompok3.todolistapp            D  eglMakeCurrent: 0x7f672c745200: ver 2 0 (tinfo 0x7f672c72c180)
2024-12-27 07:08:18.095  5196-5217  EGL_emulation           org.kelompok3.todolistapp            D  eglMakeCurrent: 0x7f672c745200: ver 2 0 (tinfo 0x7f672c72c180)
2024-12-27 07:08:19.776  1587-2044  AudioTrack              system_process                       W  AUDIO_OUTPUT_FLAG_FAST denied by client
2024-12-27 07:08:19.846  5196-5217  OpenGLRenderer          org.kelompok3.todolistapp            D  endAllStagingAnimators on 0x7f672af5dc00 (RippleDrawable) with handle 0x7f672b61e220
2024-12-27 07:08:19.862  5196-5217  EGL_emulation           org.kelompok3.todolistapp            D  eglMakeCurrent: 0x7f672c745200: ver 2 0 (tinfo 0x7f672c72c180)
2024-12-27 07:08:19.865  1587-1608  InputMetho...gerService system_process                       W  Window already focused, ignoring focus gain of: com.android.internal.view.IInputMethodClient$Stub$Proxy@2a18f829 attribute=null, token = android.os.BinderProxy@304c0798
2024-12-27 07:08:26.275  2275-5238  LatinIME:LogUtils       com.android.inputmethod.latin        I  Dictionary info: dictionary = spellcheck_userunigram.en_US ; version = 1735258106 ; date = ?
2024-12-27 07:08:26.276  2275-5239  LatinIME:LogUtils       com.android.inputmethod.latin        I  Dictionary info: dictionary = spellcheck_contacts.en_US ; version = 1735258106 ; date = ?
2024-12-27 07:08:26.290  2275-2567  LatinIME:LogUtils       com.android.inputmethod.latin        I  Dictionary info: dictionary = main:en ; version = 47 ; date = 1402373178
2024-12-27 07:08:26.316  1587-2189  art                     system_process                       I  Explicit concurrent mark sweep GC freed 46841(2MB) AllocSpace objects, 14(224KB) LOS objects, 25% free, 11MB/15MB, paused 1.210ms total 33.613ms
2024-12-27 07:08:34.869  2275-2275  LatinIME                com.android.inputmethod.latin        I  Starting input. Cursor position = 0,0
2024-12-27 07:08:34.932  2227-2724  EGL_emulation           com.android.systemui                 D  eglMakeCurrent: 0x7f673a02e200: ver 2 0 (tinfo 0x7f673a00fe00)
2024-12-27 07:08:34.940  5196-5217  EGL_emulation           org.kelompok3.todolistapp            D  eglMakeCurrent: 0x7f672c745200: ver 2 0 (tinfo 0x7f672c72c180)
2024-12-27 07:08:34.961  2275-5235  EGL_emulation           com.android.inputmethod.latin        D  eglMakeCurrent: 0x7f672d6b7200: ver 2 0 (tinfo 0x7f6739d0fe20)
2024-12-27 07:08:34.966  5196-5217  EGL_emulation           org.kelompok3.todolistapp            D  eglMakeCurrent: 0x7f672c745200: ver 2 0 (tinfo 0x7f672c72c180)
2024-12-27 07:08:34.993  5196-5217  EGL_emulation           org.kelompok3.todolistapp            D  eglMakeCurrent: 0x7f672c745200: ver 2 0 (tinfo 0x7f672c72c180)
2024-12-27 07:08:35.395  5196-5217  EGL_emulation           org.kelompok3.todolistapp            D  eglMakeCurrent: 0x7f672c745200: ver 2 0 (tinfo 0x7f672c72c180)
2024-12-27 07:08:38.639  1587-2044  AudioTrack              system_process                       W  AUDIO_OUTPUT_FLAG_FAST denied by client
2024-12-27 07:08:57.420  1587-2044  AudioTrack              system_process                       W  AUDIO_OUTPUT_FLAG_FAST denied by client
2024-12-27 07:08:57.449  5196-5196  System.err              org.kelompok3.todolistapp            W  org.json.JSONException: No value for status
2024-12-27 07:08:57.450  5196-5196  System.err              org.kelompok3.todolistapp            W  	at org.json.JSONObject.get(JSONObject.java:389)
2024-12-27 07:08:57.450  5196-5196  System.err              org.kelompok3.todolistapp            W  	at org.json.JSONObject.getString(JSONObject.java:550)
2024-12-27 07:08:57.450  5196-5196  System.err              org.kelompok3.todolistapp            W  	at org.kelompok3.todolistapp.Database.getTasks(Database.java:95)
2024-12-27 07:08:57.450  5196-5196  System.err              org.kelompok3.todolistapp            W  	at org.kelompok3.todolistapp.MainActivity.loadTasks(MainActivity.java:97)
2024-12-27 07:08:57.450  5196-5196  System.err              org.kelompok3.todolistapp            W  	at org.kelompok3.todolistapp.MainActivity.onResume(MainActivity.java:80)
2024-12-27 07:08:57.450  5196-5196  System.err              org.kelompok3.todolistapp            W  	at android.app.Instrumentation.callActivityOnResume(Instrumentation.java:1241)
2024-12-27 07:08:57.450  5196-5196  System.err              org.kelompok3.todolistapp            W  	at android.app.Activity.performResume(Activity.java:6023)
2024-12-27 07:08:57.450  5196-5196  System.err              org.kelompok3.todolistapp            W  	at android.app.ActivityThread.performResumeActivity(ActivityThread.java:2940)
2024-12-27 07:08:57.450  5196-5196  System.err              org.kelompok3.todolistapp            W  	at android.app.ActivityThread.handleResumeActivity(ActivityThread.java:2982)
2024-12-27 07:08:57.450  5196-5196  System.err              org.kelompok3.todolistapp            W  	at android.app.ActivityThread$H.handleMessage(ActivityThread.java:1322)
2024-12-27 07:08:57.450  5196-5196  System.err              org.kelompok3.todolistapp            W  	at android.os.Handler.dispatchMessage(Handler.java:102)
2024-12-27 07:08:57.450  5196-5196  System.err              org.kelompok3.todolistapp            W  	at android.os.Looper.loop(Looper.java:135)
2024-12-27 07:08:57.450  5196-5196  System.err              org.kelompok3.todolistapp            W  	at android.app.ActivityThread.main(ActivityThread.java:5221)
2024-12-27 07:08:57.450  5196-5196  System.err              org.kelompok3.todolistapp            W  	at java.lang.reflect.Method.invoke(Native Method)
2024-12-27 07:08:57.450  5196-5196  System.err              org.kelompok3.todolistapp            W  	at java.lang.reflect.Method.invoke(Method.java:372)
2024-12-27 07:08:57.450  5196-5196  System.err              org.kelompok3.todolistapp            W  	at com.android.internal.os.ZygoteInit$MethodAndArgsCaller.run(ZygoteInit.java:899)
2024-12-27 07:08:57.451  5196-5196  System.err              org.kelompok3.todolistapp            W  	at com.android.internal.os.ZygoteInit.main(ZygoteInit.java:694)
2024-12-27 07:08:57.480  5196-5217  EGL_emulation           org.kelompok3.todolistapp            D  eglMakeCurrent: 0x7f672c745200: ver 2 0 (tinfo 0x7f672c72c180)
2024-12-27 07:08:57.489  5196-5217  EGL_emulation           org.kelompok3.todolistapp            D  eglMakeCurrent: 0x7f672c745200: ver 2 0 (tinfo 0x7f672c72c180)
2024-12-27 07:08:57.547  5196-5217  EGL_emulation           org.kelompok3.todolistapp            D  eglMakeCurrent: 0x7f672c745200: ver 2 0 (tinfo 0x7f672c72c180)
2024-12-27 07:08:57.580  5196-5217  EGL_emulation           org.kelompok3.todolistapp            D  eglMakeCurrent: 0x7f672c745200: ver 2 0 (tinfo 0x7f672c72c180)
2024-12-27 07:08:57.630  5196-5217  EGL_emulation           org.kelompok3.todolistapp            D  eglMakeCurrent: 0x7f672c745200: ver 2 0 (tinfo 0x7f672c72c180)
2024-12-27 07:08:57.641  5196-5217  EGL_emulation           org.kelompok3.todolistapp            D  eglMakeCurrent: 0x7f672c745200: ver 2 0 (tinfo 0x7f672c72c180)
