2024-12-27 06:57:51.128  4911-5020  Icing                   com.google.android.gms               I  Query from package: com.google.android.gms, component: AppsCorpus, restrict package: com.google.android.gms, start: 0, num: 100 maxNumSlices: 2147483647
2024-12-27 06:57:51.159  2679-2843  art                     com.google.process.gapps             I  Explicit concurrent mark sweep GC freed 3578(160KB) AllocSpace objects, 0(0B) LOS objects, 48% free, 1075KB/2MB, paused 1.289ms total 15.861ms
2024-12-27 06:57:51.167  4911-5007  Icing                   com.google.android.gms               I  Post-init done
2024-12-27 06:57:51.171  4911-5007  Icing                   com.google.android.gms               I  Indexing com.google.android.gms-internal.3p:MobileApplication from com.google.android.gms
2024-12-27 06:57:51.190  4911-5007  Icing                   com.google.android.gms               I  Indexing done com.google.android.gms-internal.3p:MobileApplication
2024-12-27 06:57:51.201  4911-5007  Icing                   com.google.android.gms               I  Usage reports ok 0, Failed Usage reports 0, indexed 0, rejected 0
2024-12-27 06:57:51.202  4911-5007  Icing                   com.google.android.gms               I  Usage reports ok 0, Failed Usage reports 0, indexed 0, rejected 0
2024-12-27 06:57:51.205  4911-5007  Icing                   com.google.android.gms               I  Usage reports ok 0, Failed Usage reports 0, indexed 0, rejected 0
2024-12-27 06:57:51.217  4911-5007  Icing                   com.google.android.gms               I  Usage reports ok 0, Failed Usage reports 0, indexed 0, rejected 0
2024-12-27 06:57:51.231  4911-5007  Icing                   com.google.android.gms               I  Indexing com.google.android.gms-internal.3p:MobileApplication from com.google.android.gms using seqno 65
2024-12-27 06:57:51.269  4911-5007  Icing                   com.google.android.gms               I  Indexing com.google.android.gms-apps from com.google.android.gms
2024-12-27 06:57:51.608  4911-5007  Icing                   com.google.android.gms               I  Indexing done com.google.android.gms-apps
2024-12-27 06:57:51.610  4911-5007  Icing                   com.google.android.gms               I  Indexing com.google.android.gms-internal.3p:MobileApplication from com.google.android.gms using seqno 65
2024-12-27 06:57:51.626  4911-5007  Icing                   com.google.android.gms               I  Indexing com.google.android.gms-apps from com.google.android.gms
2024-12-27 06:57:51.638  4911-5007  Icing                   com.google.android.gms               I  Indexing done com.google.android.gms-apps
2024-12-27 06:57:51.639  4911-5007  Icing                   com.google.android.gms               I  Indexing com.google.android.gms-apps from com.google.android.gms
2024-12-27 06:57:51.639  4911-5007  Icing                   com.google.android.gms               I  Indexing done com.google.android.gms-apps
2024-12-27 06:58:00.026  2614-2732  OpenGLRenderer          com.android.launcher                 W  Incorrectly called buildLayer on View: ShortcutAndWidgetContainer, destroying layer...
2024-12-27 06:58:00.509  1587-1613  ActivityManager         system_process                       W  Activity destroy timeout for ActivityRecord{17bd0281 u0 org.kelompok3.todolistapp/.MainActivity t10 f}
2024-12-27 06:58:03.510  1587-2061  TaskPersister           system_process                       D  removeObsoleteFile: deleting file=10_task.xml
2024-12-27 06:58:03.511  1587-2061  TaskPersister           system_process                       D  removeObsoleteFile: deleting file=10_task_thumbnail.png
2024-12-27 06:58:03.532  4911-4920  art                     com.google.android.gms               I  Debugger is no longer active
2024-12-27 06:58:04.036  4949-4959  art                     org.kelompok3.todolistapp            I  Debugger is no longer active
2024-12-27 06:58:29.331  2633-2850  NetworkScheduler.Stats  com.google.android.gms.persistent    I  Task com.google.android.gms/com.google.android.gms.icing.service.IcingGcmTaskService started execution. cause:4 exec_start_elapsed_seconds: 2846 [CONTEXT service_id=218 ]
2024-12-27 06:58:29.343  2633-3995  NetworkScheduler.Stats  com.google.android.gms.persistent    I  Task com.google.android.gms/com.google.android.gms.icing.service.IcingGcmTaskService finished executing. cause:4 result: 1 elapsed_millis: 31 uptime_millis: 31 exec_start_elapsed_seconds: 2846 [CONTEXT service_id=218 ]
2024-12-27 06:58:29.395  2633-2850  NetworkScheduler.Stats  com.google.android.gms.persistent    I  Task com.google.android.gms/com.google.android.gms.mdisync.service.MdiSyncBackgroundTaskService started execution. cause:5 exec_start_elapsed_seconds: 2846 [CONTEXT service_id=218 ]
2024-12-27 06:58:29.439  4911-5007  MdiSyncModule           com.google.android.gms               I  Dispatching task '2_PERIODIC'...
2024-12-27 06:58:29.440  4911-5007  MdiSyncModule           com.google.android.gms               I  Running singleton-scoped task '2 PERIODIC (2_PERIODIC)'...
2024-12-27 06:58:29.446  1587-2083  art                     system_process                       I  Explicit concurrent mark sweep GC freed 22350(1591KB) AllocSpace objects, 5(2032KB) LOS objects, 26% free, 11MB/15MB, paused 1.693ms total 42.313ms
2024-12-27 06:58:29.469  2633-3995  NetworkScheduler.Stats  com.google.android.gms.persistent    I  Task com.google.android.gms/com.google.android.gms.ipa.base.IpaGcmTaskService started execution. cause:5 exec_start_elapsed_seconds: 2846 [CONTEXT service_id=218 ]
2024-12-27 06:58:29.480  2633-2850  NetworkScheduler.Stats  com.google.android.gms.persistent    I  Task com.google.android.gms/com.google.android.gms.ipa.base.IpaGcmTaskService finished executing. cause:5 result: 1 elapsed_millis: 32 uptime_millis: 32 exec_start_elapsed_seconds: 2846 [CONTEXT service_id=218 ]
2024-12-27 06:58:29.489  4911-5031  GmscoreIpa              com.google.android.gms               I  how are you::
2024-12-27 06:58:29.553  4911-5007  MdiSyncModule           com.google.android.gms               I  Singleton-scoped task '2 PERIODIC (2_PERIODIC)' finished with result '0'!
2024-12-27 06:58:29.554  4911-5007  MdiSyncModule           com.google.android.gms               I  Task '2 PERIODIC (2_PERIODIC)' finished with result '0'!
2024-12-27 06:58:29.560  2633-3995  NetworkScheduler.Stats  com.google.android.gms.persistent    I  Task com.google.android.gms/com.google.android.gms.mdisync.service.MdiSyncBackgroundTaskService finished executing. cause:5 result: 1 elapsed_millis: 182 uptime_millis: 182 exec_start_elapsed_seconds: 2846 [CONTEXT service_id=218 ]
2024-12-27 06:58:29.563  1587-1609  ActivityManager         system_process                       I  Start proc android.process.media for content provider com.android.providers.media/.MediaProvider: pid=5039 uid=10005 gids={50005, 9997, 1028, 1015, 1023, 1024, 2001, 3003, 3007} abi=x86_64
2024-12-27 06:58:29.619  5039-5039  SQLiteLog               android.process.media                E  (283) recovered 100 frames from WAL file /data/user/0/com.android.providers.media/databases/external.db-wal
2024-12-27 06:58:29.675  4911-4992  GmscoreIpa              com.google.android.gms               I  Bulk mediastore status = true [CONTEXT service_id=255 ]
2024-12-27 06:58:29.722  4911-5034  GmscoreIpa              com.google.android.gms               I  Batch indexing status=true [CONTEXT service_id=255 ]
2024-12-27 06:58:44.579  5039-5048  art                     android.process.media                I  Debugger is no longer active
2024-12-27 06:58:59.656  2633-2849  NetworkScheduler.Stats  com.google.android.gms.persistent    I  Task com.google.android.gms/com.google.android.gms.icing.service.IcingGcmTaskService started execution. cause:4 exec_start_elapsed_seconds: 2876 [CONTEXT service_id=218 ]
2024-12-27 06:58:59.663  2633-3995  NetworkScheduler.Stats  com.google.android.gms.persistent    I  Task com.google.android.gms/com.google.android.gms.icing.service.IcingGcmTaskService finished executing. cause:4 result: 1 elapsed_millis: 25 uptime_millis: 25 exec_start_elapsed_seconds: 2876 [CONTEXT service_id=218 ]
2024-12-27 07:02:43.244  1587-2044  AudioTrack              system_process                       W  AUDIO_OUTPUT_FLAG_FAST denied by client
1970-01-01 07:00:00.000     0-0     <no-tag>                                                     I  ---------------------------- PROCESS ENDED (4949) for package org.kelompok3.todolistapp ----------------------------
2024-12-27 07:02:43.261  4949-4949  Process                 org.kelompok3.todolistapp            I  Sending signal. PID: 4949 SIG: 9
2024-12-27 07:02:43.266  1587-2188  ActivityManager         system_process                       I  Process org.kelompok3.todolistapp (pid 4949) has died
2024-12-27 07:02:43.290  1587-3967  OpenGLRenderer          system_process                       D  endAllStagingAnimators on 0x7f6727757400 (RippleDrawable) with handle 0x7f6724b0e4c0
2024-12-27 07:02:43.297  1587-3967  EGL_emulation           system_process                       D  eglMakeCurrent: 0x7f6728bc7840: ver 2 0 (tinfo 0x7f6724b0e240)
2024-12-27 07:02:43.297  1587-2189  InputMetho...gerService system_process                       W  Window already focused, ignoring focus gain of: com.android.internal.view.IInputMethodClient$Stub$Proxy@139f44da attribute=null, token = android.os.BinderProxy@a877842
2024-12-27 07:03:20.650  5069-5069  AndroidRuntime          pid-5069                             D
                                                                                                    >>>>>> AndroidRuntime START com.android.internal.os.RuntimeInit <<<<<<
2024-12-27 07:03:20.652  5069-5069  AndroidRuntime          pid-5069                             D  CheckJNI is ON
2024-12-27 07:03:20.717  5069-5069  memtrack                pid-5069                             E  Couldn't load memtrack module (No such file or directory)
2024-12-27 07:03:20.717  5069-5069  android.os.Debug        pid-5069                             E  failed to load memtrack module: -2
2024-12-27 07:03:20.743  5069-5069  AndroidRuntime          pid-5069                             D  Calling main entry com.android.commands.am.Am
2024-12-27 07:03:20.750  1587-3389  ActivityManager         system_process                       I  Force stopping org.kelompok3.todolistapp appid=10058 user=0: from pid 5069
2024-12-27 07:03:20.751  5069-5069  AndroidRuntime          pid-5069                             D  Shutting down VM
2024-12-27 07:03:20.757  5069-5075  art                     pid-5069                             I  Debugger is no longer active
2024-12-27 07:03:21.143  5083-5083  AndroidRuntime          pid-5083                             D
                                                                                                    >>>>>> AndroidRuntime START com.android.internal.os.RuntimeInit <<<<<<
2024-12-27 07:03:21.145  5083-5083  AndroidRuntime          pid-5083                             D  CheckJNI is ON
2024-12-27 07:03:21.208  5083-5083  memtrack                pid-5083                             E  Couldn't load memtrack module (No such file or directory)
2024-12-27 07:03:21.208  5083-5083  android.os.Debug        pid-5083                             E  failed to load memtrack module: -2
2024-12-27 07:03:21.226  5083-5083  AndroidRuntime          pid-5083                             D  Calling main entry com.android.commands.am.Am
2024-12-27 07:03:21.234  1587-1608  ActivityManager         system_process                       I  Force stopping org.kelompok3.todolistapp appid=10058 user=0: from pid 5083
2024-12-27 07:03:21.235  5083-5083  AndroidRuntime          pid-5083                             D  Shutting down VM
2024-12-27 07:03:21.243  5083-5092  art                     pid-5083                             I  Debugger is no longer active
2024-12-27 07:03:21.577  5103-5103  AndroidRuntime          pid-5103                             D
                                                                                                    >>>>>> AndroidRuntime START com.android.internal.os.RuntimeInit <<<<<<
2024-12-27 07:03:21.579  5103-5103  AndroidRuntime          pid-5103                             D  CheckJNI is ON
2024-12-27 07:03:21.626  5103-5103  memtrack                pid-5103                             E  Couldn't load memtrack module (No such file or directory)
2024-12-27 07:03:21.626  5103-5103  android.os.Debug        pid-5103                             E  failed to load memtrack module: -2
2024-12-27 07:03:21.642  5103-5103  AndroidRuntime          pid-5103                             D  Calling main entry com.android.commands.pm.Pm
2024-12-27 07:03:21.651  5103-5103  AndroidRuntime          pid-5103                             D  Shutting down VM
2024-12-27 07:03:21.660  5103-5109  art                     pid-5103                             I  Debugger is no longer active
2024-12-27 07:03:21.956  5117-5117  AndroidRuntime          pid-5117                             D
                                                                                                    >>>>>> AndroidRuntime START com.android.internal.os.RuntimeInit <<<<<<
2024-12-27 07:03:21.957  5117-5117  AndroidRuntime          pid-5117                             D  CheckJNI is ON
2024-12-27 07:03:22.001  5117-5117  memtrack                pid-5117                             E  Couldn't load memtrack module (No such file or directory)
2024-12-27 07:03:22.001  5117-5117  android.os.Debug        pid-5117                             E  failed to load memtrack module: -2
2024-12-27 07:03:22.022  5117-5117  AndroidRuntime          pid-5117                             D  Calling main entry com.android.commands.pm.Pm
2024-12-27 07:03:22.029  1182-1182  installd                pid-1182                             I  free_cache(7934737) avail 1464479744
2024-12-27 07:03:22.215  5117-5117  AndroidRuntime          pid-5117                             D  Shutting down VM
2024-12-27 07:03:22.220  5117-5123  art                     pid-5117                             I  Debugger is no longer active
2024-12-27 07:03:22.515  5135-5135  AndroidRuntime          pid-5135                             D
                                                                                                    >>>>>> AndroidRuntime START com.android.internal.os.RuntimeInit <<<<<<
2024-12-27 07:03:22.517  5135-5135  AndroidRuntime          pid-5135                             D  CheckJNI is ON
2024-12-27 07:03:22.565  5135-5135  memtrack                pid-5135                             E  Couldn't load memtrack module (No such file or directory)
2024-12-27 07:03:22.566  5135-5135  android.os.Debug        pid-5135                             E  failed to load memtrack module: -2
2024-12-27 07:03:22.593  5135-5135  AndroidRuntime          pid-5135                             D  Calling main entry com.android.commands.pm.Pm
2024-12-27 07:03:22.963  1587-1626  PackageManager          system_process                       D  /data/app/vmdl2029593896.tmp already staged; skipping copy
2024-12-27 07:03:23.359  1587-1626  PackageManager          system_process                       D  Renaming /data/app/vmdl2029593896.tmp to /data/app/org.kelompok3.todolistapp-1
2024-12-27 07:03:23.359  1587-1613  ActivityManager         system_process                       I  Force stopping org.kelompok3.todolistapp appid=10058 user=-1: uninstall pkg
2024-12-27 07:03:23.382  1587-1626  PackageManager          system_process                       I  Package org.kelompok3.todolistapp codePath changed from /data/app/org.kelompok3.todolistapp-2 to /data/app/org.kelompok3.todolistapp-1; Retaining data and using new
2024-12-27 07:03:23.390  1587-1626  art                     system_process                       I  DexFile_isDexOptNeeded failed to open oat file '/data/dalvik-cache/x86_64/data@app@org.kelompok3.todolistapp-1@base.apk@classes.dex' for file location '/data/app/org.kelompok3.todolistapp-1/base.apk': Failed to open oat filename for reading: No such file or directory
2024-12-27 07:03:23.390  1587-1626  art                     system_process                       I  DexFile_isDexOptNeeded failed to open oat file '/data/app/org.kelompok3.todolistapp-1/x86_64/base.odex' for file location '/data/app/org.kelompok3.todolistapp-1/base.apk': Failed to open oat filename for reading: No such file or directory
2024-12-27 07:03:23.390  1587-1626  PackageManager          system_process                       I  Running dexopt on: /data/app/org.kelompok3.todolistapp-1/base.apk pkg=org.kelompok3.todolistapp isa=x86_64 vmSafeMode=false
2024-12-27 07:03:23.397  5150-5150  cutils-trace            pid-5150                             E  Error opening trace file: Permission denied (13)
2024-12-27 07:03:23.398  5150-5150  dex2oat                 pid-5150                             I  /system/bin/dex2oat --zip-fd=5 --zip-location=/data/app/org.kelompok3.todolistapp-1/base.apk --oat-fd=6 --oat-location=/data/dalvik-cache/x86_64/data@app@org.kelompok3.todolistapp-1@base.apk@classes.dex --instruction-set=x86_64 --instruction-set-features=default --runtime-arg -Xms64m --runtime-arg -Xmx512m
2024-12-27 07:03:23.848  5150-5152  dex2oat                 pid-5150                             W  Before Android 4.1, method int androidx.appcompat.widget.DropDownListView.lookForSelectablePosition(int, boolean) would have incorrectly overridden the package-private method in android.widget.ListView
2024-12-27 07:03:23.851  5150-5154  dex2oat                 pid-5150                             W  Before Android 4.1, method int androidx.appcompat.widget.MenuPopupWindow$MenuDropDownListView.lookForSelectablePosition(int, boolean) would have incorrectly overridden the package-private method in android.widget.ListView
2024-12-27 07:03:23.945  5150-5152  dex2oat                 pid-5150                             W  Before Android 4.1, method android.graphics.PorterDuffColorFilter androidx.vectordrawable.graphics.drawable.VectorDrawableCompat.updateTintFilter(android.graphics.PorterDuffColorFilter, android.content.res.ColorStateList, android.graphics.PorterDuff$Mode) would have incorrectly overridden the package-private method in android.graphics.drawable.Drawable
2024-12-27 07:03:24.043  5150-5153  dex2oat                 pid-5150                             W  Before Android 4.1, method android.graphics.drawable.Drawable com.google.android.material.progressindicator.BaseProgressIndicator.getCurrentDrawable() would have incorrectly overridden the package-private method in android.widget.ProgressBar
2024-12-27 07:03:32.480  5150-5150  dex2oat                 pid-5150                             I  dex2oat took 9.081s (threads: 4)
2024-12-27 07:03:32.488  1587-1626  PackageManager          system_process                       W  Code path for pkg : org.kelompok3.todolistapp changing from /data/app/org.kelompok3.todolistapp-2 to /data/app/org.kelompok3.todolistapp-1
2024-12-27 07:03:32.488  1587-1626  PackageManager          system_process                       W  Resource path for pkg : org.kelompok3.todolistapp changing from /data/app/org.kelompok3.todolistapp-2 to /data/app/org.kelompok3.todolistapp-1
2024-12-27 07:03:32.488  1587-1613  ActivityManager         system_process                       I  Force stopping org.kelompok3.todolistapp appid=10058 user=-1: update pkg
2024-12-27 07:03:32.522  1587-1626  ActivityManager         system_process                       I  Force stopping org.kelompok3.todolistapp appid=10058 user=0: pkg removed
2024-12-27 07:03:32.534  1587-1717  InputReader             system_process                       I  Reconfiguring input devices.  changes=0x00000010
2024-12-27 07:03:32.537  1587-1626  Settings                system_process                       W  Setting install_non_market_apps has moved from android.provider.Settings.Global to android.provider.Settings.Secure, returning read-only value.
2024-12-27 07:03:32.538  1587-1717  InputReader             system_process                       I  Reconfiguring input devices.  changes=0x00000010
2024-12-27 07:03:32.541  1587-1717  InputReader             system_process                       I  Reconfiguring input devices.  changes=0x00000010
2024-12-27 07:03:32.561  4911-4911  art                     com.google.android.gms               I  Explicit concurrent mark sweep GC freed 2327(104KB) AllocSpace objects, 0(0B) LOS objects, 13% free, 13MB/15MB, paused 862us total 35.892ms
2024-12-27 07:03:32.583  1587-1587  art                     system_process                       I  Explicit concurrent mark sweep GC freed 63517(3MB) AllocSpace objects, 11(462KB) LOS objects, 26% free, 11MB/15MB, paused 1.304ms total 57.795ms
2024-12-27 07:03:32.583  1587-1587  BackupManagerService    system_process                       D  Received broadcast Intent { act=android.intent.action.PACKAGE_REMOVED dat=package:org.kelompok3.todolistapp flg=0x4000010 (has extras) }
2024-12-27 07:03:32.583  1587-1587  JobSchedulerService     system_process                       D  Receieved: android.intent.action.PACKAGE_REMOVED
2024-12-27 07:03:32.584  4276-4276  ContextImpl             com.android.keychain                 W  Calling a method in the system process without a qualified user: android.app.ContextImpl.startService:1686 android.content.ContextWrapper.startService:515 android.content.ContextWrapper.startService:515 com.android.keychain.KeyChainBroadcastReceiver.onReceive:12 android.app.ActivityThread.handleReceiver:2579
2024-12-27 07:03:32.598  1587-1626  art                     system_process                       I  WaitForGcToComplete blocked for 60.866ms for cause Explicit
2024-12-27 07:03:32.613  1587-1587  BackupManagerService    system_process                       D  Received broadcast Intent { act=android.intent.action.PACKAGE_ADDED dat=package:org.kelompok3.todolistapp flg=0x4000010 (has extras) }
2024-12-27 07:03:32.613  1587-1587  BackupManagerService    system_process                       W  Removing schedule queue dupe of org.kelompok3.todolistapp
2024-12-27 07:03:32.616  2633-5172  Fitness                 com.google.android.gms.persistent    I  FitCleanupIntentOperation received Intent android.intent.action.PACKAGE_REMOVED [CONTEXT service_id=17 ]
2024-12-27 07:03:32.650  1587-1612  VoiceInter...gerService system_process                       W  no available voice recognition services found for user 0
2024-12-27 07:03:32.680  4911-5169  Auth                    com.google.android.gms               I  [SupervisedAccountIntentOperation] onHandleIntent(): android.intent.action.PACKAGE_ADDED
2024-12-27 07:03:32.690  1587-1626  art                     system_process                       I  Explicit concurrent mark sweep GC freed 5490(257KB) AllocSpace objects, 0(0B) LOS objects, 26% free, 11MB/15MB, paused 1.491ms total 91.234ms
2024-12-27 07:03:32.704  5135-5135  AndroidRuntime          pid-5135                             D  Shutting down VM
2024-12-27 07:03:32.707  5135-5141  art                     pid-5135                             I  Debugger is no longer active
2024-12-27 07:03:32.733  2633-2648  art                     com.google.android.gms.persistent    I  Background sticky concurrent mark sweep GC freed 48434(3MB) AllocSpace objects, 13(327KB) LOS objects, 9% free, 19MB/21MB, paused 18.803ms total 57.116ms
2024-12-27 07:03:32.748  4911-5169  ChromeSync              com.google.android.gms               I  [Sync,SyncIntentOperation] Handling the intent: Intent { act=android.intent.action.PACKAGE_ADDED dat=package:org.kelompok3.todolistapp flg=0x4000010 cmp=com.google.android.gms/.chimera.GmsIntentOperationService (has extras) }.
2024-12-27 07:03:32.753  1587-2188  ActivityManager         system_process                       W  Unable to start service Intent { act=com.google.android.gms.auth.key.retrieval.service.START pkg=com.google.android.gms } U=0: not found
2024-12-27 07:03:32.759  1587-3174  ActivityManager         system_process                       W  Unbind failed: could not find connection for android.os.BinderProxy@28e4f0ec
2024-12-27 07:03:32.759  4911-4989  GmsClient               com.google.android.gms               E  unable to connect to service: com.google.android.gms.auth.key.retrieval.service.START on com.google.android.gms
2024-12-27 07:03:32.819  4911-5160  FontLog                 com.google.android.gms               I  Package org.kelompok3.todolistapp has no metadata [CONTEXT service_id=132 ]
2024-12-27 07:03:32.842  4911-5169  ChromeSync              com.google.android.gms               I  [Persistence,AffiliationManager] One of affiliation or grouping data for android://CDmcdx89955snvGBQv-DmCtOOmRMMcvvikHDStUUIA6OjeSy1B5beTHiIfbzU-TLHS_zWm66iDs_4SKfLgH28Q==@org.kelompok3.todolistapp/ was not found. Marking affiliation data as stale...
2024-12-27 07:03:32.883  4911-5018  Icing                   com.google.android.gms               I  IndexChimeraService.getServiceInterface callingPackage=com.google.android.gms componentName=AppsCorpus serviceId=36
2024-12-27 07:03:32.897  4911-4993  Icing                   com.google.android.gms               I  Usage reports ok 0, Failed Usage reports 0, indexed 0, rejected 0
2024-12-27 07:03:32.905  4911-4993  Icing                   com.google.android.gms               I  Indexing com.google.android.gms-internal.3p:MobileApplication from com.google.android.gms using seqno 65
2024-12-27 07:03:32.915  4911-5000  Icing                   com.google.android.gms               I  IndexChimeraService.getServiceInterface callingPackage=com.google.android.gms componentName=null serviceId=30
2024-12-27 07:03:32.923  4911-4993  Icing                   com.google.android.gms               I  Indexing com.google.android.gms-apps from com.google.android.gms
2024-12-27 07:03:32.954  4911-4993  Icing                   com.google.android.gms               I  Usage reports ok 0, Failed Usage reports 0, indexed 0, rejected 0
2024-12-27 07:03:32.956  4911-4993  Icing                   com.google.android.gms               I  Indexing done com.google.android.gms-apps
2024-12-27 07:03:32.958  4911-4993  Icing                   com.google.android.gms               I  Indexing com.google.android.gms-internal.3p:MobileApplication from com.google.android.gms using seqno 65
2024-12-27 07:03:33.007  4911-4993  Icing                   com.google.android.gms               I  Indexing com.google.android.gms-apps from com.google.android.gms
2024-12-27 07:03:33.008  4911-4993  Icing                   com.google.android.gms               I  Indexing done com.google.android.gms-apps
2024-12-27 07:03:33.079  5182-5182  AndroidRuntime          pid-5182                             D
                                                                                                    >>>>>> AndroidRuntime START com.android.internal.os.RuntimeInit <<<<<<
2024-12-27 07:03:33.080  5182-5182  AndroidRuntime          pid-5182                             D  CheckJNI is ON
2024-12-27 07:03:33.131  5182-5182  memtrack                pid-5182                             E  Couldn't load memtrack module (No such file or directory)
2024-12-27 07:03:33.132  5182-5182  android.os.Debug        pid-5182                             E  failed to load memtrack module: -2
2024-12-27 07:03:33.154  5182-5182  AndroidRuntime          pid-5182                             D  Calling main entry com.android.commands.am.Am
2024-12-27 07:03:33.164  1587-2189  ActivityManager         system_process                       I  START u0 {act=android.intent.action.MAIN cat=[android.intent.category.LAUNCHER] flg=0x10000000 cmp=org.kelompok3.todolistapp/.MainActivity} from uid 0 on display 0
2024-12-27 07:03:33.167  1587-1612  UsageStatsService       system_process                       I  User[0] Rolling over usage stats
2024-12-27 07:03:33.167  1587-1612  UsageStatsService       system_process                       I  User[0] Flushing usage stats to disk
2024-12-27 07:03:33.169  5182-5182  AndroidRuntime          pid-5182                             D  Shutting down VM
2024-12-27 07:03:33.173  5182-5188  art                     pid-5182                             I  Debugger is no longer active
2024-12-27 07:03:33.187  5196-5196  art                     pid-5196                             I  Not late-enabling -Xcheck:jni (already on)
2024-12-27 07:03:33.193  1587-1612  UsageStatsService       system_process                       I  User[0] Rollover scheduled @ 2024-12-28 00:00:00(1735344000000)
2024-12-27 07:03:33.193  1587-1612  UsageStatsService       system_process                       I  User[0] Flushing usage stats to disk
2024-12-27 07:03:33.200  1587-1609  ActivityManager         system_process                       I  Start proc org.kelompok3.todolistapp for activity org.kelompok3.todolistapp/.MainActivity: pid=5196 uid=10058 gids={50058, 9997} abi=x86_64
2024-12-27 07:03:33.212  1168-2734  gralloc_ranchu          pid-1168                             D  gralloc_alloc: Creating ashmem region of size 10371072
1970-01-01 07:00:00.000     0-0     <no-tag>                                                     I  ---------------------------- PROCESS STARTED (5196) for package org.kelompok3.todolistapp ----------------------------
2024-12-27 07:03:33.217  1587-1612  UsageStatsService       system_process                       I  User[0] Rolling over usage stats complete. Took 49 milliseconds
2024-12-27 07:03:33.255  2614-2732  EGL_emulation           com.android.launcher                 D  eglMakeCurrent: 0x7f672e83e200: ver 2 0 (tinfo 0x7f672e82c180)
2024-12-27 07:03:33.316  2227-2724  EGL_emulation           com.android.systemui                 D  eglMakeCurrent: 0x7f673a02e200: ver 2 0 (tinfo 0x7f673a00fe00)
2024-12-27 07:03:33.320  5196-5211  art                     org.kelompok3.todolistapp            I  Background partial concurrent mark sweep GC freed 249(42KB) AllocSpace objects, 0(0B) LOS objects, 44% free, 1302KB/2MB, paused 6.418ms total 27.373ms
2024-12-27 07:03:33.335  2227-2724  EGL_emulation           com.android.systemui                 D  eglMakeCurrent: 0x7f673a02e200: ver 2 0 (tinfo 0x7f673a00fe00)
2024-12-27 07:03:33.343  2227-2724  EGL_emulation           com.android.systemui                 D  eglMakeCurrent: 0x7f673a02e200: ver 2 0 (tinfo 0x7f673a00fe00)
2024-12-27 07:03:33.350  2227-2724  EGL_emulation           com.android.systemui                 D  eglMakeCurrent: 0x7f673a02e200: ver 2 0 (tinfo 0x7f673a00fe00)
2024-12-27 07:03:33.365  5196-5196  AppCompatDelegate       org.kelompok3.todolistapp            D  Checking for metadata for AppLocalesMetadataHolderService : Service not found
2024-12-27 07:03:33.367  2227-2724  EGL_emulation           com.android.systemui                 D  eglMakeCurrent: 0x7f673a02e200: ver 2 0 (tinfo 0x7f673a00fe00)
2024-12-27 07:03:33.375  2227-2724  EGL_emulation           com.android.systemui                 D  eglMakeCurrent: 0x7f673a02e200: ver 2 0 (tinfo 0x7f673a00fe00)
2024-12-27 07:03:33.388  5196-5196  art                     org.kelompok3.todolistapp            W  Before Android 4.1, method android.graphics.PorterDuffColorFilter androidx.vectordrawable.graphics.drawable.VectorDrawableCompat.updateTintFilter(android.graphics.PorterDuffColorFilter, android.content.res.ColorStateList, android.graphics.PorterDuff$Mode) would have incorrectly overridden the package-private method in android.graphics.drawable.Drawable
2024-12-27 07:03:33.391  2227-2724  EGL_emulation           com.android.systemui                 D  eglMakeCurrent: 0x7f673a02e200: ver 2 0 (tinfo 0x7f673a00fe00)
2024-12-27 07:03:33.399  2227-2724  EGL_emulation           com.android.systemui                 D  eglMakeCurrent: 0x7f673a02e200: ver 2 0 (tinfo 0x7f673a00fe00)
2024-12-27 07:03:33.411  2227-2724  EGL_emulation           com.android.systemui                 D  eglMakeCurrent: 0x7f673a02e200: ver 2 0 (tinfo 0x7f673a00fe00)
2024-12-27 07:03:33.418  2227-2724  EGL_emulation           com.android.systemui                 D  eglMakeCurrent: 0x7f673a02e200: ver 2 0 (tinfo 0x7f673a00fe00)
2024-12-27 07:03:33.440  2227-2724  EGL_emulation           com.android.systemui                 D  eglMakeCurrent: 0x7f673a02e200: ver 2 0 (tinfo 0x7f673a00fe00)
2024-12-27 07:03:33.452  2227-2724  EGL_emulation           com.android.systemui                 D  eglMakeCurrent: 0x7f673a02e200: ver 2 0 (tinfo 0x7f673a00fe00)
2024-12-27 07:03:33.469  2227-2724  EGL_emulation           com.android.systemui                 D  eglMakeCurrent: 0x7f673a02e200: ver 2 0 (tinfo 0x7f673a00fe00)
2024-12-27 07:03:33.476  2227-2724  EGL_emulation           com.android.systemui                 D  eglMakeCurrent: 0x7f673a02e200: ver 2 0 (tinfo 0x7f673a00fe00)
2024-12-27 07:03:33.503  2227-2724  EGL_emulation           com.android.systemui                 D  eglMakeCurrent: 0x7f673a02e200: ver 2 0 (tinfo 0x7f673a00fe00)
2024-12-27 07:03:33.512  2227-2724  EGL_emulation           com.android.systemui                 D  eglMakeCurrent: 0x7f673a02e200: ver 2 0 (tinfo 0x7f673a00fe00)
2024-12-27 07:03:33.538  2227-2724  EGL_emulation           com.android.systemui                 D  eglMakeCurrent: 0x7f673a02e200: ver 2 0 (tinfo 0x7f673a00fe00)
2024-12-27 07:03:33.544  2227-2724  EGL_emulation           com.android.systemui                 D  eglMakeCurrent: 0x7f673a02e200: ver 2 0 (tinfo 0x7f673a00fe00)
2024-12-27 07:03:33.799  5196-5217  OpenGLRenderer          org.kelompok3.todolistapp            D  Render dirty regions requested: true
2024-12-27 07:03:33.802  5196-5196  <no-tag>                org.kelompok3.todolistapp            D  HostConnection::get() New Host Connection established 0x7f672cfd7320, tid 5196
2024-12-27 07:03:33.803  5196-5196  Atlas                   org.kelompok3.todolistapp            D  Validating map...
2024-12-27 07:03:33.849  5196-5217  <no-tag>                org.kelompok3.todolistapp            D  HostConnection::get() New Host Connection established 0x7f674044f660, tid 5217
2024-12-27 07:03:33.854  5196-5217  OpenGLRenderer          org.kelompok3.todolistapp            I  Initialized EGL, version 1.4
2024-12-27 07:03:33.854  5196-5217  OpenGLRenderer          org.kelompok3.todolistapp            W  Failed to choose config with EGL_SWAP_BEHAVIOR_PRESERVED, retrying without...
2024-12-27 07:03:33.876  5196-5217  EGL_emulation           org.kelompok3.todolistapp            D  eglCreateContext: 0x7f672c745200: maj 2 min 0 rcv 2
2024-12-27 07:03:33.921  5196-5217  EGL_emulation           org.kelompok3.todolistapp            D  eglMakeCurrent: 0x7f672c745200: ver 2 0 (tinfo 0x7f672c72c180)
2024-12-27 07:03:33.929  5196-5217  OpenGLRenderer          org.kelompok3.todolistapp            D  Enabling debug mode 0
2024-12-27 07:03:33.939  5196-5217  EGL_emulation           org.kelompok3.todolistapp            D  eglMakeCurrent: 0x7f672c745200: ver 2 0 (tinfo 0x7f672c72c180)
2024-12-27 07:03:34.176  1587-1621  ActivityManager         system_process                       I  Displayed org.kelompok3.todolistapp/.MainActivity: +1s7ms (total +48m46s640ms)
2024-12-27 07:03:37.686  1587-2120  ActivityManager         system_process                       I  START u0 {cmp=org.kelompok3.todolistapp/.TaskEditor (has extras)} from uid 10058 on display 0
2024-12-27 07:03:37.688  1587-2044  AudioTrack              system_process                       W  AUDIO_OUTPUT_FLAG_FAST denied by client
2024-12-27 07:03:37.778  5196-5196  art                     org.kelompok3.todolistapp            I  Rejecting re-init on previously-failed class java.lang.Class<androidx.vectordrawable.graphics.drawable.Animatable2Compat$AnimationCallback$1>
2024-12-27 07:03:37.778  5196-5196  art                     org.kelompok3.todolistapp            I  Rejecting re-init on previously-failed class java.lang.Class<androidx.vectordrawable.graphics.drawable.Animatable2Compat$AnimationCallback$1>
2024-12-27 07:03:37.892  5196-5211  art                     org.kelompok3.todolistapp            W  Suspending all threads took: 12.171ms
2024-12-27 07:03:37.897  5196-5211  art                     org.kelompok3.todolistapp            I  Background partial concurrent mark sweep GC freed 3252(175KB) AllocSpace objects, 72(1985KB) LOS objects, 7% free, 49MB/53MB, paused 14.703ms total 41.598ms
2024-12-27 07:03:37.975  5196-5217  EGL_emulation           org.kelompok3.todolistapp            D  eglMakeCurrent: 0x7f672c745200: ver 2 0 (tinfo 0x7f672c72c180)
2024-12-27 07:03:38.089  1587-1621  ActivityManager         system_process                       I  Displayed org.kelompok3.todolistapp/.TaskEditor: +398ms
2024-12-27 07:03:40.726  2227-2724  EGL_emulation           com.android.systemui                 D  eglMakeCurrent: 0x7f673a02e200: ver 2 0 (tinfo 0x7f673a00fe00)
2024-12-27 07:03:40.809  1587-2044  AudioTrack              system_process                       W  AUDIO_OUTPUT_FLAG_FAST denied by client
2024-12-27 07:03:40.849  5196-5217  EGL_emulation           org.kelompok3.todolistapp            D  eglMakeCurrent: 0x7f672c745200: ver 2 0 (tinfo 0x7f672c72c180)
2024-12-27 07:03:42.259  1587-2530  ActivityManager         system_process                       I  START u0 {cmp=org.kelompok3.todolistapp/.TaskEditor (has extras)} from uid 10058 on display 0
2024-12-27 07:03:42.260  1587-2044  AudioTrack              system_process                       W  AUDIO_OUTPUT_FLAG_FAST denied by client
2024-12-27 07:03:42.473  5196-5217  EGL_emulation           org.kelompok3.todolistapp            D  eglMakeCurrent: 0x7f672c745200: ver 2 0 (tinfo 0x7f672c72c180)
2024-12-27 07:03:42.509  1587-1621  ActivityManager         system_process                       I  Displayed org.kelompok3.todolistapp/.TaskEditor: +232ms
2024-12-27 07:03:43.521  2275-2275  SubtypeSwitcher         com.android.inputmethod.latin        W  Can't find emoji subtype
2024-12-27 07:03:43.521  2275-2275  SubtypeSwitcher         com.android.inputmethod.latin        W  No input method subtype found; returning dummy subtype: android.view.inputmethod.InputMethodSubtype@d78b2ed0
2024-12-27 07:03:43.610  2275-2275  ViewPager               com.android.inputmethod.latin        W  Requested offscreen page limit 0 too small; defaulting to 1
2024-12-27 07:03:43.616  2275-2275  LatinIME                com.android.inputmethod.latin        I  Starting input. Cursor position = 0,0
2024-12-27 07:03:43.683  2275-5235  OpenGLRenderer          com.android.inputmethod.latin        D  Render dirty regions requested: true
2024-12-27 07:03:43.686  2275-2275  <no-tag>                com.android.inputmethod.latin        D  HostConnection::get() New Host Connection established 0x7f672de53550, tid 2275
2024-12-27 07:03:43.687  2275-2275  Atlas                   com.android.inputmethod.latin        D  Validating map...
2024-12-27 07:03:43.717  2275-5235  <no-tag>                com.android.inputmethod.latin        D  HostConnection::get() New Host Connection established 0x7f672de538d0, tid 5235
2024-12-27 07:03:43.721  2275-5235  OpenGLRenderer          com.android.inputmethod.latin        I  Initialized EGL, version 1.4
2024-12-27 07:03:43.722  2275-5235  OpenGLRenderer          com.android.inputmethod.latin        W  Failed to choose config with EGL_SWAP_BEHAVIOR_PRESERVED, retrying without...
2024-12-27 07:03:43.750  2275-5235  EGL_emulation           com.android.inputmethod.latin        D  eglCreateContext: 0x7f672d6b7200: maj 2 min 0 rcv 2
2024-12-27 07:03:43.806  2275-5235  EGL_emulation           com.android.inputmethod.latin        D  eglMakeCurrent: 0x7f672d6b7200: ver 2 0 (tinfo 0x7f6739d0fe20)
2024-12-27 07:03:43.811  2275-5235  OpenGLRenderer          com.android.inputmethod.latin        D  Enabling debug mode 0
2024-12-27 07:03:43.825  2275-5235  EGL_emulation           com.android.inputmethod.latin        D  eglMakeCurrent: 0x7f672d6b7200: ver 2 0 (tinfo 0x7f6739d0fe20)
2024-12-27 07:03:43.965  2275-2494  LatinIME:LogUtils       com.android.inputmethod.latin        I  Dictionary info: dictionary = contacts.en_US ; version = 1735257823 ; date = ?
2024-12-27 07:03:47.140  2275-5238  LatinIME:LogUtils       com.android.inputmethod.latin        I  Dictionary info: dictionary = spellcheck_userunigram.en_US ; version = 1735257827 ; date = ?
2024-12-27 07:03:47.141  2275-5239  LatinIME:LogUtils       com.android.inputmethod.latin        I  Dictionary info: dictionary = spellcheck_contacts.en_US ; version = 1735257827 ; date = ?
2024-12-27 07:03:47.150  2275-2567  LatinIME:LogUtils       com.android.inputmethod.latin        I  Dictionary info: dictionary = main:en ; version = 47 ; date = 1402373178
2024-12-27 07:03:48.205  5196-5204  art                     org.kelompok3.todolistapp            I  Debugger is no longer active
2024-12-27 07:03:48.486  1587-2044  AudioTrack              system_process                       W  AUDIO_OUTPUT_FLAG_FAST denied by client
2024-12-27 07:03:48.575  5196-5217  EGL_emulation           org.kelompok3.todolistapp            D  eglMakeCurrent: 0x7f672c745200: ver 2 0 (tinfo 0x7f672c72c180)
2024-12-27 07:03:48.774  5196-5217  EGL_emulation           org.kelompok3.todolistapp            D  eglMakeCurrent: 0x7f672c745200: ver 2 0 (tinfo 0x7f672c72c180)
2024-12-27 07:03:48.788  5196-5217  EGL_emulation           org.kelompok3.todolistapp            D  eglMakeCurrent: 0x7f672c745200: ver 2 0 (tinfo 0x7f672c72c180)
2024-12-27 07:03:56.771  1587-2044  AudioTrack              system_process                       W  AUDIO_OUTPUT_FLAG_FAST denied by client
2024-12-27 07:03:56.818  5196-5217  OpenGLRenderer          org.kelompok3.todolistapp            D  endAllStagingAnimators on 0x7f672b63fc00 (RippleDrawable) with handle 0x7f672cc143a0
2024-12-27 07:03:56.825  5196-5217  EGL_emulation           org.kelompok3.todolistapp            D  eglMakeCurrent: 0x7f672c745200: ver 2 0 (tinfo 0x7f672c72c180)
2024-12-27 07:03:56.827  1587-2531  InputMetho...gerService system_process                       W  Window already focused, ignoring focus gain of: com.android.internal.view.IInputMethodClient$Stub$Proxy@233132a4 attribute=null, token = android.os.BinderProxy@39ff4244
2024-12-27 07:04:00.009  2227-2724  EGL_emulation           com.android.systemui                 D  eglMakeCurrent: 0x7f673a02e200: ver 2 0 (tinfo 0x7f673a00fe00)
2024-12-27 07:04:02.043  2227-2724  EGL_emulation           com.android.systemui                 D  eglMakeCurrent: 0x7f673a02e200: ver 2 0 (tinfo 0x7f673a00fe00)
2024-12-27 07:04:02.143  1587-2044  AudioTrack              system_process                       W  AUDIO_OUTPUT_FLAG_FAST denied by client
2024-12-27 07:04:02.966  2633-3995  NetworkScheduler.Stats  com.google.android.gms.persistent    I  Task com.google.android.gms/com.google.android.gms.icing.service.IcingGcmTaskService started execution. cause:4 exec_start_elapsed_seconds: 3180 [CONTEXT service_id=218 ]
2024-12-27 07:04:02.976  2633-2849  NetworkScheduler.Stats  com.google.android.gms.persistent    I  Task com.google.android.gms/com.google.android.gms.icing.service.IcingGcmTaskService finished executing. cause:4 result: 1 elapsed_millis: 24 uptime_millis: 24 exec_start_elapsed_seconds: 3180 [CONTEXT service_id=218 ]
2024-12-27 07:04:03.018  2633-3995  NetworkScheduler.Stats  com.google.android.gms.persistent    I  Task com.google.android.gms/com.google.android.gms.checkin.EventLogService started execution. cause:5 exec_start_elapsed_seconds: 3180 [CONTEXT service_id=218 ]
2024-12-27 07:04:03.025  4911-4993  Checkin                 com.google.android.gms               I  [EventLogChimeraService] Opted in for usage reporting: false
2024-12-27 07:04:03.031  4911-4993  Checkin                 com.google.android.gms               I  [EventLogChimeraService] Aggregate from 1735256570164 (log), 1735256570164 (data)
2024-12-27 07:04:03.255  2633-2849  NetworkScheduler.Stats  com.google.android.gms.persistent    I  Task com.google.android.gms/com.google.android.gms.checkin.EventLogService finished executing. cause:5 result: 1 elapsed_millis: 255 uptime_millis: 255 exec_start_elapsed_seconds: 3180 [CONTEXT service_id=218 ]
2024-12-27 07:04:03.624  1587-2044  AudioTrack              system_process                       W  AUDIO_OUTPUT_FLAG_FAST denied by client
2024-12-27 07:04:03.678  5196-5217  EGL_emulation           org.kelompok3.todolistapp            D  eglMakeCurrent: 0x7f672c745200: ver 2 0 (tinfo 0x7f672c72c180)
2024-12-27 07:04:03.688  5196-5217  EGL_emulation           org.kelompok3.todolistapp            D  eglMakeCurrent: 0x7f672c745200: ver 2 0 (tinfo 0x7f672c72c180)
2024-12-27 07:04:03.741  5196-5217  EGL_emulation           org.kelompok3.todolistapp            D  eglMakeCurrent: 0x7f672c745200: ver 2 0 (tinfo 0x7f672c72c180)
2024-12-27 07:04:03.777  5196-5217  EGL_emulation           org.kelompok3.todolistapp            D  eglMakeCurrent: 0x7f672c745200: ver 2 0 (tinfo 0x7f672c72c180)
2024-12-27 07:04:03.820  5196-5217  EGL_emulation           org.kelompok3.todolistapp            D  eglMakeCurrent: 0x7f672c745200: ver 2 0 (tinfo 0x7f672c72c180)
2024-12-27 07:04:03.835  5196-5217  EGL_emulation           org.kelompok3.todolistapp            D  eglMakeCurrent: 0x7f672c745200: ver 2 0 (tinfo 0x7f672c72c180)
2024-12-27 07:04:03.866  5196-5217  EGL_emulation           org.kelompok3.todolistapp            D  eglMakeCurrent: 0x7f672c745200: ver 2 0 (tinfo 0x7f672c72c180)
2024-12-27 07:04:03.874  5196-5217  RenderScript            org.kelompok3.todolistapp            V  0x7f6739ef9000 Launching thread(s), CPUs 4
2024-12-27 07:04:03.889  5196-5217  EGL_emulation           org.kelompok3.todolistapp            D  eglMakeCurrent: 0x7f672c745200: ver 2 0 (tinfo 0x7f672c72c180)
2024-12-27 07:04:03.904  5196-5217  OpenGLRenderer          org.kelompok3.todolistapp            D  endAllStagingAnimators on 0x7f672b632c00 (RippleDrawable) with handle 0x7f672cfd3540
2024-12-27 07:04:04.095  5196-5217  EGL_emulation           org.kelompok3.todolistapp            D  eglMakeCurrent: 0x7f672c745200: ver 2 0 (tinfo 0x7f672c72c180)
2024-12-27 07:04:04.442  5196-5217  EGL_emulation           org.kelompok3.todolistapp            D  eglMakeCurrent: 0x7f672c745200: ver 2 0 (tinfo 0x7f672c72c180)
2024-12-27 07:04:05.655  2275-5235  EGL_emulation           com.android.inputmethod.latin        D  eglMakeCurrent: 0x7f672d6b7200: ver 2 0 (tinfo 0x7f6739d0fe20)
2024-12-27 07:04:06.588  1587-2189  ActivityManager         system_process                       I  START u0 {cmp=org.kelompok3.todolistapp/.TaskEditor (has extras)} from uid 10058 on display 0
2024-12-27 07:04:06.589  1587-2044  AudioTrack              system_process                       W  AUDIO_OUTPUT_FLAG_FAST denied by client
2024-12-27 07:04:06.755  5196-5217  EGL_emulation           org.kelompok3.todolistapp            D  eglMakeCurrent: 0x7f672c745200: ver 2 0 (tinfo 0x7f672c72c180)
2024-12-27 07:04:06.790  1587-1621  ActivityManager         system_process                       I  Displayed org.kelompok3.todolistapp/.TaskEditor: +198ms
2024-12-27 07:04:09.133  2275-5238  LatinIME:LogUtils       com.android.inputmethod.latin        I  Dictionary info: dictionary = spellcheck_userunigram.en_US ; version = 1735257849 ; date = ?
2024-12-27 07:04:09.133  2275-5239  LatinIME:LogUtils       com.android.inputmethod.latin        I  Dictionary info: dictionary = spellcheck_contacts.en_US ; version = 1735257849 ; date = ?
2024-12-27 07:04:09.145  2275-2567  LatinIME:LogUtils       com.android.inputmethod.latin        I  Dictionary info: dictionary = main:en ; version = 47 ; date = 1402373178
2024-12-27 07:04:10.742  2275-2275  LatinIME                com.android.inputmethod.latin        I  Starting input. Cursor position = 0,0
2024-12-27 07:04:10.798  2275-5235  EGL_emulation           com.android.inputmethod.latin        D  eglMakeCurrent: 0x7f672d6b7200: ver 2 0 (tinfo 0x7f6739d0fe20)
2024-12-27 07:04:27.598  1587-2044  AudioTrack              system_process                       W  AUDIO_OUTPUT_FLAG_FAST denied by client
2024-12-27 07:04:27.657  5196-5217  EGL_emulation           org.kelompok3.todolistapp            D  eglMakeCurrent: 0x7f672c745200: ver 2 0 (tinfo 0x7f672c72c180)
2024-12-27 07:04:27.772  5196-5217  EGL_emulation           org.kelompok3.todolistapp            D  eglMakeCurrent: 0x7f672c745200: ver 2 0 (tinfo 0x7f672c72c180)
2024-12-27 07:04:27.794  5196-5217  EGL_emulation           org.kelompok3.todolistapp            D  eglMakeCurrent: 0x7f672c745200: ver 2 0 (tinfo 0x7f672c72c180)
2024-12-27 07:04:32.097  1587-2044  AudioTrack              system_process                       W  AUDIO_OUTPUT_FLAG_FAST denied by client
2024-12-27 07:04:32.149  5196-5217  OpenGLRenderer          org.kelompok3.todolistapp            D  endAllStagingAnimators on 0x7f672af5a400 (RippleDrawable) with handle 0x7f672cfabdc0
2024-12-27 07:04:32.159  5196-5217  EGL_emulation           org.kelompok3.todolistapp            D  eglMakeCurrent: 0x7f672c745200: ver 2 0 (tinfo 0x7f672c72c180)
2024-12-27 07:04:32.160  1587-1608  InputMetho...gerService system_process                       W  Window already focused, ignoring focus gain of: com.android.internal.view.IInputMethodClient$Stub$Proxy@24230534 attribute=null, token = android.os.BinderProxy@20d9317
2024-12-27 07:04:56.841  1587-2044  AudioTrack              system_process                       W  AUDIO_OUTPUT_FLAG_FAST denied by client
2024-12-27 07:04:58.423  1587-2044  AudioTrack              system_process                       W  AUDIO_OUTPUT_FLAG_FAST denied by client
2024-12-27 07:04:58.496  5196-5217  EGL_emulation           org.kelompok3.todolistapp            D  eglMakeCurrent: 0x7f672c745200: ver 2 0 (tinfo 0x7f672c72c180)
