                                                                                                    		at java.lang.ClassLoader.loadClass(ClassLoader.java:504)
                                                                                                    		... 16 more
                                                                                                    	Caused by: java.lang.NoClassDefFoundError: Class not found using the boot class loader; no stack available
2024-12-27 06:49:42.308  4796-4806  art                     org.kelompok3.todolistapp            I  Debugger is no longer active
2024-12-27 06:54:27.885  4796-4796  Process                 org.kelompok3.todolistapp            I  Sending signal. PID: 4796 SIG: 9
2024-12-27 06:57:49.061  4949-4949  AndroidRuntime          org.kelompok3.todolistapp            D  Shutting down VM
2024-12-27 06:57:49.061  4949-4949  AndroidRuntime          org.kelompok3.todolistapp            E  FATAL EXCEPTION: main (Ask Gemini)
                                                                                                    Process: org.kelompok3.todolistapp, PID: 4949
                                                                                                    java.lang.RuntimeException: Unable to instantiate application org.kelompok3.todolistapp.TodoApp: java.lang.ClassCastException: org.kelompok3.todolistapp.TodoApp cannot be cast to android.app.Application
                                                                                                    	at android.app.LoadedApk.makeApplication(LoadedApk.java:563)
                                                                                                    	at android.app.ActivityThread.handleBindApplication(ActivityThread.java:4491)
                                                                                                    	at android.app.ActivityThread.access$1500(ActivityThread.java:144)
                                                                                                    	at android.app.ActivityThread$H.handleMessage(ActivityThread.java:1339)
                                                                                                    	at android.os.Handler.dispatchMessage(Handler.java:102)
                                                                                                    	at android.os.Looper.loop(Looper.java:135)
                                                                                                    	at android.app.ActivityThread.main(ActivityThread.java:5221)
                                                                                                    	at java.lang.reflect.Method.invoke(Native Method)
                                                                                                    	at java.lang.reflect.Method.invoke(Method.java:372)
                                                                                                    	at com.android.internal.os.ZygoteInit$MethodAndArgsCaller.run(ZygoteInit.java:899)
                                                                                                    	at com.android.internal.os.ZygoteInit.main(ZygoteInit.java:694)
                                                                                                    Caused by: java.lang.ClassCastException: org.kelompok3.todolistapp.TodoApp cannot be cast to android.app.Application
                                                                                                    	at android.app.Instrumentation.newApplication(Instrumentation.java:994)
                                                                                                    	at android.app.Instrumentation.newApplication(Instrumentation.java:979)
                                                                                                    	at android.app.LoadedApk.makeApplication(LoadedApk.java:558)
                                                                                                    	at android.app.ActivityThread.handleBindApplication(ActivityThread.java:4491) 
                                                                                                    	at android.app.ActivityThread.access$1500(ActivityThread.java:144) 
                                                                                                    	at android.app.ActivityThread$H.handleMessage(ActivityThread.java:1339) 
                                                                                                    	at android.os.Handler.dispatchMessage(Handler.java:102) 
                                                                                                    	at android.os.Looper.loop(Looper.java:135) 
                                                                                                    	at android.app.ActivityThread.main(ActivityThread.java:5221) 
                                                                                                    	at java.lang.reflect.Method.invoke(Native Method) 
                                                                                                    	at java.lang.reflect.Method.invoke(Method.java:372) 
                                                                                                    	at com.android.internal.os.ZygoteInit$MethodAndArgsCaller.run(ZygoteInit.java:899) 
                                                                                                    	at com.android.internal.os.ZygoteInit.main(ZygoteInit.java:694) 
2024-12-27 06:58:04.036  4949-4959  art                     org.kelompok3.todolistapp            I  Debugger is no longer active
2024-12-27 07:02:43.261  4949-4949  Process                 org.kelompok3.todolistapp            I  Sending signal. PID: 4949 SIG: 9
2024-12-27 07:03:33.320  5196-5211  art                     org.kelompok3.todolistapp            I  Background partial concurrent mark sweep GC freed 249(42KB) AllocSpace objects, 0(0B) LOS objects, 44% free, 1302KB/2MB, paused 6.418ms total 27.373ms
2024-12-27 07:03:33.365  5196-5196  AppCompatDelegate       org.kelompok3.todolistapp            D  Checking for metadata for AppLocalesMetadataHolderService : Service not found
2024-12-27 07:03:33.388  5196-5196  art                     org.kelompok3.todolistapp            W  Before Android 4.1, method android.graphics.PorterDuffColorFilter androidx.vectordrawable.graphics.drawable.VectorDrawableCompat.updateTintFilter(android.graphics.PorterDuffColorFilter, android.content.res.ColorStateList, android.graphics.PorterDuff$Mode) would have incorrectly overridden the package-private method in android.graphics.drawable.Drawable
2024-12-27 07:03:33.799  5196-5217  OpenGLRenderer          org.kelompok3.todolistapp            D  Render dirty regions requested: true
2024-12-27 07:03:33.802  5196-5196  <no-tag>                org.kelompok3.todolistapp            D  HostConnection::get() New Host Connection established 0x7f672cfd7320, tid 5196
2024-12-27 07:03:33.803  5196-5196  Atlas                   org.kelompok3.todolistapp            D  Validating map...
2024-12-27 07:03:33.849  5196-5217  <no-tag>                org.kelompok3.todolistapp            D  HostConnection::get() New Host Connection established 0x7f674044f660, tid 5217
2024-12-27 07:03:33.854  5196-5217  OpenGLRenderer          org.kelompok3.todolistapp            I  Initialized EGL, version 1.4
2024-12-27 07:03:33.854  5196-5217  OpenGLRenderer          org.kelompok3.todolistapp            W  Failed to choose config with EGL_SWAP_BEHAVIOR_PRESERVED, retrying without...
2024-12-27 07:03:33.876  5196-5217  EGL_emulation           org.kelompok3.todolistapp            D  eglCreateContext: 0x7f672c745200: maj 2 min 0 rcv 2
2024-12-27 07:03:33.921  5196-5217  EGL_emulation           org.kelompok3.todolistapp            D  eglMakeCurrent: 0x7f672c745200: ver 2 0 (tinfo 0x7f672c72c180)
2024-12-27 07:03:33.929  5196-5217  OpenGLRenderer          org.kelompok3.todolistapp            D  Enabling debug mode 0
2024-12-27 07:03:33.939  5196-5217  EGL_emulation           org.kelompok3.todolistapp            D  eglMakeCurrent: 0x7f672c745200: ver 2 0 (tinfo 0x7f672c72c180)
2024-12-27 07:03:37.778  5196-5196  art                     org.kelompok3.todolistapp            I  Rejecting re-init on previously-failed class java.lang.Class<androidx.vectordrawable.graphics.drawable.Animatable2Compat$AnimationCallback$1>
2024-12-27 07:03:37.778  5196-5196  art                     org.kelompok3.todolistapp            I  Rejecting re-init on previously-failed class java.lang.Class<androidx.vectordrawable.graphics.drawable.Animatable2Compat$AnimationCallback$1>
2024-12-27 07:03:37.892  5196-5211  art                     org.kelompok3.todolistapp            W  Suspending all threads took: 12.171ms
2024-12-27 07:03:37.897  5196-5211  art                     org.kelompok3.todolistapp            I  Background partial concurrent mark sweep GC freed 3252(175KB) AllocSpace objects, 72(1985KB) LOS objects, 7% free, 49MB/53MB, paused 14.703ms total 41.598ms
2024-12-27 07:03:37.975  5196-5217  EGL_emulation           org.kelompok3.todolistapp            D  eglMakeCurrent: 0x7f672c745200: ver 2 0 (tinfo 0x7f672c72c180)
2024-12-27 07:03:40.849  5196-5217  EGL_emulation           org.kelompok3.todolistapp            D  eglMakeCurrent: 0x7f672c745200: ver 2 0 (tinfo 0x7f672c72c180)
2024-12-27 07:03:42.473  5196-5217  EGL_emulation           org.kelompok3.todolistapp            D  eglMakeCurrent: 0x7f672c745200: ver 2 0 (tinfo 0x7f672c72c180)
2024-12-27 07:03:48.205  5196-5204  art                     org.kelompok3.todolistapp            I  Debugger is no longer active
2024-12-27 07:03:48.575  5196-5217  EGL_emulation           org.kelompok3.todolistapp            D  eglMakeCurrent: 0x7f672c745200: ver 2 0 (tinfo 0x7f672c72c180)
2024-12-27 07:03:48.774  5196-5217  EGL_emulation           org.kelompok3.todolistapp            D  eglMakeCurrent: 0x7f672c745200: ver 2 0 (tinfo 0x7f672c72c180)
2024-12-27 07:03:48.788  5196-5217  EGL_emulation           org.kelompok3.todolistapp            D  eglMakeCurrent: 0x7f672c745200: ver 2 0 (tinfo 0x7f672c72c180)
2024-12-27 07:03:56.818  5196-5217  OpenGLRenderer          org.kelompok3.todolistapp            D  endAllStagingAnimators on 0x7f672b63fc00 (RippleDrawable) with handle 0x7f672cc143a0
2024-12-27 07:03:56.825  5196-5217  EGL_emulation           org.kelompok3.todolistapp            D  eglMakeCurrent: 0x7f672c745200: ver 2 0 (tinfo 0x7f672c72c180)
2024-12-27 07:04:03.678  5196-5217  EGL_emulation           org.kelompok3.todolistapp            D  eglMakeCurrent: 0x7f672c745200: ver 2 0 (tinfo 0x7f672c72c180)
2024-12-27 07:04:03.688  5196-5217  EGL_emulation           org.kelompok3.todolistapp            D  eglMakeCurrent: 0x7f672c745200: ver 2 0 (tinfo 0x7f672c72c180)
2024-12-27 07:04:03.741  5196-5217  EGL_emulation           org.kelompok3.todolistapp            D  eglMakeCurrent: 0x7f672c745200: ver 2 0 (tinfo 0x7f672c72c180)
2024-12-27 07:04:03.777  5196-5217  EGL_emulation           org.kelompok3.todolistapp            D  eglMakeCurrent: 0x7f672c745200: ver 2 0 (tinfo 0x7f672c72c180)
2024-12-27 07:04:03.820  5196-5217  EGL_emulation           org.kelompok3.todolistapp            D  eglMakeCurrent: 0x7f672c745200: ver 2 0 (tinfo 0x7f672c72c180)
2024-12-27 07:04:03.835  5196-5217  EGL_emulation           org.kelompok3.todolistapp            D  eglMakeCurrent: 0x7f672c745200: ver 2 0 (tinfo 0x7f672c72c180)
2024-12-27 07:04:03.866  5196-5217  EGL_emulation           org.kelompok3.todolistapp            D  eglMakeCurrent: 0x7f672c745200: ver 2 0 (tinfo 0x7f672c72c180)
2024-12-27 07:04:03.874  5196-5217  RenderScript            org.kelompok3.todolistapp            V  0x7f6739ef9000 Launching thread(s), CPUs 4
2024-12-27 07:04:03.889  5196-5217  EGL_emulation           org.kelompok3.todolistapp            D  eglMakeCurrent: 0x7f672c745200: ver 2 0 (tinfo 0x7f672c72c180)
2024-12-27 07:04:03.904  5196-5217  OpenGLRenderer          org.kelompok3.todolistapp            D  endAllStagingAnimators on 0x7f672b632c00 (RippleDrawable) with handle 0x7f672cfd3540
2024-12-27 07:04:04.095  5196-5217  EGL_emulation           org.kelompok3.todolistapp            D  eglMakeCurrent: 0x7f672c745200: ver 2 0 (tinfo 0x7f672c72c180)
2024-12-27 07:04:04.442  5196-5217  EGL_emulation           org.kelompok3.todolistapp            D  eglMakeCurrent: 0x7f672c745200: ver 2 0 (tinfo 0x7f672c72c180)
2024-12-27 07:04:06.755  5196-5217  EGL_emulation           org.kelompok3.todolistapp            D  eglMakeCurrent: 0x7f672c745200: ver 2 0 (tinfo 0x7f672c72c180)
2024-12-27 07:04:27.657  5196-5217  EGL_emulation           org.kelompok3.todolistapp            D  eglMakeCurrent: 0x7f672c745200: ver 2 0 (tinfo 0x7f672c72c180)
2024-12-27 07:04:27.772  5196-5217  EGL_emulation           org.kelompok3.todolistapp            D  eglMakeCurrent: 0x7f672c745200: ver 2 0 (tinfo 0x7f672c72c180)
2024-12-27 07:04:27.794  5196-5217  EGL_emulation           org.kelompok3.todolistapp            D  eglMakeCurrent: 0x7f672c745200: ver 2 0 (tinfo 0x7f672c72c180)
2024-12-27 07:04:32.149  5196-5217  OpenGLRenderer          org.kelompok3.todolistapp            D  endAllStagingAnimators on 0x7f672af5a400 (RippleDrawable) with handle 0x7f672cfabdc0
2024-12-27 07:04:32.159  5196-5217  EGL_emulation           org.kelompok3.todolistapp            D  eglMakeCurrent: 0x7f672c745200: ver 2 0 (tinfo 0x7f672c72c180)
2024-12-27 07:04:58.496  5196-5217  EGL_emulation           org.kelompok3.todolistapp            D  eglMakeCurrent: 0x7f672c745200: ver 2 0 (tinfo 0x7f672c72c180)
2024-12-27 07:04:58.505  5196-5217  EGL_emulation           org.kelompok3.todolistapp            D  eglMakeCurrent: 0x7f672c745200: ver 2 0 (tinfo 0x7f672c72c180)
2024-12-27 07:04:58.617  5196-5217  EGL_emulation           org.kelompok3.todolistapp            D  eglMakeCurrent: 0x7f672c745200: ver 2 0 (tinfo 0x7f672c72c180)
2024-12-27 07:04:58.665  5196-5217  EGL_emulation           org.kelompok3.todolistapp            D  eglMakeCurrent: 0x7f672c745200: ver 2 0 (tinfo 0x7f672c72c180)
2024-12-27 07:04:58.719  5196-5217  EGL_emulation           org.kelompok3.todolistapp            D  eglMakeCurrent: 0x7f672c745200: ver 2 0 (tinfo 0x7f672c72c180)
2024-12-27 07:04:58.734  5196-5217  EGL_emulation           org.kelompok3.todolistapp            D  eglMakeCurrent: 0x7f672c745200: ver 2 0 (tinfo 0x7f672c72c180)
2024-12-27 07:04:58.771  5196-5217  EGL_emulation           org.kelompok3.todolistapp            D  eglMakeCurrent: 0x7f672c745200: ver 2 0 (tinfo 0x7f672c72c180)
2024-12-27 07:04:58.788  5196-5217  EGL_emulation           org.kelompok3.todolistapp            D  eglMakeCurrent: 0x7f672c745200: ver 2 0 (tinfo 0x7f672c72c180)
2024-12-27 07:04:58.995  5196-5217  EGL_emulation           org.kelompok3.todolistapp            D  eglMakeCurrent: 0x7f672c745200: ver 2 0 (tinfo 0x7f672c72c180)
2024-12-27 07:04:59.344  5196-5217  EGL_emulation           org.kelompok3.todolistapp            D  eglMakeCurrent: 0x7f672c745200: ver 2 0 (tinfo 0x7f672c72c180)
2024-12-27 07:05:05.539  5196-5217  EGL_emulation           org.kelompok3.todolistapp            D  eglMakeCurrent: 0x7f672c745200: ver 2 0 (tinfo 0x7f672c72c180)
2024-12-27 07:05:20.081  5196-5217  EGL_emulation           org.kelompok3.todolistapp            D  eglMakeCurrent: 0x7f672c745200: ver 2 0 (tinfo 0x7f672c72c180)
2024-12-27 07:05:20.190  5196-5217  EGL_emulation           org.kelompok3.todolistapp            D  eglMakeCurrent: 0x7f672c745200: ver 2 0 (tinfo 0x7f672c72c180)
2024-12-27 07:05:20.212  5196-5217  EGL_emulation           org.kelompok3.todolistapp            D  eglMakeCurrent: 0x7f672c745200: ver 2 0 (tinfo 0x7f672c72c180)
2024-12-27 07:05:23.139  5196-5217  OpenGLRenderer          org.kelompok3.todolistapp            D  endAllStagingAnimators on 0x7f672b634400 (RippleDrawable) with handle 0x7f672af74cc0
2024-12-27 07:05:23.149  5196-5217  EGL_emulation           org.kelompok3.todolistapp            D  eglMakeCurrent: 0x7f672c745200: ver 2 0 (tinfo 0x7f672c72c180)
2024-12-27 07:05:29.172  5196-5217  EGL_emulation           org.kelompok3.todolistapp            D  eglMakeCurrent: 0x7f672c745200: ver 2 0 (tinfo 0x7f672c72c180)
2024-12-27 07:05:29.180  5196-5217  EGL_emulation           org.kelompok3.todolistapp            D  eglMakeCurrent: 0x7f672c745200: ver 2 0 (tinfo 0x7f672c72c180)
2024-12-27 07:05:29.214  5196-5217  EGL_emulation           org.kelompok3.todolistapp            D  eglMakeCurrent: 0x7f672c745200: ver 2 0 (tinfo 0x7f672c72c180)
2024-12-27 07:05:29.233  5196-5217  EGL_emulation           org.kelompok3.todolistapp            D  eglMakeCurrent: 0x7f672c745200: ver 2 0 (tinfo 0x7f672c72c180)
2024-12-27 07:05:29.253  5196-5217  EGL_emulation           org.kelompok3.todolistapp            D  eglMakeCurrent: 0x7f672c745200: ver 2 0 (tinfo 0x7f672c72c180)
2024-12-27 07:05:29.259  5196-5217  EGL_emulation           org.kelompok3.todolistapp            D  eglMakeCurrent: 0x7f672c745200: ver 2 0 (tinfo 0x7f672c72c180)
2024-12-27 07:05:29.272  5196-5217  EGL_emulation           org.kelompok3.todolistapp            D  eglMakeCurrent: 0x7f672c745200: ver 2 0 (tinfo 0x7f672c72c180)
2024-12-27 07:05:29.280  5196-5217  EGL_emulation           org.kelompok3.todolistapp            D  eglMakeCurrent: 0x7f672c745200: ver 2 0 (tinfo 0x7f672c72c180)
2024-12-27 07:05:29.292  5196-5217  OpenGLRenderer          org.kelompok3.todolistapp            D  endAllStagingAnimators on 0x7f672aac4400 (RippleDrawable) with handle 0x7f672cfc57a0
2024-12-27 07:05:29.530  5196-5217  EGL_emulation           org.kelompok3.todolistapp            D  eglMakeCurrent: 0x7f672c745200: ver 2 0 (tinfo 0x7f672c72c180)
2024-12-27 07:05:30.377  5196-5217  EGL_emulation           org.kelompok3.todolistapp            D  eglMakeCurrent: 0x7f672c745200: ver 2 0 (tinfo 0x7f672c72c180)
2024-12-27 07:05:34.086  5196-5217  EGL_emulation           org.kelompok3.todolistapp            D  eglMakeCurrent: 0x7f672c745200: ver 2 0 (tinfo 0x7f672c72c180)
2024-12-27 07:05:40.252  5196-5217  EGL_emulation           org.kelompok3.todolistapp            D  eglMakeCurrent: 0x7f672c745200: ver 2 0 (tinfo 0x7f672c72c180)
2024-12-27 07:06:04.670  5196-5217  EGL_emulation           org.kelompok3.todolistapp            D  eglMakeCurrent: 0x7f672c745200: ver 2 0 (tinfo 0x7f672c72c180)
2024-12-27 07:06:14.595  5196-5217  EGL_emulation           org.kelompok3.todolistapp            D  eglMakeCurrent: 0x7f672c745200: ver 2 0 (tinfo 0x7f672c72c180)
2024-12-27 07:06:14.682  5196-5217  EGL_emulation           org.kelompok3.todolistapp            D  eglMakeCurrent: 0x7f672c745200: ver 2 0 (tinfo 0x7f672c72c180)
2024-12-27 07:06:14.694  5196-5217  EGL_emulation           org.kelompok3.todolistapp            D  eglMakeCurrent: 0x7f672c745200: ver 2 0 (tinfo 0x7f672c72c180)
2024-12-27 07:06:18.320  5196-5217  OpenGLRenderer          org.kelompok3.todolistapp            D  endAllStagingAnimators on 0x7f672aac8000 (RippleDrawable) with handle 0x7f672ccc7920
2024-12-27 07:06:18.330  5196-5217  EGL_emulation           org.kelompok3.todolistapp            D  eglMakeCurrent: 0x7f672c745200: ver 2 0 (tinfo 0x7f672c72c180)
2024-12-27 07:06:41.635  5196-5196  System.err              org.kelompok3.todolistapp            W  org.json.JSONException: No value for status
2024-12-27 07:06:41.635  5196-5196  System.err              org.kelompok3.todolistapp            W  	at org.json.JSONObject.get(JSONObject.java:389)
2024-12-27 07:06:41.636  5196-5196  System.err              org.kelompok3.todolistapp            W  	at org.json.JSONObject.getString(JSONObject.java:550)
2024-12-27 07:06:41.636  5196-5196  System.err              org.kelompok3.todolistapp            W  	at org.kelompok3.todolistapp.Database.getTasks(Database.java:95)
2024-12-27 07:06:41.636  5196-5196  System.err              org.kelompok3.todolistapp            W  	at org.kelompok3.todolistapp.MainActivity.loadTasks(MainActivity.java:97)
2024-12-27 07:06:41.636  5196-5196  System.err              org.kelompok3.todolistapp            W  	at org.kelompok3.todolistapp.MainActivity.onResume(MainActivity.java:80)
2024-12-27 07:06:41.636  5196-5196  System.err              org.kelompok3.todolistapp            W  	at android.app.Instrumentation.callActivityOnResume(Instrumentation.java:1241)
2024-12-27 07:06:41.636  5196-5196  System.err              org.kelompok3.todolistapp            W  	at android.app.Activity.performResume(Activity.java:6023)
2024-12-27 07:06:41.636  5196-5196  System.err              org.kelompok3.todolistapp            W  	at android.app.ActivityThread.performResumeActivity(ActivityThread.java:2940)
2024-12-27 07:06:41.636  5196-5196  System.err              org.kelompok3.todolistapp            W  	at android.app.ActivityThread.handleResumeActivity(ActivityThread.java:2982)
2024-12-27 07:06:41.636  5196-5196  System.err              org.kelompok3.todolistapp            W  	at android.app.ActivityThread$H.handleMessage(ActivityThread.java:1322)
2024-12-27 07:06:41.636  5196-5196  System.err              org.kelompok3.todolistapp            W  	at android.os.Handler.dispatchMessage(Handler.java:102)
2024-12-27 07:06:41.637  5196-5196  System.err              org.kelompok3.todolistapp            W  	at android.os.Looper.loop(Looper.java:135)
2024-12-27 07:06:41.637  5196-5196  System.err              org.kelompok3.todolistapp            W  	at android.app.ActivityThread.main(ActivityThread.java:5221)
2024-12-27 07:06:41.637  5196-5196  System.err              org.kelompok3.todolistapp            W  	at java.lang.reflect.Method.invoke(Native Method)
2024-12-27 07:06:41.637  5196-5196  System.err              org.kelompok3.todolistapp            W  	at java.lang.reflect.Method.invoke(Method.java:372)
2024-12-27 07:06:41.637  5196-5196  System.err              org.kelompok3.todolistapp            W  	at com.android.internal.os.ZygoteInit$MethodAndArgsCaller.run(ZygoteInit.java:899)
2024-12-27 07:06:41.637  5196-5196  System.err              org.kelompok3.todolistapp            W  	at com.android.internal.os.ZygoteInit.main(ZygoteInit.java:694)
2024-12-27 07:06:41.674  5196-5217  EGL_emulation           org.kelompok3.todolistapp            D  eglMakeCurrent: 0x7f672c745200: ver 2 0 (tinfo 0x7f672c72c180)
2024-12-27 07:06:41.683  5196-5217  EGL_emulation           org.kelompok3.todolistapp            D  eglMakeCurrent: 0x7f672c745200: ver 2 0 (tinfo 0x7f672c72c180)
2024-12-27 07:06:41.739  5196-5217  EGL_emulation           org.kelompok3.todolistapp            D  eglMakeCurrent: 0x7f672c745200: ver 2 0 (tinfo 0x7f672c72c180)
2024-12-27 07:06:41.758  5196-5217  EGL_emulation           org.kelompok3.todolistapp            D  eglMakeCurrent: 0x7f672c745200: ver 2 0 (tinfo 0x7f672c72c180)
2024-12-27 07:06:41.819  5196-5217  EGL_emulation           org.kelompok3.todolistapp            D  eglMakeCurrent: 0x7f672c745200: ver 2 0 (tinfo 0x7f672c72c180)
2024-12-27 07:06:41.831  5196-5217  EGL_emulation           org.kelompok3.todolistapp            D  eglMakeCurrent: 0x7f672c745200: ver 2 0 (tinfo 0x7f672c72c180)
2024-12-27 07:06:41.844  5196-5217  EGL_emulation           org.kelompok3.todolistapp            D  eglMakeCurrent: 0x7f672c745200: ver 2 0 (tinfo 0x7f672c72c180)
2024-12-27 07:06:41.860  5196-5217  OpenGLRenderer          org.kelompok3.todolistapp            D  endAllStagingAnimators on 0x7f672cc89000 (RippleDrawable) with handle 0x7f672cc709a0
2024-12-27 07:06:42.409  5196-5217  EGL_emulation           org.kelompok3.todolistapp            D  eglMakeCurrent: 0x7f672c745200: ver 2 0 (tinfo 0x7f672c72c180)
2024-12-27 07:06:45.661  5196-5196  System.err              org.kelompok3.todolistapp            W  org.json.JSONException: No value for status
2024-12-27 07:06:45.661  5196-5196  System.err              org.kelompok3.todolistapp            W  	at org.json.JSONObject.get(JSONObject.java:389)
2024-12-27 07:06:45.661  5196-5196  System.err              org.kelompok3.todolistapp            W  	at org.json.JSONObject.getString(JSONObject.java:550)
2024-12-27 07:06:45.661  5196-5196  System.err              org.kelompok3.todolistapp            W  	at org.kelompok3.todolistapp.Database.getTasks(Database.java:95)
2024-12-27 07:06:45.661  5196-5196  System.err              org.kelompok3.todolistapp            W  	at org.kelompok3.todolistapp.MainActivity.loadTasks(MainActivity.java:97)
2024-12-27 07:06:45.661  5196-5196  System.err              org.kelompok3.todolistapp            W  	at org.kelompok3.todolistapp.MainActivity.lambda$onCreate$1$org-kelompok3-todolistapp-MainActivity(MainActivity.java:70)
2024-12-27 07:06:45.661  5196-5196  System.err              org.kelompok3.todolistapp            W  	at org.kelompok3.todolistapp.MainActivity$$ExternalSyntheticLambda1.onCheckedChanged(D8$$SyntheticClass:0)
2024-12-27 07:06:45.661  5196-5196  System.err              org.kelompok3.todolistapp            W  	at android.widget.CompoundButton.setChecked(CompoundButton.java:152)
2024-12-27 07:06:45.661  5196-5196  System.err              org.kelompok3.todolistapp            W  	at android.widget.Switch.setChecked(Switch.java:852)
2024-12-27 07:06:45.661  5196-5196  System.err              org.kelompok3.todolistapp            W  	at android.widget.Switch.toggle(Switch.java:847)
2024-12-27 07:06:45.661  5196-5196  System.err              org.kelompok3.todolistapp            W  	at android.widget.CompoundButton.performClick(CompoundButton.java:124)
2024-12-27 07:06:45.661  5196-5196  System.err              org.kelompok3.todolistapp            W  	at android.view.View$PerformClick.run(View.java:19749)
2024-12-27 07:06:45.662  5196-5196  System.err              org.kelompok3.todolistapp            W  	at android.os.Handler.handleCallback(Handler.java:739)
2024-12-27 07:06:45.662  5196-5196  System.err              org.kelompok3.todolistapp            W  	at android.os.Handler.dispatchMessage(Handler.java:95)
2024-12-27 07:06:45.662  5196-5196  System.err              org.kelompok3.todolistapp            W  	at android.os.Looper.loop(Looper.java:135)
2024-12-27 07:06:45.662  5196-5196  System.err              org.kelompok3.todolistapp            W  	at android.app.ActivityThread.main(ActivityThread.java:5221)
2024-12-27 07:06:45.662  5196-5196  System.err              org.kelompok3.todolistapp            W  	at java.lang.reflect.Method.invoke(Native Method)
2024-12-27 07:06:45.662  5196-5196  System.err              org.kelompok3.todolistapp            W  	at java.lang.reflect.Method.invoke(Method.java:372)
2024-12-27 07:06:45.662  5196-5196  System.err              org.kelompok3.todolistapp            W  	at com.android.internal.os.ZygoteInit$MethodAndArgsCaller.run(ZygoteInit.java:899)
2024-12-27 07:06:45.662  5196-5196  System.err              org.kelompok3.todolistapp            W  	at com.android.internal.os.ZygoteInit.main(ZygoteInit.java:694)
2024-12-27 07:06:46.747  5196-5196  System.err              org.kelompok3.todolistapp            W  org.json.JSONException: No value for status
2024-12-27 07:06:46.748  5196-5196  System.err              org.kelompok3.todolistapp            W  	at org.json.JSONObject.get(JSONObject.java:389)
2024-12-27 07:06:46.748  5196-5196  System.err              org.kelompok3.todolistapp            W  	at org.json.JSONObject.getString(JSONObject.java:550)
2024-12-27 07:06:46.748  5196-5196  System.err              org.kelompok3.todolistapp            W  	at org.kelompok3.todolistapp.Database.getTasks(Database.java:95)
2024-12-27 07:06:46.748  5196-5196  System.err              org.kelompok3.todolistapp            W  	at org.kelompok3.todolistapp.MainActivity.loadTasks(MainActivity.java:97)
2024-12-27 07:06:46.748  5196-5196  System.err              org.kelompok3.todolistapp            W  	at org.kelompok3.todolistapp.MainActivity.lambda$onCreate$1$org-kelompok3-todolistapp-MainActivity(MainActivity.java:70)
2024-12-27 07:06:46.748  5196-5196  System.err              org.kelompok3.todolistapp            W  	at org.kelompok3.todolistapp.MainActivity$$ExternalSyntheticLambda1.onCheckedChanged(D8$$SyntheticClass:0)
2024-12-27 07:06:46.748  5196-5196  System.err              org.kelompok3.todolistapp            W  	at android.widget.CompoundButton.setChecked(CompoundButton.java:152)
2024-12-27 07:06:46.748  5196-5196  System.err              org.kelompok3.todolistapp            W  	at android.widget.Switch.setChecked(Switch.java:852)
2024-12-27 07:06:46.748  5196-5196  System.err              org.kelompok3.todolistapp            W  	at android.widget.Switch.toggle(Switch.java:847)
2024-12-27 07:06:46.748  5196-5196  System.err              org.kelompok3.todolistapp            W  	at android.widget.CompoundButton.performClick(CompoundButton.java:124)
2024-12-27 07:06:46.748  5196-5196  System.err              org.kelompok3.todolistapp            W  	at android.view.View$PerformClick.run(View.java:19749)
2024-12-27 07:06:46.748  5196-5196  System.err              org.kelompok3.todolistapp            W  	at android.os.Handler.handleCallback(Handler.java:739)
2024-12-27 07:06:46.748  5196-5196  System.err              org.kelompok3.todolistapp            W  	at android.os.Handler.dispatchMessage(Handler.java:95)
2024-12-27 07:06:46.749  5196-5196  System.err              org.kelompok3.todolistapp            W  	at android.os.Looper.loop(Looper.java:135)
2024-12-27 07:06:46.749  5196-5196  System.err              org.kelompok3.todolistapp            W  	at android.app.ActivityThread.main(ActivityThread.java:5221)
2024-12-27 07:06:46.749  5196-5196  System.err              org.kelompok3.todolistapp            W  	at java.lang.reflect.Method.invoke(Native Method)
2024-12-27 07:06:46.749  5196-5196  System.err              org.kelompok3.todolistapp            W  	at java.lang.reflect.Method.invoke(Method.java:372)
2024-12-27 07:06:46.749  5196-5196  System.err              org.kelompok3.todolistapp            W  	at com.android.internal.os.ZygoteInit$MethodAndArgsCaller.run(ZygoteInit.java:899)
2024-12-27 07:06:46.749  5196-5196  System.err              org.kelompok3.todolistapp            W  	at com.android.internal.os.ZygoteInit.main(ZygoteInit.java:694)
2024-12-27 07:06:50.156  5196-5217  EGL_emulation           org.kelompok3.todolistapp            D  eglMakeCurrent: 0x7f672c745200: ver 2 0 (tinfo 0x7f672c72c180)
2024-12-27 07:06:53.112  5196-5196  System.err              org.kelompok3.todolistapp            W  org.json.JSONException: No value for status
2024-12-27 07:06:53.112  5196-5196  System.err              org.kelompok3.todolistapp            W  	at org.json.JSONObject.get(JSONObject.java:389)
2024-12-27 07:06:53.112  5196-5196  System.err              org.kelompok3.todolistapp            W  	at org.json.JSONObject.getString(JSONObject.java:550)
2024-12-27 07:06:53.112  5196-5196  System.err              org.kelompok3.todolistapp            W  	at org.kelompok3.todolistapp.Database.getTasks(Database.java:95)
2024-12-27 07:06:53.112  5196-5196  System.err              org.kelompok3.todolistapp            W  	at org.kelompok3.todolistapp.MainActivity.loadTasks(MainActivity.java:97)
2024-12-27 07:06:53.112  5196-5196  System.err              org.kelompok3.todolistapp            W  	at org.kelompok3.todolistapp.MainActivity.onResume(MainActivity.java:80)
2024-12-27 07:06:53.112  5196-5196  System.err              org.kelompok3.todolistapp            W  	at android.app.Instrumentation.callActivityOnResume(Instrumentation.java:1241)
2024-12-27 07:06:53.112  5196-5196  System.err              org.kelompok3.todolistapp            W  	at android.app.Activity.performResume(Activity.java:6023)
2024-12-27 07:06:53.112  5196-5196  System.err              org.kelompok3.todolistapp            W  	at android.app.ActivityThread.performResumeActivity(ActivityThread.java:2940)
2024-12-27 07:06:53.112  5196-5196  System.err              org.kelompok3.todolistapp            W  	at android.app.ActivityThread.handleResumeActivity(ActivityThread.java:2982)
2024-12-27 07:06:53.112  5196-5196  System.err              org.kelompok3.todolistapp            W  	at android.app.ActivityThread$H.handleMessage(ActivityThread.java:1322)
2024-12-27 07:06:53.113  5196-5196  System.err              org.kelompok3.todolistapp            W  	at android.os.Handler.dispatchMessage(Handler.java:102)
2024-12-27 07:06:53.113  5196-5196  System.err              org.kelompok3.todolistapp            W  	at android.os.Looper.loop(Looper.java:135)
2024-12-27 07:06:53.113  5196-5196  System.err              org.kelompok3.todolistapp            W  	at android.app.ActivityThread.main(ActivityThread.java:5221)
2024-12-27 07:06:53.113  5196-5196  System.err              org.kelompok3.todolistapp            W  	at java.lang.reflect.Method.invoke(Native Method)
2024-12-27 07:06:53.113  5196-5196  System.err              org.kelompok3.todolistapp            W  	at java.lang.reflect.Method.invoke(Method.java:372)
2024-12-27 07:06:53.113  5196-5196  System.err              org.kelompok3.todolistapp            W  	at com.android.internal.os.ZygoteInit$MethodAndArgsCaller.run(ZygoteInit.java:899)
2024-12-27 07:06:53.113  5196-5196  System.err              org.kelompok3.todolistapp            W  	at com.android.internal.os.ZygoteInit.main(ZygoteInit.java:694)
2024-12-27 07:06:53.144  5196-5217  EGL_emulation           org.kelompok3.todolistapp            D  eglMakeCurrent: 0x7f672c745200: ver 2 0 (tinfo 0x7f672c72c180)
2024-12-27 07:06:53.152  5196-5217  EGL_emulation           org.kelompok3.todolistapp            D  eglMakeCurrent: 0x7f672c745200: ver 2 0 (tinfo 0x7f672c72c180)
2024-12-27 07:06:53.178  5196-5217  EGL_emulation           org.kelompok3.todolistapp            D  eglMakeCurrent: 0x7f672c745200: ver 2 0 (tinfo 0x7f672c72c180)
2024-12-27 07:06:53.193  5196-5217  EGL_emulation           org.kelompok3.todolistapp            D  eglMakeCurrent: 0x7f672c745200: ver 2 0 (tinfo 0x7f672c72c180)
2024-12-27 07:06:53.222  5196-5217  OpenGLRenderer          org.kelompok3.todolistapp            D  endAllStagingAnimators on 0x7f672aaca400 (RippleDrawable) with handle 0x7f672cca31e0
2024-12-27 07:06:53.479  5196-5217  EGL_emulation           org.kelompok3.todolistapp            D  eglMakeCurrent: 0x7f672c745200: ver 2 0 (tinfo 0x7f672c72c180)
2024-12-27 07:06:54.344  5196-5217  EGL_emulation           org.kelompok3.todolistapp            D  eglMakeCurrent: 0x7f672c745200: ver 2 0 (tinfo 0x7f672c72c180)
2024-12-27 07:06:54.731  5196-5217  EGL_emulation           org.kelompok3.todolistapp            D  eglMakeCurrent: 0x7f672c745200: ver 2 0 (tinfo 0x7f672c72c180)
2024-12-27 07:06:54.754  5196-5217  EGL_emulation           org.kelompok3.todolistapp            D  eglMakeCurrent: 0x7f672c745200: ver 2 0 (tinfo 0x7f672c72c180)
2024-12-27 07:06:54.777  5196-5217  EGL_emulation           org.kelompok3.todolistapp            D  eglMakeCurrent: 0x7f672c745200: ver 2 0 (tinfo 0x7f672c72c180)
2024-12-27 07:06:56.695  5196-5196  System.err              org.kelompok3.todolistapp            W  org.json.JSONException: No value for status
2024-12-27 07:06:56.696  5196-5196  System.err              org.kelompok3.todolistapp            W  	at org.json.JSONObject.get(JSONObject.java:389)
2024-12-27 07:06:56.696  5196-5196  System.err              org.kelompok3.todolistapp            W  	at org.json.JSONObject.getString(JSONObject.java:550)
2024-12-27 07:06:56.696  5196-5196  System.err              org.kelompok3.todolistapp            W  	at org.kelompok3.todolistapp.Database.getTasks(Database.java:95)
2024-12-27 07:06:56.696  5196-5196  System.err              org.kelompok3.todolistapp            W  	at org.kelompok3.todolistapp.MainActivity.loadTasks(MainActivity.java:97)
2024-12-27 07:06:56.696  5196-5196  System.err              org.kelompok3.todolistapp            W  	at org.kelompok3.todolistapp.MainActivity.onResume(MainActivity.java:80)
2024-12-27 07:06:56.696  5196-5196  System.err              org.kelompok3.todolistapp            W  	at android.app.Instrumentation.callActivityOnResume(Instrumentation.java:1241)
2024-12-27 07:06:56.696  5196-5196  System.err              org.kelompok3.todolistapp            W  	at android.app.Activity.performResume(Activity.java:6023)
2024-12-27 07:06:56.696  5196-5196  System.err              org.kelompok3.todolistapp            W  	at android.app.ActivityThread.performResumeActivity(ActivityThread.java:2940)
2024-12-27 07:06:56.696  5196-5196  System.err              org.kelompok3.todolistapp            W  	at android.app.ActivityThread.handleResumeActivity(ActivityThread.java:2982)
2024-12-27 07:06:56.696  5196-5196  System.err              org.kelompok3.todolistapp            W  	at android.app.ActivityThread$H.handleMessage(ActivityThread.java:1322)
2024-12-27 07:06:56.696  5196-5196  System.err              org.kelompok3.todolistapp            W  	at android.os.Handler.dispatchMessage(Handler.java:102)
2024-12-27 07:06:56.696  5196-5196  System.err              org.kelompok3.todolistapp            W  	at android.os.Looper.loop(Looper.java:135)
2024-12-27 07:06:56.696  5196-5196  System.err              org.kelompok3.todolistapp            W  	at android.app.ActivityThread.main(ActivityThread.java:5221)
2024-12-27 07:06:56.696  5196-5196  System.err              org.kelompok3.todolistapp            W  	at java.lang.reflect.Method.invoke(Native Method)
2024-12-27 07:06:56.696  5196-5196  System.err              org.kelompok3.todolistapp            W  	at java.lang.reflect.Method.invoke(Method.java:372)
2024-12-27 07:06:56.696  5196-5196  System.err              org.kelompok3.todolistapp            W  	at com.android.internal.os.ZygoteInit$MethodAndArgsCaller.run(ZygoteInit.java:899)
2024-12-27 07:06:56.696  5196-5196  System.err              org.kelompok3.todolistapp            W  	at com.android.internal.os.ZygoteInit.main(ZygoteInit.java:694)
2024-12-27 07:06:57.356  5196-5217  EGL_emulation           org.kelompok3.todolistapp            D  eglMakeCurrent: 0x7f672c745200: ver 2 0 (tinfo 0x7f672c72c180)
2024-12-27 07:06:57.365  5196-5217  EGL_emulation           org.kelompok3.todolistapp            D  eglMakeCurrent: 0x7f672c745200: ver 2 0 (tinfo 0x7f672c72c180)
2024-12-27 07:06:57.428  5196-5196  Choreographer           org.kelompok3.todolistapp            I  Skipped 42 frames!  The application may be doing too much work on its main thread.
2024-12-27 07:06:57.432  5196-5217  EGL_emulation           org.kelompok3.todolistapp            D  eglMakeCurrent: 0x7f672c745200: ver 2 0 (tinfo 0x7f672c72c180)
2024-12-27 07:06:57.462  5196-5217  EGL_emulation           org.kelompok3.todolistapp            D  eglMakeCurrent: 0x7f672c745200: ver 2 0 (tinfo 0x7f672c72c180)
2024-12-27 07:06:57.547  5196-5217  EGL_emulation           org.kelompok3.todolistapp            D  eglMakeCurrent: 0x7f672c745200: ver 2 0 (tinfo 0x7f672c72c180)
2024-12-27 07:07:39.726  5196-5217  EGL_emulation           org.kelompok3.todolistapp            D  eglMakeCurrent: 0x7f672c745200: ver 2 0 (tinfo 0x7f672c72c180)
2024-12-27 07:08:03.276  5196-5217  EGL_emulation           org.kelompok3.todolistapp            D  eglMakeCurrent: 0x7f672c745200: ver 2 0 (tinfo 0x7f672c72c180)
2024-12-27 07:08:03.398  5196-5217  EGL_emulation           org.kelompok3.todolistapp            D  eglMakeCurrent: 0x7f672c745200: ver 2 0 (tinfo 0x7f672c72c180)
2024-12-27 07:08:03.410  5196-5217  EGL_emulation           org.kelompok3.todolistapp            D  eglMakeCurrent: 0x7f672c745200: ver 2 0 (tinfo 0x7f672c72c180)
2024-12-27 07:08:05.454  5196-5217  EGL_emulation           org.kelompok3.todolistapp            D  eglMakeCurrent: 0x7f672c745200: ver 2 0 (tinfo 0x7f672c72c180)
2024-12-27 07:08:06.514  5196-5196  System.err              org.kelompok3.todolistapp            W  org.json.JSONException: No value for status
2024-12-27 07:08:06.514  5196-5196  System.err              org.kelompok3.todolistapp            W  	at org.json.JSONObject.get(JSONObject.java:389)
2024-12-27 07:08:06.514  5196-5196  System.err              org.kelompok3.todolistapp            W  	at org.json.JSONObject.getString(JSONObject.java:550)
2024-12-27 07:08:06.514  5196-5196  System.err              org.kelompok3.todolistapp            W  	at org.kelompok3.todolistapp.Database.getTasks(Database.java:95)
2024-12-27 07:08:06.515  5196-5196  System.err              org.kelompok3.todolistapp            W  	at org.kelompok3.todolistapp.MainActivity.loadTasks(MainActivity.java:97)
2024-12-27 07:08:06.515  5196-5196  System.err              org.kelompok3.todolistapp            W  	at org.kelompok3.todolistapp.MainActivity.onResume(MainActivity.java:80)
2024-12-27 07:08:06.515  5196-5196  System.err              org.kelompok3.todolistapp            W  	at android.app.Instrumentation.callActivityOnResume(Instrumentation.java:1241)
2024-12-27 07:08:06.515  5196-5196  System.err              org.kelompok3.todolistapp            W  	at android.app.Activity.performResume(Activity.java:6023)
2024-12-27 07:08:06.515  5196-5196  System.err              org.kelompok3.todolistapp            W  	at android.app.ActivityThread.performResumeActivity(ActivityThread.java:2940)
2024-12-27 07:08:06.515  5196-5196  System.err              org.kelompok3.todolistapp            W  	at android.app.ActivityThread.handleResumeActivity(ActivityThread.java:2982)
2024-12-27 07:08:06.515  5196-5196  System.err              org.kelompok3.todolistapp            W  	at android.app.ActivityThread$H.handleMessage(ActivityThread.java:1322)
2024-12-27 07:08:06.515  5196-5196  System.err              org.kelompok3.todolistapp            W  	at android.os.Handler.dispatchMessage(Handler.java:102)
2024-12-27 07:08:06.515  5196-5196  System.err              org.kelompok3.todolistapp            W  	at android.os.Looper.loop(Looper.java:135)
2024-12-27 07:08:06.515  5196-5196  System.err              org.kelompok3.todolistapp            W  	at android.app.ActivityThread.main(ActivityThread.java:5221)
2024-12-27 07:08:06.515  5196-5196  System.err              org.kelompok3.todolistapp            W  	at java.lang.reflect.Method.invoke(Native Method)
2024-12-27 07:08:06.515  5196-5196  System.err              org.kelompok3.todolistapp            W  	at java.lang.reflect.Method.invoke(Method.java:372)
2024-12-27 07:08:06.515  5196-5196  System.err              org.kelompok3.todolistapp            W  	at com.android.internal.os.ZygoteInit$MethodAndArgsCaller.run(ZygoteInit.java:899)
2024-12-27 07:08:06.515  5196-5196  System.err              org.kelompok3.todolistapp            W  	at com.android.internal.os.ZygoteInit.main(ZygoteInit.java:694)
2024-12-27 07:08:06.583  5196-5217  EGL_emulation           org.kelompok3.todolistapp            D  eglMakeCurrent: 0x7f672c745200: ver 2 0 (tinfo 0x7f672c72c180)
2024-12-27 07:08:06.666  5196-5217  EGL_emulation           org.kelompok3.todolistapp            D  eglMakeCurrent: 0x7f672c745200: ver 2 0 (tinfo 0x7f672c72c180)
2024-12-27 07:08:06.783  5196-5217  EGL_emulation           org.kelompok3.todolistapp            D  eglMakeCurrent: 0x7f672c745200: ver 2 0 (tinfo 0x7f672c72c180)
2024-12-27 07:08:06.816  5196-5217  EGL_emulation           org.kelompok3.todolistapp            D  eglMakeCurrent: 0x7f672c745200: ver 2 0 (tinfo 0x7f672c72c180)
2024-12-27 07:08:06.918  5196-5217  EGL_emulation           org.kelompok3.todolistapp            D  eglMakeCurrent: 0x7f672c745200: ver 2 0 (tinfo 0x7f672c72c180)
2024-12-27 07:08:06.948  5196-5217  EGL_emulation           org.kelompok3.todolistapp            D  eglMakeCurrent: 0x7f672c745200: ver 2 0 (tinfo 0x7f672c72c180)
2024-12-27 07:08:06.974  5196-5217  EGL_emulation           org.kelompok3.todolistapp            D  eglMakeCurrent: 0x7f672c745200: ver 2 0 (tinfo 0x7f672c72c180)
2024-12-27 07:08:07.008  5196-5217  EGL_emulation           org.kelompok3.todolistapp            D  eglMakeCurrent: 0x7f672c745200: ver 2 0 (tinfo 0x7f672c72c180)
2024-12-27 07:08:07.214  5196-5217  EGL_emulation           org.kelompok3.todolistapp            D  eglMakeCurrent: 0x7f672c745200: ver 2 0 (tinfo 0x7f672c72c180)
2024-12-27 07:08:07.598  5196-5217  EGL_emulation           org.kelompok3.todolistapp            D  eglMakeCurrent: 0x7f672c745200: ver 2 0 (tinfo 0x7f672c72c180)
2024-12-27 07:08:13.986  5196-5217  EGL_emulation           org.kelompok3.todolistapp            D  eglMakeCurrent: 0x7f672c745200: ver 2 0 (tinfo 0x7f672c72c180)
2024-12-27 07:08:17.948  5196-5217  EGL_emulation           org.kelompok3.todolistapp            D  eglMakeCurrent: 0x7f672c745200: ver 2 0 (tinfo 0x7f672c72c180)
2024-12-27 07:08:18.081  5196-5217  EGL_emulation           org.kelompok3.todolistapp            D  eglMakeCurrent: 0x7f672c745200: ver 2 0 (tinfo 0x7f672c72c180)
2024-12-27 07:08:18.095  5196-5217  EGL_emulation           org.kelompok3.todolistapp            D  eglMakeCurrent: 0x7f672c745200: ver 2 0 (tinfo 0x7f672c72c180)
2024-12-27 07:08:19.846  5196-5217  OpenGLRenderer          org.kelompok3.todolistapp            D  endAllStagingAnimators on 0x7f672af5dc00 (RippleDrawable) with handle 0x7f672b61e220
2024-12-27 07:08:19.862  5196-5217  EGL_emulation           org.kelompok3.todolistapp            D  eglMakeCurrent: 0x7f672c745200: ver 2 0 (tinfo 0x7f672c72c180)
2024-12-27 07:08:34.940  5196-5217  EGL_emulation           org.kelompok3.todolistapp            D  eglMakeCurrent: 0x7f672c745200: ver 2 0 (tinfo 0x7f672c72c180)
2024-12-27 07:08:34.966  5196-5217  EGL_emulation           org.kelompok3.todolistapp            D  eglMakeCurrent: 0x7f672c745200: ver 2 0 (tinfo 0x7f672c72c180)
2024-12-27 07:08:34.993  5196-5217  EGL_emulation           org.kelompok3.todolistapp            D  eglMakeCurrent: 0x7f672c745200: ver 2 0 (tinfo 0x7f672c72c180)
2024-12-27 07:08:35.395  5196-5217  EGL_emulation           org.kelompok3.todolistapp            D  eglMakeCurrent: 0x7f672c745200: ver 2 0 (tinfo 0x7f672c72c180)
2024-12-27 07:08:57.449  5196-5196  System.err              org.kelompok3.todolistapp            W  org.json.JSONException: No value for status
2024-12-27 07:08:57.450  5196-5196  System.err              org.kelompok3.todolistapp            W  	at org.json.JSONObject.get(JSONObject.java:389)
2024-12-27 07:08:57.450  5196-5196  System.err              org.kelompok3.todolistapp            W  	at org.json.JSONObject.getString(JSONObject.java:550)
2024-12-27 07:08:57.450  5196-5196  System.err              org.kelompok3.todolistapp            W  	at org.kelompok3.todolistapp.Database.getTasks(Database.java:95)
2024-12-27 07:08:57.450  5196-5196  System.err              org.kelompok3.todolistapp            W  	at org.kelompok3.todolistapp.MainActivity.loadTasks(MainActivity.java:97)
2024-12-27 07:08:57.450  5196-5196  System.err              org.kelompok3.todolistapp            W  	at org.kelompok3.todolistapp.MainActivity.onResume(MainActivity.java:80)
2024-12-27 07:08:57.450  5196-5196  System.err              org.kelompok3.todolistapp            W  	at android.app.Instrumentation.callActivityOnResume(Instrumentation.java:1241)
2024-12-27 07:08:57.450  5196-5196  System.err              org.kelompok3.todolistapp            W  	at android.app.Activity.performResume(Activity.java:6023)
2024-12-27 07:08:57.450  5196-5196  System.err              org.kelompok3.todolistapp            W  	at android.app.ActivityThread.performResumeActivity(ActivityThread.java:2940)
2024-12-27 07:08:57.450  5196-5196  System.err              org.kelompok3.todolistapp            W  	at android.app.ActivityThread.handleResumeActivity(ActivityThread.java:2982)
2024-12-27 07:08:57.450  5196-5196  System.err              org.kelompok3.todolistapp            W  	at android.app.ActivityThread$H.handleMessage(ActivityThread.java:1322)
2024-12-27 07:08:57.450  5196-5196  System.err              org.kelompok3.todolistapp            W  	at android.os.Handler.dispatchMessage(Handler.java:102)
2024-12-27 07:08:57.450  5196-5196  System.err              org.kelompok3.todolistapp            W  	at android.os.Looper.loop(Looper.java:135)
2024-12-27 07:08:57.450  5196-5196  System.err              org.kelompok3.todolistapp            W  	at android.app.ActivityThread.main(ActivityThread.java:5221)
2024-12-27 07:08:57.450  5196-5196  System.err              org.kelompok3.todolistapp            W  	at java.lang.reflect.Method.invoke(Native Method)
2024-12-27 07:08:57.450  5196-5196  System.err              org.kelompok3.todolistapp            W  	at java.lang.reflect.Method.invoke(Method.java:372)
2024-12-27 07:08:57.450  5196-5196  System.err              org.kelompok3.todolistapp            W  	at com.android.internal.os.ZygoteInit$MethodAndArgsCaller.run(ZygoteInit.java:899)
2024-12-27 07:08:57.451  5196-5196  System.err              org.kelompok3.todolistapp            W  	at com.android.internal.os.ZygoteInit.main(ZygoteInit.java:694)
2024-12-27 07:08:57.480  5196-5217  EGL_emulation           org.kelompok3.todolistapp            D  eglMakeCurrent: 0x7f672c745200: ver 2 0 (tinfo 0x7f672c72c180)
2024-12-27 07:08:57.489  5196-5217  EGL_emulation           org.kelompok3.todolistapp            D  eglMakeCurrent: 0x7f672c745200: ver 2 0 (tinfo 0x7f672c72c180)
2024-12-27 07:08:57.547  5196-5217  EGL_emulation           org.kelompok3.todolistapp            D  eglMakeCurrent: 0x7f672c745200: ver 2 0 (tinfo 0x7f672c72c180)
2024-12-27 07:08:57.580  5196-5217  EGL_emulation           org.kelompok3.todolistapp            D  eglMakeCurrent: 0x7f672c745200: ver 2 0 (tinfo 0x7f672c72c180)
2024-12-27 07:08:57.630  5196-5217  EGL_emulation           org.kelompok3.todolistapp            D  eglMakeCurrent: 0x7f672c745200: ver 2 0 (tinfo 0x7f672c72c180)
