2024-12-27 06:49:03.553  2633-4615  Fitness                 com.google.android.gms.persistent    I  FitCleanupIntentOperation received Intent android.intent.action.PACKAGE_REMOVED [CONTEXT service_id=17 ]
2024-12-27 06:49:03.569  1587-1612  VoiceInter...gerService system_process                       W  no available voice recognition services found for user 0
2024-12-27 06:49:03.613  2735-4622  Auth                    com.google.android.gms               I  [SupervisedAccountIntentOperation] onHandleIntent(): android.intent.action.PACKAGE_ADDED
2024-12-27 06:49:03.616  2735-4622  ChromeSync              com.google.android.gms               I  [Sync,SyncIntentOperation] Handling the intent: Intent { act=android.intent.action.PACKAGE_ADDED dat=package:org.kelompok3.todolistapp flg=0x4000010 cmp=com.google.android.gms/.chimera.GmsIntentOperationService (has extras) }.
2024-12-27 06:49:03.619  1587-2530  ActivityManager         system_process                       W  Unable to start service Intent { act=com.google.android.gms.auth.key.retrieval.service.START pkg=com.google.android.gms } U=0: not found
2024-12-27 06:49:03.619  1587-1608  ActivityManager         system_process                       W  Unbind failed: could not find connection for android.os.BinderProxy@91f09d8
2024-12-27 06:49:03.620  2735-2814  GmsClient               com.google.android.gms               E  unable to connect to service: com.google.android.gms.auth.key.retrieval.service.START on com.google.android.gms
2024-12-27 06:49:03.624  1587-1626  art                     system_process                       I  Explicit concurrent mark sweep GC freed 5375(254KB) AllocSpace objects, 0(0B) LOS objects, 26% free, 11MB/15MB, paused 1.382ms total 100.810ms
2024-12-27 06:49:03.646  4589-4589  AndroidRuntime          pid-4589                             D  Shutting down VM
2024-12-27 06:49:03.651  2735-4622  ChromeSync              com.google.android.gms               I  [Persistence,AffiliationManager] One of affiliation or grouping data for android://CDmcdx89955snvGBQv-DmCtOOmRMMcvvikHDStUUIA6OjeSy1B5beTHiIfbzU-TLHS_zWm66iDs_4SKfLgH28Q==@org.kelompok3.todolistapp/ was not found. Marking affiliation data as stale...
2024-12-27 06:49:03.672  4589-4595  art                     pid-4589                             I  Debugger is no longer active
2024-12-27 06:49:03.704  2735-2962  Icing                   com.google.android.gms               I  IndexChimeraService.getServiceInterface callingPackage=com.google.android.gms componentName=AppsCorpus serviceId=36
2024-12-27 06:49:03.719  2735-2934  Icing                   com.google.android.gms               I  Usage reports ok 0, Failed Usage reports 0, indexed 0, rejected 0
2024-12-27 06:49:03.722  2735-2934  Icing                   com.google.android.gms               I  Indexing com.google.android.gms-apps from com.google.android.gms
2024-12-27 06:49:03.739  2735-2934  Icing                   com.google.android.gms               I  Indexing done com.google.android.gms-apps
2024-12-27 06:49:03.739  2735-2934  Icing                   com.google.android.gms               I  Indexing com.google.android.gms-internal.3p:MobileApplication from com.google.android.gms
2024-12-27 06:49:03.743  2735-4622  FontLog                 com.google.android.gms               I  Package org.kelompok3.todolistapp has no metadata [CONTEXT service_id=132 ]
2024-12-27 06:49:03.738  2735-2962  Icing                   com.google.android.gms               I  IndexChimeraService.getServiceInterface callingPackage=com.google.android.gms componentName=null serviceId=30
2024-12-27 06:49:03.812  2735-2934  Icing                   com.google.android.gms               I  Usage reports ok 0, Failed Usage reports 0, indexed 0, rejected 0
2024-12-27 06:49:03.815  2735-2934  Icing                   com.google.android.gms               I  Indexing done com.google.android.gms-internal.3p:MobileApplication
2024-12-27 06:49:03.819  2735-2934  Icing                   com.google.android.gms               I  Indexing com.google.android.gms-internal.3p:MobileApplication from com.google.android.gms
2024-12-27 06:49:03.821  2735-2934  Icing                   com.google.android.gms               I  Indexing done com.google.android.gms-internal.3p:MobileApplication
2024-12-27 06:49:03.822  2735-2934  Icing                   com.google.android.gms               I  Indexing com.google.android.gms-apps from com.google.android.gms
2024-12-27 06:49:03.829  2735-2934  Icing                   com.google.android.gms               I  Indexing done com.google.android.gms-apps
2024-12-27 06:49:03.992  4631-4631  AndroidRuntime          pid-4631                             D
                                                                                                    >>>>>> AndroidRuntime START com.android.internal.os.RuntimeInit <<<<<<
2024-12-27 06:49:03.994  4631-4631  AndroidRuntime          pid-4631                             D  CheckJNI is ON
2024-12-27 06:49:04.044  4631-4631  memtrack                pid-4631                             E  Couldn't load memtrack module (No such file or directory)
2024-12-27 06:49:04.044  4631-4631  android.os.Debug        pid-4631                             E  failed to load memtrack module: -2
2024-12-27 06:49:04.068  4631-4631  AndroidRuntime          pid-4631                             D  Calling main entry com.android.commands.am.Am
2024-12-27 06:49:04.074  1587-2460  ActivityManager         system_process                       I  START u0 {act=android.intent.action.MAIN cat=[android.intent.category.LAUNCHER] flg=0x10000000 cmp=org.kelompok3.todolistapp/.MainActivity} from uid 0 on display 0
2024-12-27 06:49:04.079  4631-4631  AndroidRuntime          pid-4631                             D  Shutting down VM
2024-12-27 06:49:04.086  4631-4637  art                     pid-4631                             I  Debugger is no longer active
2024-12-27 06:49:04.096  4645-4645  art                     pid-4645                             I  Not late-enabling -Xcheck:jni (already on)
2024-12-27 06:49:04.102  1587-2188  ActivityManager         system_process                       I  Start proc org.kelompok3.todolistapp for activity org.kelompok3.todolistapp/.MainActivity: pid=4645 uid=10058 gids={50058, 9997} abi=x86_64
1970-01-01 07:00:00.000     0-0     <no-tag>                                                     I  ---------------------------- PROCESS STARTED (4645) for package org.kelompok3.todolistapp ----------------------------
2024-12-27 06:49:04.127  1168-1261  gralloc_ranchu          pid-1168                             D  gralloc_alloc: Creating ashmem region of size 10371072
2024-12-27 06:49:04.160  2614-2732  EGL_emulation           com.android.launcher                 D  eglMakeCurrent: 0x7f672e83e200: ver 2 0 (tinfo 0x7f672e82c180)
2024-12-27 06:49:04.191  4645-4660  art                     org.kelompok3.todolistapp            I  Background sticky concurrent mark sweep GC freed 1559(75KB) AllocSpace objects, 0(0B) LOS objects, 0% free, 1214KB/1214KB, paused 5.004ms total 34.733ms
2024-12-27 06:49:04.218  2227-2724  EGL_emulation           com.android.systemui                 D  eglMakeCurrent: 0x7f673a02e200: ver 2 0 (tinfo 0x7f673a00fe00)
2024-12-27 06:49:04.227  2227-2724  EGL_emulation           com.android.systemui                 D  eglMakeCurrent: 0x7f673a02e200: ver 2 0 (tinfo 0x7f673a00fe00)
2024-12-27 06:49:04.244  2227-2724  EGL_emulation           com.android.systemui                 D  eglMakeCurrent: 0x7f673a02e200: ver 2 0 (tinfo 0x7f673a00fe00)
2024-12-27 06:49:04.250  2227-2724  EGL_emulation           com.android.systemui                 D  eglMakeCurrent: 0x7f673a02e200: ver 2 0 (tinfo 0x7f673a00fe00)
2024-12-27 06:49:04.265  2227-2724  EGL_emulation           com.android.systemui                 D  eglMakeCurrent: 0x7f673a02e200: ver 2 0 (tinfo 0x7f673a00fe00)
2024-12-27 06:49:04.265  4645-4645  AppCompatDelegate       org.kelompok3.todolistapp            D  Checking for metadata for AppLocalesMetadataHolderService : Service not found
2024-12-27 06:49:04.273  2227-2724  EGL_emulation           com.android.systemui                 D  eglMakeCurrent: 0x7f673a02e200: ver 2 0 (tinfo 0x7f673a00fe00)
2024-12-27 06:49:04.286  4645-4645  art                     org.kelompok3.todolistapp            W  Before Android 4.1, method android.graphics.PorterDuffColorFilter androidx.vectordrawable.graphics.drawable.VectorDrawableCompat.updateTintFilter(android.graphics.PorterDuffColorFilter, android.content.res.ColorStateList, android.graphics.PorterDuff$Mode) would have incorrectly overridden the package-private method in android.graphics.drawable.Drawable
2024-12-27 06:49:04.290  2227-2724  EGL_emulation           com.android.systemui                 D  eglMakeCurrent: 0x7f673a02e200: ver 2 0 (tinfo 0x7f673a00fe00)
2024-12-27 06:49:04.299  2227-2724  EGL_emulation           com.android.systemui                 D  eglMakeCurrent: 0x7f673a02e200: ver 2 0 (tinfo 0x7f673a00fe00)
2024-12-27 06:49:04.315  2227-2724  EGL_emulation           com.android.systemui                 D  eglMakeCurrent: 0x7f673a02e200: ver 2 0 (tinfo 0x7f673a00fe00)
2024-12-27 06:49:04.324  2227-2724  EGL_emulation           com.android.systemui                 D  eglMakeCurrent: 0x7f673a02e200: ver 2 0 (tinfo 0x7f673a00fe00)
2024-12-27 06:49:04.343  2227-2724  EGL_emulation           com.android.systemui                 D  eglMakeCurrent: 0x7f673a02e200: ver 2 0 (tinfo 0x7f673a00fe00)
2024-12-27 06:49:04.355  2227-2724  EGL_emulation           com.android.systemui                 D  eglMakeCurrent: 0x7f673a02e200: ver 2 0 (tinfo 0x7f673a00fe00)
2024-12-27 06:49:04.379  2227-2724  EGL_emulation           com.android.systemui                 D  eglMakeCurrent: 0x7f673a02e200: ver 2 0 (tinfo 0x7f673a00fe00)
2024-12-27 06:49:04.386  2227-2724  EGL_emulation           com.android.systemui                 D  eglMakeCurrent: 0x7f673a02e200: ver 2 0 (tinfo 0x7f673a00fe00)
2024-12-27 06:49:04.399  2227-2724  EGL_emulation           com.android.systemui                 D  eglMakeCurrent: 0x7f673a02e200: ver 2 0 (tinfo 0x7f673a00fe00)
2024-12-27 06:49:04.407  2227-2724  EGL_emulation           com.android.systemui                 D  eglMakeCurrent: 0x7f673a02e200: ver 2 0 (tinfo 0x7f673a00fe00)
2024-12-27 06:49:04.409  4645-4660  art                     org.kelompok3.todolistapp            I  Background sticky concurrent mark sweep GC freed 154(16KB) AllocSpace objects, 0(0B) LOS objects, 6% free, 2MB/2MB, paused 5.136ms total 19.012ms
2024-12-27 06:49:04.419  2227-2724  EGL_emulation           com.android.systemui                 D  eglMakeCurrent: 0x7f673a02e200: ver 2 0 (tinfo 0x7f673a00fe00)
2024-12-27 06:49:04.428  2227-2724  EGL_emulation           com.android.systemui                 D  eglMakeCurrent: 0x7f673a02e200: ver 2 0 (tinfo 0x7f673a00fe00)
2024-12-27 06:49:04.631  4645-4645  AndroidRuntime          org.kelompok3.todolistapp            D  Shutting down VM
2024-12-27 06:49:04.632  4645-4645  AndroidRuntime          org.kelompok3.todolistapp            E  FATAL EXCEPTION: main (Ask Gemini)
                                                                                                    Process: org.kelompok3.todolistapp, PID: 4645
                                                                                                    java.lang.NoClassDefFoundError: Failed resolution of: Ljava/time/format/DateTimeFormatter;
                                                                                                    	at org.kelompok3.todolistapp.Database.<init>(Database.java:25)
                                                                                                    	at org.kelompok3.todolistapp.MainActivity.onCreate(MainActivity.java:56)
                                                                                                    	at android.app.Activity.performCreate(Activity.java:5937)
                                                                                                    	at android.app.Instrumentation.callActivityOnCreate(Instrumentation.java:1105)
                                                                                                    	at android.app.ActivityThread.performLaunchActivity(ActivityThread.java:2251)
                                                                                                    	at android.app.ActivityThread.handleLaunchActivity(ActivityThread.java:2360)
                                                                                                    	at android.app.ActivityThread.access$800(ActivityThread.java:144)
                                                                                                    	at android.app.ActivityThread$H.handleMessage(ActivityThread.java:1278)
                                                                                                    	at android.os.Handler.dispatchMessage(Handler.java:102)
                                                                                                    	at android.os.Looper.loop(Looper.java:135)
                                                                                                    	at android.app.ActivityThread.main(ActivityThread.java:5221)
                                                                                                    	at java.lang.reflect.Method.invoke(Native Method)
                                                                                                    	at java.lang.reflect.Method.invoke(Method.java:372)
                                                                                                    	at com.android.internal.os.ZygoteInit$MethodAndArgsCaller.run(ZygoteInit.java:899)
                                                                                                    	at com.android.internal.os.ZygoteInit.main(ZygoteInit.java:694)
                                                                                                    Caused by: java.lang.ClassNotFoundException: Didn't find class "java.time.format.DateTimeFormatter" on path: DexPathList[[zip file "/data/app/org.kelompok3.todolistapp-2/base.apk"],nativeLibraryDirectories=[/vendor/lib64, /system/lib64]]
                                                                                                    	at dalvik.system.BaseDexClassLoader.findClass(BaseDexClassLoader.java:56)
                                                                                                    	at java.lang.ClassLoader.loadClass(ClassLoader.java:511)
                                                                                                    	at java.lang.ClassLoader.loadClass(ClassLoader.java:469)
                                                                                                    	at org.kelompok3.todolistapp.Database.<init>(Database.java:25)
                                                                                                    	at org.kelompok3.todolistapp.MainActivity.onCreate(MainActivity.java:56)
                                                                                                    	at android.app.Activity.performCreate(Activity.java:5937)
                                                                                                    	at android.app.Instrumentation.callActivityOnCreate(Instrumentation.java:1105)
                                                                                                    	at android.app.ActivityThread.performLaunchActivity(ActivityThread.java:2251)
                                                                                                    	at android.app.ActivityThread.handleLaunchActivity(ActivityThread.java:2360)
                                                                                                    	at android.app.ActivityThread.access$800(ActivityThread.java:144)
                                                                                                    	at android.app.ActivityThread$H.handleMessage(ActivityThread.java:1278)
                                                                                                    	at android.os.Handler.dispatchMessage(Handler.java:102)
                                                                                                    	at android.os.Looper.loop(Looper.java:135)
                                                                                                    	at android.app.ActivityThread.main(ActivityThread.java:5221)
                                                                                                    	at java.lang.reflect.Method.invoke(Native Method)
                                                                                                    	at java.lang.reflect.Method.invoke(Method.java:372)
                                                                                                    	at com.android.internal.os.ZygoteInit$MethodAndArgsCaller.run(ZygoteInit.java:899)
                                                                                                    	at com.android.internal.os.ZygoteInit.main(ZygoteInit.java:694)
                                                                                                    	Suppressed: java.lang.ClassNotFoundException: java.time.format.DateTimeFormatter
                                                                                                    		at java.lang.Class.classForName(Native Method)
                                                                                                    		at java.lang.BootClassLoader.findClass(ClassLoader.java:781)
                                                                                                    		at java.lang.BootClassLoader.loadClass(ClassLoader.java:841)
                                                                                                    		at java.lang.ClassLoader.loadClass(ClassLoader.java:504)
                                                                                                    		... 16 more
                                                                                                    	Caused by: java.lang.NoClassDefFoundError: Class not found using the boot class loader; no stack available
2024-12-27 06:49:04.633  1587-3389  ActivityManager         system_process                       W    Force finishing activity org.kelompok3.todolistapp/.MainActivity
2024-12-27 06:49:04.641  1168-1259  gralloc_ranchu          pid-1168                             D  gralloc_alloc: Creating ashmem region of size 1019904
2024-12-27 06:49:04.645  1587-3389  <no-tag>                system_process                       D  HostConnection::get() New Host Connection established 0x7f673a1f5550, tid 3389
2024-12-27 06:49:04.651  1168-1168  EGL_emulation           pid-1168                             E  tid 1168: eglCreateSyncKHR(1881): error 0x3004 (EGL_BAD_ATTRIBUTE)
2024-12-27 06:49:04.765  1587-3967  OpenGLRenderer          system_process                       I  Initialized EGL, version 1.4
2024-12-27 06:49:04.768  1587-3967  EGL_emulation           system_process                       D  eglCreateContext: 0x7f6728bc7840: maj 2 min 0 rcv 2
2024-12-27 06:49:04.775  1587-3967  EGL_emulation           system_process                       D  eglMakeCurrent: 0x7f6728bc7840: ver 2 0 (tinfo 0x7f6724b0e240)
2024-12-27 06:49:04.783  1587-3967  EGL_emulation           system_process                       D  eglMakeCurrent: 0x7f6728bc7840: ver 2 0 (tinfo 0x7f6724b0e240)
2024-12-27 06:49:05.207  1587-1613  ActivityManager         system_process                       W  Activity pause timeout for ActivityRecord{37d4489b u0 org.kelompok3.todolistapp/.MainActivity t8 f}
2024-12-27 06:49:05.253  2614-2732  EGL_emulation           com.android.launcher                 D  eglMakeCurrent: 0x7f672e83e200: ver 2 0 (tinfo 0x7f672e82c180)
2024-12-27 06:49:05.297  2227-2724  EGL_emulation           com.android.systemui                 D  eglMakeCurrent: 0x7f673a02e200: ver 2 0 (tinfo 0x7f673a00fe00)
2024-12-27 06:49:05.310  2227-2724  EGL_emulation           com.android.systemui                 D  eglMakeCurrent: 0x7f673a02e200: ver 2 0 (tinfo 0x7f673a00fe00)
2024-12-27 06:49:05.315  2227-2724  EGL_emulation           com.android.systemui                 D  eglMakeCurrent: 0x7f673a02e200: ver 2 0 (tinfo 0x7f673a00fe00)
2024-12-27 06:49:05.327  2227-2724  EGL_emulation           com.android.systemui                 D  eglMakeCurrent: 0x7f673a02e200: ver 2 0 (tinfo 0x7f673a00fe00)
2024-12-27 06:49:05.332  2227-2724  EGL_emulation           com.android.systemui                 D  eglMakeCurrent: 0x7f673a02e200: ver 2 0 (tinfo 0x7f673a00fe00)
2024-12-27 06:49:05.344  2227-2724  EGL_emulation           com.android.systemui                 D  eglMakeCurrent: 0x7f673a02e200: ver 2 0 (tinfo 0x7f673a00fe00)
2024-12-27 06:49:05.349  2227-2724  EGL_emulation           com.android.systemui                 D  eglMakeCurrent: 0x7f673a02e200: ver 2 0 (tinfo 0x7f673a00fe00)
2024-12-27 06:49:05.360  2227-2724  EGL_emulation           com.android.systemui                 D  eglMakeCurrent: 0x7f673a02e200: ver 2 0 (tinfo 0x7f673a00fe00)
2024-12-27 06:49:05.366  2227-2724  EGL_emulation           com.android.systemui                 D  eglMakeCurrent: 0x7f673a02e200: ver 2 0 (tinfo 0x7f673a00fe00)
2024-12-27 06:49:05.377  2227-2724  EGL_emulation           com.android.systemui                 D  eglMakeCurrent: 0x7f673a02e200: ver 2 0 (tinfo 0x7f673a00fe00)
2024-12-27 06:49:05.381  2227-2724  EGL_emulation           com.android.systemui                 D  eglMakeCurrent: 0x7f673a02e200: ver 2 0 (tinfo 0x7f673a00fe00)
2024-12-27 06:49:05.393  2227-2724  EGL_emulation           com.android.systemui                 D  eglMakeCurrent: 0x7f673a02e200: ver 2 0 (tinfo 0x7f673a00fe00)
2024-12-27 06:49:05.397  2227-2724  EGL_emulation           com.android.systemui                 D  eglMakeCurrent: 0x7f673a02e200: ver 2 0 (tinfo 0x7f673a00fe00)
2024-12-27 06:49:05.410  2227-2724  EGL_emulation           com.android.systemui                 D  eglMakeCurrent: 0x7f673a02e200: ver 2 0 (tinfo 0x7f673a00fe00)
2024-12-27 06:49:05.415  2227-2724  EGL_emulation           com.android.systemui                 D  eglMakeCurrent: 0x7f673a02e200: ver 2 0 (tinfo 0x7f673a00fe00)
2024-12-27 06:49:05.427  2227-2724  EGL_emulation           com.android.systemui                 D  eglMakeCurrent: 0x7f673a02e200: ver 2 0 (tinfo 0x7f673a00fe00)
2024-12-27 06:49:05.432  2227-2724  EGL_emulation           com.android.systemui                 D  eglMakeCurrent: 0x7f673a02e200: ver 2 0 (tinfo 0x7f673a00fe00)
2024-12-27 06:49:05.444  2227-2724  EGL_emulation           com.android.systemui                 D  eglMakeCurrent: 0x7f673a02e200: ver 2 0 (tinfo 0x7f673a00fe00)
2024-12-27 06:49:05.449  2227-2724  EGL_emulation           com.android.systemui                 D  eglMakeCurrent: 0x7f673a02e200: ver 2 0 (tinfo 0x7f673a00fe00)
2024-12-27 06:49:05.460  2227-2724  EGL_emulation           com.android.systemui                 D  eglMakeCurrent: 0x7f673a02e200: ver 2 0 (tinfo 0x7f673a00fe00)
2024-12-27 06:49:05.466  2227-2724  EGL_emulation           com.android.systemui                 D  eglMakeCurrent: 0x7f673a02e200: ver 2 0 (tinfo 0x7f673a00fe00)
2024-12-27 06:49:05.477  2227-2724  EGL_emulation           com.android.systemui                 D  eglMakeCurrent: 0x7f673a02e200: ver 2 0 (tinfo 0x7f673a00fe00)
2024-12-27 06:49:05.483  2227-2724  EGL_emulation           com.android.systemui                 D  eglMakeCurrent: 0x7f673a02e200: ver 2 0 (tinfo 0x7f673a00fe00)
2024-12-27 06:49:05.493  2227-2724  EGL_emulation           com.android.systemui                 D  eglMakeCurrent: 0x7f673a02e200: ver 2 0 (tinfo 0x7f673a00fe00)
2024-12-27 06:49:05.499  2227-2724  EGL_emulation           com.android.systemui                 D  eglMakeCurrent: 0x7f673a02e200: ver 2 0 (tinfo 0x7f673a00fe00)
2024-12-27 06:49:05.510  2227-2724  EGL_emulation           com.android.systemui                 D  eglMakeCurrent: 0x7f673a02e200: ver 2 0 (tinfo 0x7f673a00fe00)
2024-12-27 06:49:11.564  1587-2044  AudioTrack              system_process                       W  AUDIO_OUTPUT_FLAG_FAST denied by client
1970-01-01 07:00:00.000     0-0     <no-tag>                                                     I  ---------------------------- PROCESS ENDED (4645) for package org.kelompok3.todolistapp ----------------------------
2024-12-27 06:49:11.585  4645-4645  Process                 org.kelompok3.todolistapp            I  Sending signal. PID: 4645 SIG: 9
2024-12-27 06:49:11.596  1587-3388  ActivityManager         system_process                       I  Process org.kelompok3.todolistapp (pid 4645) has died
2024-12-27 06:49:11.614  1587-3967  OpenGLRenderer          system_process                       D  endAllStagingAnimators on 0x7f6727760000 (RippleDrawable) with handle 0x7f6724b0e640
2024-12-27 06:49:11.617  1587-3967  EGL_emulation           system_process                       D  eglMakeCurrent: 0x7f6728bc7840: ver 2 0 (tinfo 0x7f6724b0e240)
2024-12-27 06:49:11.621  1587-3174  InputMetho...gerService system_process                       W  Window already focused, ignoring focus gain of: com.android.internal.view.IInputMethodClient$Stub$Proxy@9ce56ae attribute=null, token = android.os.BinderProxy@a877842
2024-12-27 06:49:12.129  2614-2732  OpenGLRenderer          com.android.launcher                 W  Incorrectly called buildLayer on View: ShortcutAndWidgetContainer, destroying layer...
2024-12-27 06:49:15.115  1587-2061  TaskPersister           system_process                       D  removeObsoleteFile: deleting file=8_task.xml
2024-12-27 06:49:15.116  1587-2061  TaskPersister           system_process                       D  removeObsoleteFile: deleting file=8_task_thumbnail.png
2024-12-27 06:49:15.327  4671-4671  AndroidRuntime          pid-4671                             D
                                                                                                    >>>>>> AndroidRuntime START com.android.internal.os.RuntimeInit <<<<<<
2024-12-27 06:49:15.329  4671-4671  AndroidRuntime          pid-4671                             D  CheckJNI is ON
2024-12-27 06:49:15.394  4671-4671  memtrack                pid-4671                             E  Couldn't load memtrack module (No such file or directory)
2024-12-27 06:49:15.394  4671-4671  android.os.Debug        pid-4671                             E  failed to load memtrack module: -2
2024-12-27 06:49:15.410  4671-4671  AndroidRuntime          pid-4671                             D  Calling main entry com.android.commands.am.Am
2024-12-27 06:49:15.415  1587-2532  ActivityManager         system_process                       I  Force stopping org.kelompok3.todolistapp appid=10058 user=0: from pid 4671
2024-12-27 06:49:15.416  4671-4671  AndroidRuntime          pid-4671                             D  Shutting down VM
2024-12-27 06:49:15.424  4671-4677  art                     pid-4671                             I  Debugger is no longer active
2024-12-27 06:49:15.733  4688-4688  AndroidRuntime          pid-4688                             D
                                                                                                    >>>>>> AndroidRuntime START com.android.internal.os.RuntimeInit <<<<<<
2024-12-27 06:49:15.735  4688-4688  AndroidRuntime          pid-4688                             D  CheckJNI is ON
2024-12-27 06:49:15.788  4688-4688  memtrack                pid-4688                             E  Couldn't load memtrack module (No such file or directory)
2024-12-27 06:49:15.788  4688-4688  android.os.Debug        pid-4688                             E  failed to load memtrack module: -2
2024-12-27 06:49:15.813  4688-4688  AndroidRuntime          pid-4688                             D  Calling main entry com.android.commands.am.Am
2024-12-27 06:49:15.817  1587-2531  ActivityManager         system_process                       I  Force stopping org.kelompok3.todolistapp appid=10058 user=0: from pid 4688
2024-12-27 06:49:15.819  4688-4688  AndroidRuntime          pid-4688                             D  Shutting down VM
2024-12-27 06:49:15.825  4688-4694  art                     pid-4688                             I  Debugger is no longer active
2024-12-27 06:49:16.130  4705-4705  AndroidRuntime          pid-4705                             D
                                                                                                    >>>>>> AndroidRuntime START com.android.internal.os.RuntimeInit <<<<<<
2024-12-27 06:49:16.131  4705-4705  AndroidRuntime          pid-4705                             D  CheckJNI is ON
2024-12-27 06:49:16.173  4705-4705  memtrack                pid-4705                             E  Couldn't load memtrack module (No such file or directory)
2024-12-27 06:49:16.173  4705-4705  android.os.Debug        pid-4705                             E  failed to load memtrack module: -2
2024-12-27 06:49:16.191  4705-4705  AndroidRuntime          pid-4705                             D  Calling main entry com.android.commands.pm.Pm
2024-12-27 06:49:16.199  4705-4705  AndroidRuntime          pid-4705                             D  Shutting down VM
2024-12-27 06:49:16.205  4705-4711  art                     pid-4705                             I  Debugger is no longer active
2024-12-27 06:49:16.504  4722-4722  AndroidRuntime          pid-4722                             D
                                                                                                    >>>>>> AndroidRuntime START com.android.internal.os.RuntimeInit <<<<<<
2024-12-27 06:49:16.505  4722-4722  AndroidRuntime          pid-4722                             D  CheckJNI is ON
2024-12-27 06:49:16.544  4722-4722  memtrack                pid-4722                             E  Couldn't load memtrack module (No such file or directory)
2024-12-27 06:49:16.544  4722-4722  android.os.Debug        pid-4722                             E  failed to load memtrack module: -2
2024-12-27 06:49:16.567  4722-4722  AndroidRuntime          pid-4722                             D  Calling main entry com.android.commands.pm.Pm
2024-12-27 06:49:16.579  1182-1182  installd                pid-1182                             I  free_cache(7979850) avail 1464639488
2024-12-27 06:49:16.767  4722-4722  AndroidRuntime          pid-4722                             D  Shutting down VM
2024-12-27 06:49:17.078  4737-4737  AndroidRuntime          pid-4737                             D
                                                                                                    >>>>>> AndroidRuntime START com.android.internal.os.RuntimeInit <<<<<<
2024-12-27 06:49:17.079  4737-4737  AndroidRuntime          pid-4737                             D  CheckJNI is ON
2024-12-27 06:49:17.117  4737-4737  memtrack                pid-4737                             E  Couldn't load memtrack module (No such file or directory)
2024-12-27 06:49:17.117  4737-4737  android.os.Debug        pid-4737                             E  failed to load memtrack module: -2
2024-12-27 06:49:17.139  4737-4737  AndroidRuntime          pid-4737                             D  Calling main entry com.android.commands.pm.Pm
2024-12-27 06:49:17.524  1587-1626  PackageManager          system_process                       D  /data/app/vmdl1794903863.tmp already staged; skipping copy
2024-12-27 06:49:17.894  1587-1626  PackageManager          system_process                       D  Renaming /data/app/vmdl1794903863.tmp to /data/app/org.kelompok3.todolistapp-1
2024-12-27 06:49:17.894  1587-1613  ActivityManager         system_process                       I  Force stopping org.kelompok3.todolistapp appid=10058 user=-1: uninstall pkg
2024-12-27 06:49:17.914  1587-1626  PackageManager          system_process                       I  Package org.kelompok3.todolistapp codePath changed from /data/app/org.kelompok3.todolistapp-2 to /data/app/org.kelompok3.todolistapp-1; Retaining data and using new
2024-12-27 06:49:17.920  1587-1626  art                     system_process                       I  DexFile_isDexOptNeeded failed to open oat file '/data/dalvik-cache/x86_64/data@app@org.kelompok3.todolistapp-1@base.apk@classes.dex' for file location '/data/app/org.kelompok3.todolistapp-1/base.apk': Failed to open oat filename for reading: No such file or directory
2024-12-27 06:49:17.920  1587-1626  art                     system_process                       I  DexFile_isDexOptNeeded failed to open oat file '/data/app/org.kelompok3.todolistapp-1/x86_64/base.odex' for file location '/data/app/org.kelompok3.todolistapp-1/base.apk': Failed to open oat filename for reading: No such file or directory
2024-12-27 06:49:17.920  1587-1626  PackageManager          system_process                       I  Running dexopt on: /data/app/org.kelompok3.todolistapp-1/base.apk pkg=org.kelompok3.todolistapp isa=x86_64 vmSafeMode=false
2024-12-27 06:49:17.928  4755-4755  cutils-trace            pid-4755                             E  Error opening trace file: Permission denied (13)
2024-12-27 06:49:17.928  4755-4755  dex2oat                 pid-4755                             I  /system/bin/dex2oat --zip-fd=5 --zip-location=/data/app/org.kelompok3.todolistapp-1/base.apk --oat-fd=6 --oat-location=/data/dalvik-cache/x86_64/data@app@org.kelompok3.todolistapp-1@base.apk@classes.dex --instruction-set=x86_64 --instruction-set-features=default --runtime-arg -Xms64m --runtime-arg -Xmx512m
2024-12-27 06:49:18.348  4755-4759  dex2oat                 pid-4755                             W  Before Android 4.1, method int androidx.appcompat.widget.DropDownListView.lookForSelectablePosition(int, boolean) would have incorrectly overridden the package-private method in android.widget.ListView
2024-12-27 06:49:18.350  4755-4755  dex2oat                 pid-4755                             W  Before Android 4.1, method int androidx.appcompat.widget.MenuPopupWindow$MenuDropDownListView.lookForSelectablePosition(int, boolean) would have incorrectly overridden the package-private method in android.widget.ListView
2024-12-27 06:49:18.431  4755-4759  dex2oat                 pid-4755                             W  Before Android 4.1, method android.graphics.PorterDuffColorFilter androidx.vectordrawable.graphics.drawable.VectorDrawableCompat.updateTintFilter(android.graphics.PorterDuffColorFilter, android.content.res.ColorStateList, android.graphics.PorterDuff$Mode) would have incorrectly overridden the package-private method in android.graphics.drawable.Drawable
2024-12-27 06:49:18.520  4755-4758  dex2oat                 pid-4755                             W  Before Android 4.1, method android.graphics.drawable.Drawable com.google.android.material.progressindicator.BaseProgressIndicator.getCurrentDrawable() would have incorrectly overridden the package-private method in android.widget.ProgressBar
2024-12-27 06:49:26.555  4755-4755  dex2oat                 pid-4755                             I  dex2oat took 8.626s (threads: 4)
2024-12-27 06:49:26.564  1587-1626  PackageManager          system_process                       W  Code path for pkg : org.kelompok3.todolistapp changing from /data/app/org.kelompok3.todolistapp-2 to /data/app/org.kelompok3.todolistapp-1
2024-12-27 06:49:26.564  1587-1626  PackageManager          system_process                       W  Resource path for pkg : org.kelompok3.todolistapp changing from /data/app/org.kelompok3.todolistapp-2 to /data/app/org.kelompok3.todolistapp-1
2024-12-27 06:49:26.564  1587-1613  ActivityManager         system_process                       I  Force stopping org.kelompok3.todolistapp appid=10058 user=-1: update pkg
2024-12-27 06:49:26.635  1587-1626  ActivityManager         system_process                       I  Force stopping org.kelompok3.todolistapp appid=10058 user=0: pkg removed
2024-12-27 06:49:26.646  1587-1717  InputReader             system_process                       I  Reconfiguring input devices.  changes=0x00000010
2024-12-27 06:49:26.651  1587-1717  InputReader             system_process                       I  Reconfiguring input devices.  changes=0x00000010
2024-12-27 06:49:26.658  1587-1626  Settings                system_process                       W  Setting install_non_market_apps has moved from android.provider.Settings.Global to android.provider.Settings.Secure, returning read-only value.
2024-12-27 06:49:26.660  1587-1717  InputReader             system_process                       I  Reconfiguring input devices.  changes=0x00000010
2024-12-27 06:49:26.670  4276-4276  ContextImpl             com.android.keychain                 W  Calling a method in the system process without a qualified user: android.app.ContextImpl.startService:1686 android.content.ContextWrapper.startService:515 android.content.ContextWrapper.startService:515 com.android.keychain.KeyChainBroadcastReceiver.onReceive:12 android.app.ActivityThread.handleReceiver:2579
2024-12-27 06:49:26.683  2633-4767  Fitness                 com.google.android.gms.persistent    I  FitCleanupIntentOperation received Intent android.intent.action.PACKAGE_REMOVED [CONTEXT service_id=17 ]
2024-12-27 06:49:26.690  1587-1587  art                     system_process                       I  Explicit concurrent mark sweep GC freed 32667(2015KB) AllocSpace objects, 10(412KB) LOS objects, 26% free, 11MB/15MB, paused 1.441ms total 52.524ms
2024-12-27 06:49:26.691  1587-1587  BackupManagerService    system_process                       D  Received broadcast Intent { act=android.intent.action.PACKAGE_REMOVED dat=package:org.kelompok3.todolistapp flg=0x4000010 (has extras) }
2024-12-27 06:49:26.691  1587-1587  JobSchedulerService     system_process                       D  Receieved: android.intent.action.PACKAGE_REMOVED
2024-12-27 06:49:26.691  1587-1626  art                     system_process                       I  WaitForGcToComplete blocked for 32.937ms for cause Explicit
2024-12-27 06:49:26.736  1587-1587  BackupManagerService    system_process                       D  Received broadcast Intent { act=android.intent.action.PACKAGE_ADDED dat=package:org.kelompok3.todolistapp flg=0x4000010 (has extras) }
2024-12-27 06:49:26.736  1587-1587  BackupManagerService    system_process                       W  Removing schedule queue dupe of org.kelompok3.todolistapp
2024-12-27 06:49:26.749  2735-4771  Auth                    com.google.android.gms               I  [SupervisedAccountIntentOperation] onHandleIntent(): android.intent.action.PACKAGE_ADDED
2024-12-27 06:49:26.749  2735-4771  ChromeSync              com.google.android.gms               I  [Sync,SyncIntentOperation] Handling the intent: Intent { act=android.intent.action.PACKAGE_ADDED dat=package:org.kelompok3.todolistapp flg=0x4000010 cmp=com.google.android.gms/.chimera.GmsIntentOperationService (has extras) }.
2024-12-27 06:49:26.755  1587-2531  ActivityManager         system_process                       W  Unable to start service Intent { act=com.google.android.gms.auth.key.retrieval.service.START pkg=com.google.android.gms } U=0: not found
2024-12-27 06:49:26.764  1587-1612  VoiceInter...gerService system_process                       W  no available voice recognition services found for user 0
2024-12-27 06:49:26.768  1587-2460  ActivityManager         system_process                       W  Unbind failed: could not find connection for android.os.BinderProxy@83fc7a3
2024-12-27 06:49:26.770  2735-2814  GmsClient               com.google.android.gms               E  unable to connect to service: com.google.android.gms.auth.key.retrieval.service.START on com.google.android.gms
2024-12-27 06:49:26.786  1587-1626  art                     system_process                       I  Explicit concurrent mark sweep GC freed 5726(269KB) AllocSpace objects, 0(0B) LOS objects, 26% free, 11MB/15MB, paused 1.637ms total 94.476ms
2024-12-27 06:49:26.793  2735-4771  ChromeSync              com.google.android.gms               I  [Persistence,AffiliationManager] One of affiliation or grouping data for android://CDmcdx89955snvGBQv-DmCtOOmRMMcvvikHDStUUIA6OjeSy1B5beTHiIfbzU-TLHS_zWm66iDs_4SKfLgH28Q==@org.kelompok3.todolistapp/ was not found. Marking affiliation data as stale...
2024-12-27 06:49:26.834  2735-4769  FontLog                 com.google.android.gms               I  Package org.kelompok3.todolistapp has no metadata [CONTEXT service_id=132 ]
2024-12-27 06:49:26.849  4737-4737  AndroidRuntime          pid-4737                             D  Shutting down VM
2024-12-27 06:49:26.855  4737-4743  art                     pid-4737                             I  Debugger is no longer active
2024-12-27 06:49:26.875  2735-2962  Icing                   com.google.android.gms               I  IndexChimeraService.getServiceInterface callingPackage=com.google.android.gms componentName=AppsCorpus serviceId=36
2024-12-27 06:49:26.901  2735-2944  Icing                   com.google.android.gms               I  Usage reports ok 0, Failed Usage reports 0, indexed 0, rejected 0
2024-12-27 06:49:26.912  2735-2944  Icing                   com.google.android.gms               I  Indexing com.google.android.gms-apps from com.google.android.gms
2024-12-27 06:49:26.926  2735-2944  Icing                   com.google.android.gms               I  Indexing com.google.android.gms-internal.3p:MobileApplication from com.google.android.gms
2024-12-27 06:49:26.929  2735-2962  Icing                   com.google.android.gms               I  IndexChimeraService.getServiceInterface callingPackage=com.google.android.gms componentName=null serviceId=30
2024-12-27 06:49:26.955  2735-2944  Icing                   com.google.android.gms               I  Usage reports ok 0, Failed Usage reports 0, indexed 0, rejected 0
2024-12-27 06:49:26.959  2735-2944  Icing                   com.google.android.gms               I  Indexing done com.google.android.gms-internal.3p:MobileApplication
2024-12-27 06:49:26.961  2735-2944  Icing                   com.google.android.gms               I  Indexing done com.google.android.gms-apps
2024-12-27 06:49:26.961  2735-2944  Icing                   com.google.android.gms               I  Indexing com.google.android.gms-internal.3p:MobileApplication from com.google.android.gms
2024-12-27 06:49:26.964  2735-2944  Icing                   com.google.android.gms               I  Indexing done com.google.android.gms-internal.3p:MobileApplication
2024-12-27 06:49:26.964  2735-2944  Icing                   com.google.android.gms               I  Indexing com.google.android.gms-apps from com.google.android.gms
2024-12-27 06:49:26.965  2735-2944  Icing                   com.google.android.gms               I  Indexing done com.google.android.gms-apps
2024-12-27 06:49:27.185  4782-4782  AndroidRuntime          pid-4782                             D
                                                                                                    >>>>>> AndroidRuntime START com.android.internal.os.RuntimeInit <<<<<<
2024-12-27 06:49:27.187  4782-4782  AndroidRuntime          pid-4782                             D  CheckJNI is ON
2024-12-27 06:49:27.230  4782-4782  memtrack                pid-4782                             E  Couldn't load memtrack module (No such file or directory)
2024-12-27 06:49:27.231  4782-4782  android.os.Debug        pid-4782                             E  failed to load memtrack module: -2
2024-12-27 06:49:27.249  4782-4782  AndroidRuntime          pid-4782                             D  Calling main entry com.android.commands.am.Am
2024-12-27 06:49:27.255  1587-2189  ActivityManager         system_process                       I  START u0 {act=android.intent.action.MAIN cat=[android.intent.category.LAUNCHER] flg=0x10000000 cmp=org.kelompok3.todolistapp/.MainActivity} from uid 0 on display 0
2024-12-27 06:49:27.260  4782-4782  AndroidRuntime          pid-4782                             D  Shutting down VM
2024-12-27 06:49:27.267  4782-4788  art                     pid-4782                             I  Debugger is no longer active
2024-12-27 06:49:27.289  4796-4796  art                     pid-4796                             I  Not late-enabling -Xcheck:jni (already on)
2024-12-27 06:49:27.292  1587-1609  ActivityManager         system_process                       I  Start proc org.kelompok3.todolistapp for activity org.kelompok3.todolistapp/.MainActivity: pid=4796 uid=10058 gids={50058, 9997} abi=x86_64
1970-01-01 07:00:00.000     0-0     <no-tag>                                                     I  ---------------------------- PROCESS STARTED (4796) for package org.kelompok3.todolistapp ----------------------------
2024-12-27 06:49:27.310  1168-1261  gralloc_ranchu          pid-1168                             D  gralloc_alloc: Creating ashmem region of size 10371072
2024-12-27 06:49:27.342  2614-2732  EGL_emulation           com.android.launcher                 D  eglMakeCurrent: 0x7f672e83e200: ver 2 0 (tinfo 0x7f672e82c180)
2024-12-27 06:49:27.387  2227-2724  EGL_emulation           com.android.systemui                 D  eglMakeCurrent: 0x7f673a02e200: ver 2 0 (tinfo 0x7f673a00fe00)
2024-12-27 06:49:27.395  2227-2724  EGL_emulation           com.android.systemui                 D  eglMakeCurrent: 0x7f673a02e200: ver 2 0 (tinfo 0x7f673a00fe00)
2024-12-27 06:49:27.406  4796-4811  art                     org.kelompok3.todolistapp            I  Background partial concurrent mark sweep GC freed 196(39KB) AllocSpace objects, 0(0B) LOS objects, 44% free, 1300KB/2MB, paused 5.114ms total 27.843ms
2024-12-27 06:49:27.408  2227-2724  EGL_emulation           com.android.systemui                 D  eglMakeCurrent: 0x7f673a02e200: ver 2 0 (tinfo 0x7f673a00fe00)
2024-12-27 06:49:27.416  2227-2724  EGL_emulation           com.android.systemui                 D  eglMakeCurrent: 0x7f673a02e200: ver 2 0 (tinfo 0x7f673a00fe00)
2024-12-27 06:49:27.432  2227-2724  EGL_emulation           com.android.systemui                 D  eglMakeCurrent: 0x7f673a02e200: ver 2 0 (tinfo 0x7f673a00fe00)
2024-12-27 06:49:27.440  2227-2724  EGL_emulation           com.android.systemui                 D  eglMakeCurrent: 0x7f673a02e200: ver 2 0 (tinfo 0x7f673a00fe00)
2024-12-27 06:49:27.456  2227-2724  EGL_emulation           com.android.systemui                 D  eglMakeCurrent: 0x7f673a02e200: ver 2 0 (tinfo 0x7f673a00fe00)
2024-12-27 06:49:27.462  2227-2724  EGL_emulation           com.android.systemui                 D  eglMakeCurrent: 0x7f673a02e200: ver 2 0 (tinfo 0x7f673a00fe00)
2024-12-27 06:49:27.463  4796-4796  AppCompatDelegate       org.kelompok3.todolistapp            D  Checking for metadata for AppLocalesMetadataHolderService : Service not found
2024-12-27 06:49:27.481  2227-2724  EGL_emulation           com.android.systemui                 D  eglMakeCurrent: 0x7f673a02e200: ver 2 0 (tinfo 0x7f673a00fe00)
2024-12-27 06:49:27.486  4796-4796  art                     org.kelompok3.todolistapp            W  Before Android 4.1, method android.graphics.PorterDuffColorFilter androidx.vectordrawable.graphics.drawable.VectorDrawableCompat.updateTintFilter(android.graphics.PorterDuffColorFilter, android.content.res.ColorStateList, android.graphics.PorterDuff$Mode) would have incorrectly overridden the package-private method in android.graphics.drawable.Drawable
2024-12-27 06:49:27.491  2227-2724  EGL_emulation           com.android.systemui                 D  eglMakeCurrent: 0x7f673a02e200: ver 2 0 (tinfo 0x7f673a00fe00)
2024-12-27 06:49:27.506  2227-2724  EGL_emulation           com.android.systemui                 D  eglMakeCurrent: 0x7f673a02e200: ver 2 0 (tinfo 0x7f673a00fe00)
2024-12-27 06:49:27.514  2227-2724  EGL_emulation           com.android.systemui                 D  eglMakeCurrent: 0x7f673a02e200: ver 2 0 (tinfo 0x7f673a00fe00)
2024-12-27 06:49:27.536  2227-2724  EGL_emulation           com.android.systemui                 D  eglMakeCurrent: 0x7f673a02e200: ver 2 0 (tinfo 0x7f673a00fe00)
2024-12-27 06:49:27.546  2227-2724  EGL_emulation           com.android.systemui                 D  eglMakeCurrent: 0x7f673a02e200: ver 2 0 (tinfo 0x7f673a00fe00)
2024-12-27 06:49:27.564  2227-2724  EGL_emulation           com.android.systemui                 D  eglMakeCurrent: 0x7f673a02e200: ver 2 0 (tinfo 0x7f673a00fe00)
2024-12-27 06:49:27.576  2227-2724  EGL_emulation           com.android.systemui                 D  eglMakeCurrent: 0x7f673a02e200: ver 2 0 (tinfo 0x7f673a00fe00)
2024-12-27 06:49:27.591  2227-2724  EGL_emulation           com.android.systemui                 D  eglMakeCurrent: 0x7f673a02e200: ver 2 0 (tinfo 0x7f673a00fe00)
2024-12-27 06:49:27.598  2227-2724  EGL_emulation           com.android.systemui                 D  eglMakeCurrent: 0x7f673a02e200: ver 2 0 (tinfo 0x7f673a00fe00)
2024-12-27 06:49:27.827  4796-4796  AndroidRuntime          org.kelompok3.todolistapp            D  Shutting down VM
2024-12-27 06:49:27.828  4796-4796  AndroidRuntime          org.kelompok3.todolistapp            E  FATAL EXCEPTION: main (Ask Gemini)
                                                                                                    Process: org.kelompok3.todolistapp, PID: 4796
                                                                                                    java.lang.NoClassDefFoundError: Failed resolution of: Ljava/time/format/DateTimeFormatter;
                                                                                                    	at org.kelompok3.todolistapp.Database.<init>(Database.java:25)
