2024-12-26 06:30:10.731  1569-2078  JobSchedul...oncurrency system_server                        E  Error executing JobStatus{3e0ae52 #u0a216/8 com.google.android.videos/androidx.work.impl.background.systemjob.SystemJobService u=0 s=10216 TIME=-2h19m21s601ms:none READY}
2024-12-26 06:30:10.734  1569-2078  JobSchedul...oncurrency system_server                        E  Error executing JobStatus{1e81a3 #u0a143/20 com.google.android.apps.gcs/androidx.work.impl.background.systemjob.SystemJobService u=0 s=10143 TIME=-3h16m57s222ms:none NET READY}
2024-12-26 06:30:10.736  1569-2078  JobSchedul...oncurrency system_server                        E  Error executing JobStatus{fc009ea #u0a143/22 com.google.android.apps.gcs/androidx.work.impl.background.systemjob.SystemJobService u=0 s=10143 TIME=-2h8m56s659ms:none NET READY}
2024-12-26 06:30:14.031  1569-5221  AppOps                  system_server                        E  Operation not found: uid=1041 pkg=audioserver(null) op=WAKE_LOCK
2024-12-26 06:30:17.076  1569-5220  AppOps                  system_server                        E  Operation not found: uid=1041 pkg=audioserver(null) op=WAKE_LOCK
2024-12-26 06:30:18.286  3682-10310 PhoneInterfaceManager   com.android.phone                    E  getCarrierPrivilegeStatusForUid: Invalid subId
2024-12-26 06:30:20.318 23304-23304 id.gms.unstable         com.google.android.gms.unstable      E  Not starting debugger since process cannot load the jdwp agent.
2024-12-26 06:30:21.349  3682-10310 PhoneInterfaceManager   com.android.phone                    E  getCarrierPrivilegeStatusForUid: Invalid subId
2024-12-26 06:30:23.524  1569-3338  AppOps                  system_server                        E  Operation not found: uid=1041 pkg=audioserver(null) op=WAKE_LOCK
2024-12-26 06:30:24.059  1569-3338  AppOps                  system_server                        E  Operation not found: uid=1041 pkg=audioserver(null) op=WAKE_LOCK
2024-12-26 06:30:24.508  3682-10310 PhoneInterfaceManager   com.android.phone                    E  getCarrierPrivilegeStatusForUid: Invalid subId
2024-12-26 06:30:26.073 23393-23393 .android.gms.ui         com.google.android.gms.ui            E  Not starting debugger since process cannot load the jdwp agent.
2024-12-26 06:30:26.088 12574-12574 PropertyBackgroundShape com...gle.android.inputmethod.latin  E  PropertyBackgroundShape$Factory.extractAvailableStateSpecs():598 Multiple state is not supported: [16843623, 16842919]
2024-12-26 06:30:26.088 12574-12574 PropertyBackgroundShape com...gle.android.inputmethod.latin  E  PropertyBackgroundShape$Factory.extractAvailableStateSpecs():598 Multiple state is not supported: [16843623, 16842919]
2024-12-26 06:30:26.088 12574-12574 PropertyBackgroundShape com...gle.android.inputmethod.latin  E  PropertyBackgroundShape$Factory.extractAvailableStateSpecs():598 Multiple state is not supported: [16843623, 16842919]
2024-12-26 06:30:26.089 12574-12574 PropertyBackgroundShape com...gle.android.inputmethod.latin  E  PropertyBackgroundShape$Factory.extractAvailableStateSpecs():598 Multiple state is not supported: [16843623, 16842919]
2024-12-26 06:30:26.089 12574-12574 PropertyBackgroundShape com...gle.android.inputmethod.latin  E  PropertyBackgroundShape$Factory.extractAvailableStateSpecs():598 Multiple state is not supported: [16843623, 16842919]
2024-12-26 06:30:26.089 12574-12574 PropertyBackgroundShape com...gle.android.inputmethod.latin  E  PropertyBackgroundShape$Factory.extractAvailableStateSpecs():598 Multiple state is not supported: [16843623, 16842919]
2024-12-26 06:30:26.089 12574-12574 PropertyBackgroundShape com...gle.android.inputmethod.latin  E  PropertyBackgroundShape$Factory.extractAvailableStateSpecs():598 Multiple state is not supported: [16843623, 16842919]
2024-12-26 06:30:26.090 12574-12574 PropertyBackgroundShape com...gle.android.inputmethod.latin  E  PropertyBackgroundShape$Factory.extractAvailableStateSpecs():598 Multiple state is not supported: [16843623, 16842919]
2024-12-26 06:30:26.090 12574-12574 PropertyBackgroundShape com...gle.android.inputmethod.latin  E  PropertyBackgroundShape$Factory.extractAvailableStateSpecs():598 Multiple state is not supported: [16843623, 16842919]
2024-12-26 06:30:26.090 12574-12574 PropertyBackgroundShape com...gle.android.inputmethod.latin  E  PropertyBackgroundShape$Factory.extractAvailableStateSpecs():598 Multiple state is not supported: [16843623, 16842919]
2024-12-26 06:30:26.165 12574-12879 native                  com...gle.android.inputmethod.latin  E  E0000 00:00:1735169426.165121   12879 scoped-file.cc:106] open() failed for /data/user/0/com.google.android.inputmethod.latin/files/personal/adapt_state.en.dat: No such file or directory [2]
2024-12-26 06:30:26.165 12574-12879 native                  com...gle.android.inputmethod.latin  E  E0000 00:00:1735169426.165713   12879 scoped-file.cc:106] open() failed for /data/user/0/com.google.android.inputmethod.latin/files/personal/blacklist.en_us.list: No such file or directory [2]
2024-12-26 06:30:26.165 12574-12879 native                  com...gle.android.inputmethod.latin  E  E0000 00:00:1735169426.165731   12879 android-decoder-jni.cc:483] Failed to load dynamic LM from /data/user/0/com.google.android.inputmethod.latin/files/personal/blacklist.en_us.list
2024-12-26 06:30:26.838  4733-5194  VoiceSearchConfigProtoU com.google.android.as                E  Unrecognized domain ID for [en-US, 3054]: 11. Ignoring this domain and its associated features.
2024-12-26 06:30:26.839  4733-5194  VoiceSearchConfigProtoU com.google.android.as                E  Unrecognized domain ID for [en-US, 3054]: 11. Ignoring this domain and its associated features.
2024-12-26 06:30:26.850  4733-5194  VoiceSearchConfigProtoU com.google.android.as                E  Unrecognized domain ID for [en-US, 3054]: 11. Ignoring this domain and its associated features.
2024-12-26 06:30:26.851  4733-5194  VoiceSearchConfigProtoU com.google.android.as                E  Unrecognized domain ID for [en-US, 3054]: 11. Ignoring this domain and its associated features.
2024-12-26 06:30:26.856  4733-5194  VoiceSearchConfigProtoU com.google.android.as                E  Unrecognized domain ID for [en-US, 3054]: 11. Ignoring this domain and its associated features.
2024-12-26 06:30:26.857  4733-5194  VoiceSearchConfigProtoU com.google.android.as                E  Unrecognized domain ID for [en-US, 3054]: 11. Ignoring this domain and its associated features.
2024-12-26 06:30:26.862  4733-5194  VoiceSearchConfigProtoU com.google.android.as                E  Unrecognized domain ID for [en-US, 3054]: 11. Ignoring this domain and its associated features.
2024-12-26 06:30:26.862  4733-5194  VoiceSearchConfigProtoU com.google.android.as                E  Unrecognized domain ID for [en-US, 3054]: 11. Ignoring this domain and its associated features.
2024-12-26 06:30:26.866  4733-5194  VoiceSearchConfigProtoU com.google.android.as                E  Unrecognized domain ID for [en-US, 3054]: 11. Ignoring this domain and its associated features.
2024-12-26 06:30:26.866  4733-5194  VoiceSearchConfigProtoU com.google.android.as                E  Unrecognized domain ID for [en-US, 3054]: 11. Ignoring this domain and its associated features.
2024-12-26 06:30:26.870  4733-5194  VoiceSearchConfigProtoU com.google.android.as                E  Unrecognized domain ID for [en-US, 3054]: 11. Ignoring this domain and its associated features.
2024-12-26 06:30:26.871  4733-5194  VoiceSearchConfigProtoU com.google.android.as                E  Unrecognized domain ID for [en-US, 3054]: 11. Ignoring this domain and its associated features.
2024-12-26 06:30:26.876  4733-5050  AiAiSpeechRecognition   com.google.android.as                E  CheckRecognitionSupport duplicate end event, ignore to log information.
2024-12-26 06:30:26.917 11777-11848 UsageReportingOptionsSt com.google.android.gms.persistent    E  INTERNAL_ERROR: setOptInOption should not be called while user is locked. [CONTEXT service_id=41 ]
2024-12-26 06:30:27.122  1569-5212  AppOps                  system_server                        E  Operation not found: uid=1041 pkg=audioserver(null) op=WAKE_LOCK
2024-12-26 06:30:29.650 14788-14813 DowngradeHelper         com.google.android.gms               E  isModuleDowngradeRequired false
2024-12-26 06:30:29.682 14788-23480 PhenotypeRegOp          com.google.android.gms               E  Attempting to overwrite config package for com.google.android.finder_shared#com.google.android.gms [CONTEXT service_id=231 ]
2024-12-26 06:30:29.682 14788-23480 PhenotypeRegOp          com.google.android.gms               E  Attempting to overwrite config package for com.google.android.gms.maps#com.google.android.gms [CONTEXT service_id=231 ]
2024-12-26 06:30:29.682 14788-23480 PhenotypeRegOp          com.google.android.gms               E  Attempting to overwrite config package for com.google.android.gms.mobile_data_plan [CONTEXT service_id=231 ]
2024-12-26 06:30:29.683 14788-23480 PhenotypeRegOp          com.google.android.gms               E  Attempting to overwrite config package for com.google.android.libraries.spot#com.google.android.gms [CONTEXT service_id=231 ]
2024-12-26 06:30:29.683 14788-23480 PhenotypeRegOp          com.google.android.gms               E  Attempting to overwrite config package for com.google.android.gms.udc [CONTEXT service_id=231 ]
2024-12-26 06:30:29.683 14788-23480 PhenotypeRegOp          com.google.android.gms               E  Attempting to overwrite config package for com.google.android.gms.vision [CONTEXT service_id=231 ]
2024-12-26 06:30:30.744  3682-3720  PhoneInterfaceManager   com.android.phone                    E  getCarrierPrivilegeStatusForUid: Invalid subId
2024-12-26 06:30:34.260 12574-12879 native                  com...gle.android.inputmethod.latin  E  E0000 00:00:1735169434.260273   12879 scoped-file.cc:106] open() failed for /data/user/0/com.google.android.inputmethod.latin/files/personal/adapt_state.en.dat: No such file or directory [2]
2024-12-26 06:30:34.299  4733-5194  VoiceSearchConfigProtoU com.google.android.as                E  Unrecognized domain ID for [en-US, 3054]: 11. Ignoring this domain and its associated features.
2024-12-26 06:30:34.300  4733-5194  VoiceSearchConfigProtoU com.google.android.as                E  Unrecognized domain ID for [en-US, 3054]: 11. Ignoring this domain and its associated features.
2024-12-26 06:30:34.316  4733-5194  VoiceSearchConfigProtoU com.google.android.as                E  Unrecognized domain ID for [en-US, 3054]: 11. Ignoring this domain and its associated features.
2024-12-26 06:30:34.316  4733-5194  VoiceSearchConfigProtoU com.google.android.as                E  Unrecognized domain ID for [en-US, 3054]: 11. Ignoring this domain and its associated features.
2024-12-26 06:30:34.320  4733-5194  VoiceSearchConfigProtoU com.google.android.as                E  Unrecognized domain ID for [en-US, 3054]: 11. Ignoring this domain and its associated features.
2024-12-26 06:30:34.321  4733-5194  VoiceSearchConfigProtoU com.google.android.as                E  Unrecognized domain ID for [en-US, 3054]: 11. Ignoring this domain and its associated features.
2024-12-26 06:30:34.357 23519-23519 d.process.acore         android.process.acore                E  Not starting debugger since process cannot load the jdwp agent.
2024-12-26 06:30:34.359  4733-5194  VoiceSearchConfigProtoU com.google.android.as                E  Unrecognized domain ID for [en-US, 3054]: 11. Ignoring this domain and its associated features.
2024-12-26 06:30:34.360  4733-5194  VoiceSearchConfigProtoU com.google.android.as                E  Unrecognized domain ID for [en-US, 3054]: 11. Ignoring this domain and its associated features.
2024-12-26 06:30:34.368  4733-5194  VoiceSearchConfigProtoU com.google.android.as                E  Unrecognized domain ID for [en-US, 3054]: 11. Ignoring this domain and its associated features.
2024-12-26 06:30:34.368  4733-5194  VoiceSearchConfigProtoU com.google.android.as                E  Unrecognized domain ID for [en-US, 3054]: 11. Ignoring this domain and its associated features.
2024-12-26 06:30:34.372  4733-5194  VoiceSearchConfigProtoU com.google.android.as                E  Unrecognized domain ID for [en-US, 3054]: 11. Ignoring this domain and its associated features.
2024-12-26 06:30:34.372  4733-5194  VoiceSearchConfigProtoU com.google.android.as                E  Unrecognized domain ID for [en-US, 3054]: 11. Ignoring this domain and its associated features.
2024-12-26 06:30:38.237  1569-4852  AppOps                  system_server                        E  Operation not found: uid=1041 pkg=audioserver(null) op=WAKE_LOCK
2024-12-26 06:30:40.395  1569-5221  AppOps                  system_server                        E  Operation not found: uid=1041 pkg=audioserver(null) op=WAKE_LOCK
2024-12-26 06:30:43.469  1569-5218  AppOps                  system_server                        E  Operation not found: uid=1041 pkg=audioserver(null) op=WAKE_LOCK
2024-12-26 06:30:43.940  1569-1927  AppOps                  system_server                        E  Operation not found: uid=1041 pkg=audioserver(null) op=WAKE_LOCK
2024-12-26 06:30:45.802  1569-5211  AppOps                  system_server                        E  Operation not found: uid=1041 pkg=audioserver(null) op=WAKE_LOCK
2024-12-26 06:30:48.674  1569-5211  AppOps                  system_server                        E  Operation not found: uid=1041 pkg=audioserver(null) op=WAKE_LOCK
2024-12-26 06:30:50.515  1569-5211  AppOps                  system_server                        E  Operation not found: uid=1041 pkg=audioserver(null) op=WAKE_LOCK
2024-12-26 06:30:52.050  1569-5211  AppOps                  system_server                        E  Operation not found: uid=1041 pkg=audioserver(null) op=WAKE_LOCK
2024-12-26 06:30:55.115  1569-5211  AppOps                  system_server                        E  Operation not found: uid=1041 pkg=audioserver(null) op=WAKE_LOCK
2024-12-26 06:31:14.444  1183-9846  IPCThreadState          ven...oogle.wifi_ext-service-vendor  E  binder thread pool (1 threads) starved for 106 ms
2024-12-26 06:31:14.549  3682-4884  PhoneInterfaceManager   com.android.phone                    E  getCarrierPrivilegeStatusForUid: Invalid subId
2024-12-26 06:31:27.099  3682-10310 PhoneInterfaceManager   com.android.phone                    E  getCarrierPrivilegeStatusForUid: Invalid subId
2024-12-26 06:31:30.265  3682-4884  PhoneInterfaceManager   com.android.phone                    E  getCarrierPrivilegeStatusForUid: Invalid subId
2024-12-26 06:31:33.382  3682-10310 PhoneInterfaceManager   com.android.phone                    E  getCarrierPrivilegeStatusForUid: Invalid subId
2024-12-26 06:31:38.206  1183-9846  WifiHAL                 ven...oogle.wifi_ext-service-vendor  E  In GetWakeReasonCountCommand::handleResponse
2024-12-26 06:31:38.222  1183-9937  WifiHAL                 ven...oogle.wifi_ext-service-vendor  E  Ignoring invalid attribute type = 42, size = 4
2024-12-26 06:31:38.222  1183-9937  WifiHAL                 ven...oogle.wifi_ext-service-vendor  E  Ignoring invalid attribute type = 43, size = 4
2024-12-26 06:31:38.222  1183-9937  WifiHAL                 ven...oogle.wifi_ext-service-vendor  E  Ignoring invalid attribute type = 44, size = 4
2024-12-26 06:32:01.643  3682-4884  PhoneInterfaceManager   com.android.phone                    E  getCarrierPrivilegeStatusForUid: Invalid subId
2024-12-26 06:32:02.259  1183-1183  IPCThreadState          ven...oogle.wifi_ext-service-vendor  E  binder thread pool (1 threads) starved for 103 ms
2024-12-26 06:32:07.919  3682-4222  PhoneInterfaceManager   com.android.phone                    E  getCarrierPrivilegeStatusForUid: Invalid subId
2024-12-26 06:32:39.285  3682-4222  PhoneInterfaceManager   com.android.phone                    E  getCarrierPrivilegeStatusForUid: Invalid subId
2024-12-26 06:33:08.231  1183-1183  WifiHAL                 ven...oogle.wifi_ext-service-vendor  E  In GetWakeReasonCountCommand::handleResponse
2024-12-26 06:33:08.242  1183-9937  WifiHAL                 ven...oogle.wifi_ext-service-vendor  E  Ignoring invalid attribute type = 42, size = 4
2024-12-26 06:33:08.242  1183-9937  WifiHAL                 ven...oogle.wifi_ext-service-vendor  E  Ignoring invalid attribute type = 43, size = 4
2024-12-26 06:33:08.242  1183-9937  WifiHAL                 ven...oogle.wifi_ext-service-vendor  E  Ignoring invalid attribute type = 44, size = 4
2024-12-26 06:33:16.893  3682-4222  PhoneInterfaceManager   com.android.phone                    E  getCarrierPrivilegeStatusForUid: Invalid subId
2024-12-26 06:33:23.159  3682-10310 PhoneInterfaceManager   com.android.phone                    E  getCarrierPrivilegeStatusForUid: Invalid subId
2024-12-26 06:33:38.882  3682-10310 PhoneInterfaceManager   com.android.phone                    E  getCarrierPrivilegeStatusForUid: Invalid subId
2024-12-26 06:34:10.253  3682-10310 PhoneInterfaceManager   com.android.phone                    E  getCarrierPrivilegeStatusForUid: Invalid subId
2024-12-26 06:34:20.919  1569-4852  AppOps                  system_server                        E  Operation not found: uid=1041 pkg=audioserver(null) op=WAKE_LOCK
2024-12-26 06:34:23.966  1569-5221  AppOps                  system_server                        E  Operation not found: uid=1041 pkg=audioserver(null) op=WAKE_LOCK
