2025-12-27 08:40:12.188  4276-4276  ContextImpl             pid-4276                             W  Calling a method in the system process without a qualified user: android.app.ContextImpl.startService:1686 android.content.ContextWrapper.startService:515 android.content.ContextWrapper.startService:515 com.android.keychain.KeyChainBroadcastReceiver.onReceive:12 android.app.ActivityThread.handleReceiver:2579
2025-12-27 08:40:12.225  1587-1587  BackupManagerService    system_process                       D  Received broadcast Intent { act=android.intent.action.PACKAGE_ADDED dat=package:org.kelompok3.todolistapp flg=0x4000010 (has extras) }
2025-12-27 08:40:12.226  1587-1587  BackupManagerService    system_process                       W  Removing schedule queue dupe of org.kelompok3.todolistapp
2025-12-27 08:40:12.325  1587-2450  ActivityManager         system_process                       W  Unable to start service Intent { act=com.google.android.gms.auth.key.retrieval.service.START pkg=com.google.android.gms } U=0: not found
2025-12-27 08:40:12.328  1587-1608  ActivityManager         system_process                       W  Unbind failed: could not find connection for android.os.BinderProxy@1e2208f5
2025-12-27 08:40:12.687  1587-3389  ActivityManager         system_process                       I  START u0 {act=android.intent.action.MAIN cat=[android.intent.category.LAUNCHER] flg=0x10000000 cmp=org.kelompok3.todolistapp/.MainActivity} from uid 0 on display 0
2025-12-27 08:40:12.729  1587-2531  ActivityManager         system_process                       I  Start proc org.kelompok3.todolistapp for activity org.kelompok3.todolistapp/.MainActivity: pid=7148 uid=10058 gids={50058, 9997} abi=x86_64
2025-12-27 08:40:16.194  1587-2061  TaskPersister           system_process                       D  removeObsoleteFile: deleting file=26_task.xml
2025-12-27 08:41:02.718  1587-1622  BatteryStatsImpl        system_process                       W  Couldn't get kernel wake lock stats
2025-12-27 08:41:38.922  1587-3389  ActivityManager         system_process                       I  Force stopping org.kelompok3.todolistapp appid=10058 user=0: from pid 7179
2025-12-27 08:41:38.923  1587-3389  ActivityManager         system_process                       I  Killing 7148:org.kelompok3.todolistapp/u0a58 (adj 0): stop org.kelompok3.todolistapp
2025-12-27 08:41:38.930  1587-2188  WindowState             system_process                       I  WIN DEATH: Window{1fa22e45 u0 org.kelompok3.todolistapp/org.kelompok3.todolistapp.MainActivity}
2025-12-27 08:41:38.932  1587-3389  ActivityManager         system_process                       W  Force removing ActivityRecord{1f0b25d5 u0 org.kelompok3.todolistapp/.MainActivity t27}: app died, no saved state
2025-12-27 08:41:38.949  1587-2530  ActivityManager         system_process                       I  Force stopping org.kelompok3.todolistapp appid=10058 user=0: from pid 7177
2025-12-27 08:41:38.953  1587-3174  ActivityManager         system_process                       W  Spurious death for ProcessRecord{1215036d 7148:org.kelompok3.todolistapp/u0a58}, curProc for 7148: null
2025-12-27 08:41:40.037  1587-2083  ActivityManager         system_process                       I  Force stopping org.kelompok3.todolistapp appid=10058 user=0: from pid 7205
2025-12-27 08:41:40.229  1587-3174  InputMetho...gerService system_process                       W  Got RemoteException sending setActive(false) notification to pid 7148 uid 10058
2025-12-27 08:41:42.389  1587-1626  PackageManager          system_process                       D  /data/app/vmdl673112718.tmp already staged; skipping copy
2025-12-27 08:41:42.754  1587-1626  PackageManager          system_process                       D  Renaming /data/app/vmdl673112718.tmp to /data/app/org.kelompok3.todolistapp-2
2025-12-27 08:41:42.754  1587-1613  ActivityManager         system_process                       I  Force stopping org.kelompok3.todolistapp appid=10058 user=-1: uninstall pkg
2025-12-27 08:41:42.773  1587-1626  PackageManager          system_process                       I  Package org.kelompok3.todolistapp codePath changed from /data/app/org.kelompok3.todolistapp-1 to /data/app/org.kelompok3.todolistapp-2; Retaining data and using new
2025-12-27 08:41:52.399  1587-1626  PackageManager          system_process                       W  Code path for pkg : org.kelompok3.todolistapp changing from /data/app/org.kelompok3.todolistapp-1 to /data/app/org.kelompok3.todolistapp-2
2025-12-27 08:41:52.399  1587-1613  ActivityManager         system_process                       I  Force stopping org.kelompok3.todolistapp appid=10058 user=-1: update pkg
2025-12-27 08:41:52.399  1587-1626  PackageManager          system_process                       W  Resource path for pkg : org.kelompok3.todolistapp changing from /data/app/org.kelompok3.todolistapp-1 to /data/app/org.kelompok3.todolistapp-2
2025-12-27 08:41:52.445  1587-1626  ActivityManager         system_process                       I  Force stopping org.kelompok3.todolistapp appid=10058 user=0: pkg removed
2025-12-27 08:41:52.516  1587-1587  BackupManagerService    system_process                       D  Received broadcast Intent { act=android.intent.action.PACKAGE_REMOVED dat=package:org.kelompok3.todolistapp flg=0x4000010 (has extras) }
2025-12-27 08:41:52.516  1587-1587  JobSchedulerService     system_process                       D  Receieved: android.intent.action.PACKAGE_REMOVED
2025-12-27 08:41:52.521  4276-4276  ContextImpl             pid-4276                             W  Calling a method in the system process without a qualified user: android.app.ContextImpl.startService:1686 android.content.ContextWrapper.startService:515 android.content.ContextWrapper.startService:515 com.android.keychain.KeyChainBroadcastReceiver.onReceive:12 android.app.ActivityThread.handleReceiver:2579
2025-12-27 08:41:52.547  1587-1587  BackupManagerService    system_process                       D  Received broadcast Intent { act=android.intent.action.PACKAGE_ADDED dat=package:org.kelompok3.todolistapp flg=0x4000010 (has extras) }
2025-12-27 08:41:52.548  1587-1587  BackupManagerService    system_process                       W  Removing schedule queue dupe of org.kelompok3.todolistapp
2025-12-27 08:41:52.589  1587-2531  ActivityManager         system_process                       W  Unable to start service Intent { act=com.google.android.gms.auth.key.retrieval.service.START pkg=com.google.android.gms } U=0: not found
2025-12-27 08:41:52.589  1587-3174  ActivityManager         system_process                       W  Unbind failed: could not find connection for android.os.BinderProxy@25c19261
2025-12-27 08:41:52.604  1587-1612  VoiceInter...gerService system_process                       W  no available voice recognition services found for user 0
2025-12-27 08:41:53.089  1587-2188  ActivityManager         system_process                       I  START u0 {act=android.intent.action.MAIN cat=[android.intent.category.LAUNCHER] flg=0x10000000 cmp=org.kelompok3.todolistapp/.MainActivity} from uid 0 on display 0
2025-12-27 08:41:53.141  1587-2531  ActivityManager         system_process                       I  Start proc org.kelompok3.todolistapp for activity org.kelompok3.todolistapp/.MainActivity: pid=7308 uid=10058 gids={50058, 9997} abi=x86_64
2025-12-27 08:41:56.597  1587-2061  TaskPersister           system_process                       D  removeObsoleteFile: deleting file=27_task.xml
2025-12-27 08:42:00.012  1587-1613  ProcessStatsService     system_process                       I  Prepared write state in 2ms
2025-12-27 08:42:00.628  1587-2530  InputMetho...gerService system_process                       W  Window already focused, ignoring focus gain of: com.android.internal.view.IInputMethodClient$Stub$Proxy@3097a6a5 attribute=null, token = android.os.BinderProxy@1f5b90b1
2025-12-27 08:42:08.928  1587-1612  UsageStatsService       system_process                       I  User[0] Flushing usage stats to disk
2025-12-27 08:42:10.754  1587-2529  InputMetho...gerService system_process                       W  Window already focused, ignoring focus gain of: com.android.internal.view.IInputMethodClient$Stub$Proxy@3f2f2688 attribute=null, token = android.os.BinderProxy@1f5b90b1
2025-12-27 08:42:16.973  1587-2529  ActivityManager         system_process                       I  START u0 {act=com.android.systemui.recents.SHOW_RECENTS flg=0x10804000 cmp=com.android.systemui/.recents.RecentsActivity (has extras)} from uid 10013 on display 0
2025-12-27 08:42:18.573  1587-1609  ActivityManager         system_process                       I  Killing 7308:org.kelompok3.todolistapp/u0a58 (adj 9): remove task
2025-12-27 08:42:18.580  1587-2188  WindowState             system_process                       I  WIN DEATH: Window{19f8b996 u0 org.kelompok3.todolistapp/org.kelompok3.todolistapp.MainActivity}
2025-12-27 08:42:18.589  1587-2460  libprocessgroup         system_process                       W  failed to open /acct/uid_10058/pid_7308/cgroup.procs: No such file or directory
2025-12-27 08:42:18.591  1587-2083  ActivityManager         system_process                       I  START u0 {act=android.intent.action.MAIN cat=[android.intent.category.HOME] flg=0x10200000 cmp=com.android.launcher/com.android.launcher2.Launcher} from uid 10013 on display 0
2025-12-27 08:42:18.639  1587-2061  TaskPersister           system_process                       D  removeObsoleteFile: deleting file=28_task.xml
2025-12-27 08:42:18.639  1587-2061  TaskPersister           system_process                       D  removeObsoleteFile: deleting file=28_task_thumbnail.png
2025-12-27 08:42:18.821  1587-3388  InputMetho...gerService system_process                       W  Starting input on non-focused client com.android.internal.view.IInputMethodClient$Stub$Proxy@1effeeff (uid=10013 pid=2227)
2025-12-27 08:42:21.391  1587-2083  ActivityManager         system_process                       I  START u0 {act=android.intent.action.MAIN cat=[android.intent.category.LAUNCHER] flg=0x10000000 cmp=org.kelompok3.todolistapp/.MainActivity (has extras)} from uid 10008 on display 0
2025-12-27 08:42:21.503  1587-2189  ActivityManager         system_process                       I  Start proc org.kelompok3.todolistapp for activity org.kelompok3.todolistapp/.MainActivity: pid=7343 uid=10058 gids={50058, 9997} abi=x86_64
2025-12-27 08:42:25.709  1587-2529  InputMetho...gerService system_process                       W  Window already focused, ignoring focus gain of: com.android.internal.view.IInputMethodClient$Stub$Proxy@2f1753e7 attribute=null, token = android.os.BinderProxy@1760c164
2025-12-27 08:42:42.421  1587-3388  InputMetho...gerService system_process                       W  Window already focused, ignoring focus gain of: com.android.internal.view.IInputMethodClient$Stub$Proxy@beb1e32 attribute=null, token = android.os.BinderProxy@1760c164
2025-12-27 08:42:46.044  1587-1716  ActivityManager         system_process                       I  START u0 {act=android.intent.action.MAIN cat=[android.intent.category.HOME] flg=0x10200000 cmp=com.android.launcher/com.android.launcher2.Launcher} from uid 1000 on display 0
2025-12-27 08:42:47.280  1587-2529  ActivityManager         system_process                       I  START u0 {act=com.android.systemui.recents.SHOW_RECENTS flg=0x10804000 cmp=com.android.systemui/.recents.RecentsActivity (has extras)} from uid 10013 on display 0
2025-12-27 08:42:48.716  1587-2188  ActivityManager         system_process                       I  Killing 7343:org.kelompok3.todolistapp/u0a58 (adj 9): remove task
2025-12-27 08:42:48.724  1587-2531  WindowState             system_process                       I  WIN DEATH: Window{2676ffcd u0 org.kelompok3.todolistapp/org.kelompok3.todolistapp.MainActivity}
2025-12-27 08:42:48.726  1587-2530  libprocessgroup         system_process                       W  failed to open /acct/uid_10058/pid_7343/cgroup.procs: No such file or directory
2025-12-27 08:42:48.731  1587-2450  ActivityManager         system_process                       I  START u0 {act=android.intent.action.MAIN cat=[android.intent.category.HOME] flg=0x10200000 cmp=com.android.launcher/com.android.launcher2.Launcher} from uid 10013 on display 0
2025-12-27 08:42:48.782  1587-2061  TaskPersister           system_process                       D  removeObsoleteFile: deleting file=29_task.xml
2025-12-27 08:42:48.782  1587-2061  TaskPersister           system_process                       D  removeObsoleteFile: deleting file=29_task_thumbnail.png
2025-12-27 08:42:51.176  1587-3174  ActivityManager         system_process                       I  START u0 {act=android.intent.action.MAIN cat=[android.intent.category.LAUNCHER] flg=0x10000000 cmp=org.kelompok3.todolistapp/.MainActivity (has extras)} from uid 10008 on display 0
2025-12-27 08:42:51.258  1587-2532  ActivityManager         system_process                       I  Start proc org.kelompok3.todolistapp for activity org.kelompok3.todolistapp/.MainActivity: pid=7380 uid=10058 gids={50058, 9997} abi=x86_64
2025-12-27 08:43:06.712  1587-1609  InputMetho...gerService system_process                       W  Window already focused, ignoring focus gain of: com.android.internal.view.IInputMethodClient$Stub$Proxy@18676678 attribute=null, token = android.os.BinderProxy@38add71d
2025-12-27 08:51:20.602  1587-2188  ActivityManager         system_process                       I  START u0 {cmp=org.kelompok3.todolistapp/.TaskEditor (has extras)} from uid 10058 on display 0
2025-12-27 09:02:17.139  1587-1612  UsageStatsService       system_process                       I  User[0] Flushing usage stats to disk
2025-12-27 09:11:02.713  1587-1622  BatteryStatsImpl        system_process                       W  Couldn't get kernel wake lock stats
2025-12-27 09:11:20.960  1587-1587  EntropyMixer            system_process                       I  Writing entropy...
2025-12-27 09:12:00.015  1587-1613  ProcessStatsService     system_process                       I  Prepared write state in 2ms
2025-12-27 09:41:02.714  1587-1622  BatteryStatsImpl        system_process                       W  Couldn't get kernel wake lock stats
2025-12-27 09:42:00.018  1587-1613  ProcessStatsService     system_process                       I  Prepared write state in 1ms
2025-12-27 09:42:00.019  1587-1613  ProcessStatsService     system_process                       I  Prepared write state in 1ms
2025-12-27 09:43:36.368  1587-2187  ActivityManager         system_process                       I  Force stopping org.kelompok3.todolistapp appid=10058 user=0: from pid 7441
2025-12-27 09:43:36.368  1587-2187  ActivityManager         system_process                       I  Killing 7380:org.kelompok3.todolistapp/u0a58 (adj 0): stop org.kelompok3.todolistapp
2025-12-27 09:43:36.376  1587-2188  WindowState             system_process                       I  WIN DEATH: Window{16fd9d92 u0 org.kelompok3.todolistapp/org.kelompok3.todolistapp.MainActivity}
2025-12-27 09:43:36.378  1587-2187  ActivityManager         system_process                       W  Force removing ActivityRecord{b270065 u0 org.kelompok3.todolistapp/.MainActivity t30}: app died, no saved state
2025-12-27 09:43:36.392  1587-2083  ActivityManager         system_process                       W  Spurious death for ProcessRecord{252ad695 7380:org.kelompok3.todolistapp/u0a58}, curProc for 7380: null
2025-12-27 09:43:36.565  1587-2120  InputMetho...gerService system_process                       W  Got RemoteException sending setActive(false) notification to pid 7380 uid 10058
2025-12-27 09:43:36.857  1587-2188  ActivityManager         system_process                       I  Force stopping org.kelompok3.todolistapp appid=10058 user=0: from pid 7455
2025-12-27 09:43:38.670  1587-1626  PackageManager          system_process                       D  /data/app/vmdl2026256757.tmp already staged; skipping copy
2025-12-27 09:43:39.064  1587-1626  PackageManager          system_process                       D  Renaming /data/app/vmdl2026256757.tmp to /data/app/org.kelompok3.todolistapp-1
2025-12-27 09:43:39.065  1587-1613  ActivityManager         system_process                       I  Force stopping org.kelompok3.todolistapp appid=10058 user=-1: uninstall pkg
2025-12-27 09:43:39.086  1587-1626  PackageManager          system_process                       I  Package org.kelompok3.todolistapp codePath changed from /data/app/org.kelompok3.todolistapp-2 to /data/app/org.kelompok3.todolistapp-1; Retaining data and using new
2025-12-27 09:43:48.021  1587-1626  PackageManager          system_process                       W  Code path for pkg : org.kelompok3.todolistapp changing from /data/app/org.kelompok3.todolistapp-2 to /data/app/org.kelompok3.todolistapp-1
2025-12-27 09:43:48.021  1587-1626  PackageManager          system_process                       W  Resource path for pkg : org.kelompok3.todolistapp changing from /data/app/org.kelompok3.todolistapp-2 to /data/app/org.kelompok3.todolistapp-1
2025-12-27 09:43:48.021  1587-1613  ActivityManager         system_process                       I  Force stopping org.kelompok3.todolistapp appid=10058 user=-1: update pkg
2025-12-27 09:43:48.058  1587-1626  ActivityManager         system_process                       I  Force stopping org.kelompok3.todolistapp appid=10058 user=0: pkg removed
2025-12-27 09:43:48.118  1587-1587  BackupManagerService    system_process                       D  Received broadcast Intent { act=android.intent.action.PACKAGE_REMOVED dat=package:org.kelompok3.todolistapp flg=0x4000010 (has extras) }
2025-12-27 09:43:48.118  1587-1587  JobSchedulerService     system_process                       D  Receieved: android.intent.action.PACKAGE_REMOVED
2025-12-27 09:43:48.145  4276-4276  ContextImpl             pid-4276                             W  Calling a method in the system process without a qualified user: android.app.ContextImpl.startService:1686 android.content.ContextWrapper.startService:515 android.content.ContextWrapper.startService:515 com.android.keychain.KeyChainBroadcastReceiver.onReceive:12 android.app.ActivityThread.handleReceiver:2579
2025-12-27 09:43:48.173  1587-1587  BackupManagerService    system_process                       D  Received broadcast Intent { act=android.intent.action.PACKAGE_ADDED dat=package:org.kelompok3.todolistapp flg=0x4000010 (has extras) }
2025-12-27 09:43:48.177  1587-1587  BackupManagerService    system_process                       W  Removing schedule queue dupe of org.kelompok3.todolistapp
2025-12-27 09:43:48.192  1587-1612  VoiceInter...gerService system_process                       W  no available voice recognition services found for user 0
2025-12-27 09:43:48.239  1587-2460  ActivityManager         system_process                       W  Unable to start service Intent { act=com.google.android.gms.auth.key.retrieval.service.START pkg=com.google.android.gms } U=0: not found
2025-12-27 09:43:48.241  1587-3389  ActivityManager         system_process                       W  Unbind failed: could not find connection for android.os.BinderProxy@62f30e
2025-12-27 09:43:48.689  1587-2187  ActivityManager         system_process                       I  START u0 {act=android.intent.action.MAIN cat=[android.intent.category.LAUNCHER] flg=0x10000000 cmp=org.kelompok3.todolistapp/.MainActivity} from uid 0 on display 0
2025-12-27 09:43:48.733  1587-3388  ActivityManager         system_process                       I  Start proc org.kelompok3.todolistapp for activity org.kelompok3.todolistapp/.MainActivity: pid=7564 uid=10058 gids={50058, 9997} abi=x86_64
2025-12-27 09:43:52.196  1587-2061  TaskPersister           system_process                       D  removeObsoleteFile: deleting file=30_task.xml
2025-12-27 09:44:19.006  1587-2460  ActivityManager         system_process                       I  START u0 {cmp=org.kelompok3.todolistapp/.TaskEditor (has extras)} from uid 10058 on display 0
2025-12-27 09:56:02.740  1587-2529  ActivityManager         system_process                       I  Force stopping org.kelompok3.todolistapp appid=10058 user=0: from pid 7605
2025-12-27 09:56:02.740  1587-2529  ActivityManager         system_process                       I  Killing 7564:org.kelompok3.todolistapp/u0a58 (adj 0): stop org.kelompok3.todolistapp
2025-12-27 09:56:02.747  1587-2189  WindowState             system_process                       I  WIN DEATH: Window{14a287cc u0 org.kelompok3.todolistapp/org.kelompok3.todolistapp.MainActivity}
2025-12-27 09:56:02.749  1587-2529  ActivityManager         system_process                       W  Force removing ActivityRecord{3091ff9c u0 org.kelompok3.todolistapp/.MainActivity t31}: app died, no saved state
2025-12-27 09:56:02.764  1587-2188  ActivityManager         system_process                       W  Spurious death for ProcessRecord{10cef673 7564:org.kelompok3.todolistapp/u0a58}, curProc for 7564: null
2025-12-27 09:56:02.836  1587-3174  InputMetho...gerService system_process                       W  Got RemoteException sending setActive(false) notification to pid 7564 uid 10058
2025-12-30 05:47:55.882  1587-2083  ActivityManager         system_process                       I  Start proc com.google.android.calendar for broadcast com.google.android.calendar/com.android.calendar.widget.CalendarAppWidgetProvider: pid=7673 uid=10018 gids={50018, 9997, 3003, 1028, 1015} abi=x86_64
2025-12-30 05:47:56.387  1587-2531  ActivityManager         system_process                       I  Start proc com.android.providers.calendar for content provider com.android.providers.calendar/.CalendarProvider2: pid=7697 uid=10001 gids={50001, 9997, 3003, 1028, 1015} abi=x86_64
2025-12-30 05:47:56.454  1587-2120  ActivityManager         system_process                       W  Unable to start service Intent { act=com.google.android.gms.playlog.service.START pkg=com.google.android.gms } U=0: not found
2025-12-30 05:47:56.514  7697-7697  ResourcesManager        pid-7697                             W  Asset path '/system/framework/android.test.runner.jar' does not exist or contains no resources.
2025-12-30 05:47:56.648  1587-1587  BackupManagerService    system_process                       V  Running a backup pass
2025-12-30 05:47:56.662  1587-2048  BackupManagerService    system_process                       V  clearing pending backups
2025-12-30 05:47:56.712  1587-2048  PerformBackupTask       system_process                       V  Beginning backup of 9 targets
2025-12-30 05:47:56.715  1587-2048  PerformBackupTask       system_process                       I  Initializing (wiping) backup state and transport storage
2025-12-30 05:47:56.738  1587-2048  BackupManagerService    system_process                       D  Now staging backup of com.android.providers.settings
2025-12-30 05:47:56.747  1587-2048  BackupManagerService    system_process                       D  Now staging backup of android
2025-12-30 05:47:56.764  1587-2048  BackupManagerService    system_process                       D  Now staging backup of com.android.providers.userdictionary
2025-12-30 05:47:56.768  1587-2048  BackupManagerService    system_process                       D  Now staging backup of com.android.dialer
2025-12-30 05:47:56.772  1587-2048  BackupManagerService    system_process                       D  Now staging backup of com.android.sharedstoragebackup
2025-12-30 05:47:56.780  1587-2048  BackupManagerService    system_process                       D  Now staging backup of com.android.browser
2025-12-30 05:47:56.793  1587-2048  BackupManagerService    system_process                       D  Now staging backup of com.google.android.calendar
2025-12-30 05:47:56.799  1587-2048  BackupManagerService    system_process                       D  Now staging backup of com.google.android.play.games
2025-12-30 05:47:56.808  1587-2048  BackupManagerService    system_process                       D  Now staging backup of com.google.android.gm
2025-12-30 05:47:56.844  1587-2048  PerformBackupTask       system_process                       D  invokeAgentForBackup on @pm@
2025-12-30 05:47:56.858  1587-2048  PMBA                    system_process                       I  Previous metadata null mismatch vs 6695550 - rewriting
2025-12-30 05:47:56.920  1587-2048  BackupRestoreController system_process                       I  Getting widget state for user: 0
2025-12-30 05:47:56.974  1587-2048  PerformBackupTask       system_process                       D  starting agent for backup of BackupRequest{pkg=com.google.android.gm}
2025-12-30 05:47:57.042  1587-2048  ActivityManager         system_process                       I  Start proc com.google.android.gm for backup com.google.android.gm/.persistence.GmailBackupAgent: pid=7722 uid=10042 gids={50042, 9997, 3003, 1028, 1015} abi=x86_64
2025-12-30 05:47:57.043  1587-2048  BackupManagerService    system_process                       D  awaiting agent for ApplicationInfo{14f03e60 com.google.android.gm}
2025-12-30 05:47:57.462  7722-7745  ActivityThread          pid-7722                             D  Loading provider com.google.android.gmail.provider;com.android.mail.notifier;com.google.android.gm.email.provider;com.google.android.gm.email.notifier: com.android.email.provider.EmailProvider
2025-12-30 05:47:57.520  1587-2529  ActivityManager         system_process                       W  Unable to start service Intent { act=com.google.android.gm.email.EXCHANGE_INTENT pkg=com.google.android.gm.exchange } U=0: not found
2025-12-30 05:47:57.531  1587-2187  ActivityManager         system_process                       W  Unable to start service Intent { act=com.google.android.gm.email.EXCHANGE_INTENT pkg=com.google.android.gm.exchange } U=0: not found
2025-12-30 05:47:58.007  1587-3389  ActivityManager         system_process                       W  Unable to start service Intent { act=com.google.android.gm.email.EXCHANGE_INTENT pkg=com.google.android.gm.exchange } U=0: not found
2025-12-30 05:47:58.013  1587-2530  ActivityManager         system_process                       W  Unable to start service Intent { cmp=com.google.android.gm/com.android.email.service.AttachmentService } U=0: not found
2025-12-30 05:47:58.013  1587-2530  ActivityManager         system_process                       W  Unable to start service Intent { cmp=com.google.android.gm/com.android.email.service.AttachmentService } U=0: not found
2025-12-30 05:47:58.051  1587-2450  ActivityManager         system_process                       W  Unable to start service Intent { act=com.google.android.gm.email.EXCHANGE_INTENT pkg=com.google.android.gm.exchange } U=0: not found
2025-12-30 05:47:58.119  1587-3174  ActivityManager         system_process                       W  Unable to start service Intent { act=com.google.android.gm.email.EXCHANGE_INTENT pkg=com.google.android.gm.exchange } U=0: not found
2025-12-30 05:47:58.122  1587-2531  BackupManagerService    system_process                       D  agentConnected pkg=com.google.android.gm agent=android.os.BinderProxy@193fff90
2025-12-30 05:47:58.123  1587-2048  BackupManagerService    system_process                       I  got agent android.app.IBackupAgent$Stub$Proxy@397de089
2025-12-30 05:47:58.123  1587-2048  PerformBackupTask       system_process                       D  invokeAgentForBackup on com.google.android.gm
2025-12-30 05:47:58.160  1587-2048  BackupRestoreController system_process                       I  Getting widget state for user: 0
2025-12-30 05:47:58.171  1587-2048  PerformBackupTask       system_process                       D  starting agent for backup of BackupRequest{pkg=com.android.providers.userdictionary}
2025-12-30 05:47:58.174  1587-2048  BackupManagerService    system_process                       D  awaiting agent for ApplicationInfo{20cd84bc com.android.providers.userdictionary}
2025-12-30 05:47:58.236  1587-3389  BackupManagerService    system_process                       D  agentConnected pkg=com.android.providers.userdictionary agent=android.os.BinderProxy@3fd994ec
2025-12-30 05:47:58.237  1587-2048  BackupManagerService    system_process                       I  got agent android.app.IBackupAgent$Stub$Proxy@158c80b5
2025-12-30 05:47:58.237  1587-2048  PerformBackupTask       system_process                       D  invokeAgentForBackup on com.android.providers.userdictionary
2025-12-30 05:47:58.279  1587-2048  BackupRestoreController system_process                       I  Getting widget state for user: 0
2025-12-30 05:47:58.285  1587-2048  PerformBackupTask       system_process                       D  starting agent for backup of BackupRequest{pkg=com.google.android.play.games}
2025-12-30 05:47:58.355  1587-2048  ActivityManager         system_process                       I  Start proc com.google.android.play.games for backup com.google.android.play.games/com.google.android.gms.games.ui.util.PlayGamesUiBackupAgent: pid=7762 uid=10041 gids={50041, 9997, 3003} abi=x86_64
2025-12-30 05:47:58.358  1587-2048  BackupManagerService    system_process                       D  awaiting agent for ApplicationInfo{3916d0ab com.google.android.play.games}
2025-12-30 05:47:59.364  1587-3174  BackupManagerService    system_process                       D  agentConnected pkg=com.google.android.play.games agent=android.os.BinderProxy@3c513a9b
2025-12-30 05:47:59.365  1587-2048  BackupManagerService    system_process                       I  got agent android.app.IBackupAgent$Stub$Proxy@1d535e38
2025-12-30 05:47:59.365  1587-2048  PerformBackupTask       system_process                       D  invokeAgentForBackup on com.google.android.play.games
2025-12-30 05:47:59.395  1587-2048  BackupRestoreController system_process                       I  Getting widget state for user: 0
2025-12-30 05:47:59.402  1587-2048  PerformBackupTask       system_process                       D  starting agent for backup of BackupRequest{pkg=com.android.providers.settings}
2025-12-30 05:47:59.403  1587-2048  BackupManagerService    system_process                       D  awaiting agent for ApplicationInfo{3a845e11 com.android.providers.settings}
2025-12-30 05:47:59.416  1587-1587  BackupManagerService    system_process                       D  agentConnected pkg=com.android.providers.settings agent=android.app.backup.BackupAgent$BackupServiceBinder@112b6b76
2025-12-30 05:47:59.416  1587-2048  BackupManagerService    system_process                       I  got agent android.app.backup.BackupAgent$BackupServiceBinder@112b6b76
2025-12-30 05:47:59.416  1587-2048  PerformBackupTask       system_process                       D  invokeAgentForBackup on com.android.providers.settings
2025-12-30 05:47:59.502  1587-2048  ActivityManager         system_process                       I  Start proc android.process.media for content provider com.android.providers.media/.MediaProvider: pid=7794 uid=10005 gids={50005, 9997, 1028, 1015, 1023, 1024, 2001, 3003, 3007} abi=x86_64
2025-12-30 05:47:59.517  1587-2083  ActivityManager         system_process                       I  Killing 3363:com.google.android.gms.unstable/u0a7 (adj 13): empty for 1894s
2025-12-30 05:47:59.746  1587-2189  libprocessgroup         system_process                       W  failed to open /acct/uid_10007/pid_3363/cgroup.procs: No such file or directory
2025-12-30 05:48:00.001  1587-2048  BackupRestoreController system_process                       I  Getting widget state for user: 0
2025-12-30 05:48:00.013  1587-2048  PerformBackupTask       system_process                       D  starting agent for backup of BackupRequest{pkg=com.google.android.calendar}
2025-12-30 05:48:00.014  1587-2048  BackupManagerService    system_process                       D  awaiting agent for ApplicationInfo{1247bc50 com.google.android.calendar}
2025-12-30 05:48:00.017  1587-3174  BackupManagerService    system_process                       D  agentConnected pkg=com.google.android.calendar agent=android.os.BinderProxy@19cbbe49
2025-12-30 05:48:00.018  1587-2048  BackupManagerService    system_process                       I  got agent android.app.IBackupAgent$Stub$Proxy@530734e
2025-12-30 05:48:00.018  1587-2048  PerformBackupTask       system_process                       D  invokeAgentForBackup on com.google.android.calendar
2025-12-30 05:48:00.021  1587-2048  BackupRestoreController system_process                       I  Getting widget state for user: 0
2025-12-30 05:48:00.027  1587-2048  PerformBackupTask       system_process                       D  starting agent for backup of BackupRequest{pkg=android}
2025-12-30 05:48:00.028  1587-2048  BackupManagerService    system_process                       D  awaiting agent for ApplicationInfo{35170c6f android}
2025-12-30 05:48:00.031  1587-1587  BackupManagerService    system_process                       D  agentConnected pkg=android agent=android.app.backup.BackupAgent$BackupServiceBinder@2d744d7c
2025-12-30 05:48:00.031  1587-2048  BackupManagerService    system_process                       I  got agent android.app.backup.BackupAgent$BackupServiceBinder@2d744d7c
2025-12-30 05:48:00.031  1587-2048  PerformBackupTask       system_process                       D  invokeAgentForBackup on android
2025-12-30 05:48:00.042  1587-2048  BackupRestoreController system_process                       I  Getting widget state for user: 0
2025-12-30 05:48:00.049  1587-2048  PerformBackupTask       system_process                       D  starting agent for backup of BackupRequest{pkg=com.android.dialer}
2025-12-30 05:48:00.097  1587-2048  ActivityManager         system_process                       I  Start proc com.android.dialer for backup com.android.dialer/.DialerBackupAgent: pid=7817 uid=10004 gids={50004, 9997, 3003, 1028, 1015} abi=x86_64
2025-12-30 05:48:00.098  1587-2048  BackupManagerService    system_process                       D  awaiting agent for ApplicationInfo{3408f605 com.android.dialer}
2025-12-30 05:48:00.250  1587-2532  BackupManagerService    system_process                       D  agentConnected pkg=com.android.dialer agent=android.os.BinderProxy@2fa4765a
2025-12-30 05:48:00.250  1587-2048  BackupManagerService    system_process                       I  got agent android.app.IBackupAgent$Stub$Proxy@8b2008b
2025-12-30 05:48:00.250  1587-2048  PerformBackupTask       system_process                       D  invokeAgentForBackup on com.android.dialer
2025-12-30 05:48:00.258  1587-2048  BackupRestoreController system_process                       I  Getting widget state for user: 0
2025-12-30 05:48:00.262  1587-2048  PerformBackupTask       system_process                       D  starting agent for backup of BackupRequest{pkg=com.android.browser}
2025-12-30 05:48:00.319  1587-2048  ActivityManager         system_process                       I  Start proc com.android.browser for backup com.android.browser/.BrowserBackupAgent: pid=7835 uid=10016 gids={50016, 9997, 3003, 1028, 1015} abi=x86_64
2025-12-30 05:48:00.319  1587-2048  BackupManagerService    system_process                       D  awaiting agent for ApplicationInfo{2676c568 com.android.browser}
2025-12-30 05:48:00.540  1587-2187  BackupManagerService    system_process                       D  agentConnected pkg=com.android.browser agent=android.os.BinderProxy@2727ed81
2025-12-30 05:48:00.540  1587-2048  BackupManagerService    system_process                       I  got agent android.app.IBackupAgent$Stub$Proxy@9239e26
2025-12-30 05:48:00.540  1587-2048  PerformBackupTask       system_process                       D  invokeAgentForBackup on com.android.browser
2025-12-30 05:48:01.280  1587-2048  BackupRestoreController system_process                       I  Getting widget state for user: 0
2025-12-30 05:48:01.286  1587-2048  PerformBackupTask       system_process                       D  starting agent for backup of BackupRequest{pkg=com.android.sharedstoragebackup}
2025-12-30 05:48:01.354  1587-2048  ActivityManager         system_process                       I  Start proc com.android.sharedstoragebackup for backup com.android.sharedstoragebackup/.SharedStorageAgent: pid=7863 uid=10012 gids={50012, 9997, 1028, 1015, 1023} abi=x86_64
2025-12-30 05:48:01.354  1587-2048  BackupManagerService    system_process                       D  awaiting agent for ApplicationInfo{35be1a67 com.android.sharedstoragebackup}
2025-12-30 05:48:01.452  1587-2529  BackupManagerService    system_process                       D  agentConnected pkg=com.android.sharedstoragebackup agent=android.os.BinderProxy@3b2ad980
2025-12-30 05:48:01.452  1587-2048  BackupManagerService    system_process                       I  got agent android.app.IBackupAgent$Stub$Proxy@3883cbb9
2025-12-30 05:48:01.452  1587-2048  PerformBackupTask       system_process                       D  invokeAgentForBackup on com.android.sharedstoragebackup
2025-12-30 05:48:01.459  1587-2048  BackupRestoreController system_process                       I  Getting widget state for user: 0
2025-12-30 05:48:01.474  1587-2048  BackupManagerService    system_process                       I  Backup pass finished.
2025-12-30 05:48:55.042  1587-2531  ActivityManager         system_process                       I  Force stopping org.kelompok3.todolistapp appid=10058 user=0: from pid 7907
2025-12-30 05:48:55.425  1587-2189  ActivityManager         system_process                       I  Force stopping org.kelompok3.todolistapp appid=10058 user=0: from pid 7921
2025-12-30 05:48:58.706  1587-1626  PackageManager          system_process                       D  /data/app/vmdl349692208.tmp already staged; skipping copy
2025-12-30 05:48:59.451  1587-1626  PackageManager          system_process                       D  Renaming /data/app/vmdl349692208.tmp to /data/app/org.kelompok3.todolistapp-2
2025-12-30 05:48:59.453  1587-1613  ActivityManager         system_process                       I  Force stopping org.kelompok3.todolistapp appid=10058 user=-1: uninstall pkg
2025-12-30 05:48:59.500  1587-1626  PackageManager          system_process                       I  Package org.kelompok3.todolistapp codePath changed from /data/app/org.kelompok3.todolistapp-1 to /data/app/org.kelompok3.todolistapp-2; Retaining data and using new
2025-12-30 05:49:14.770  1587-1626  PackageManager          system_process                       W  Code path for pkg : org.kelompok3.todolistapp changing from /data/app/org.kelompok3.todolistapp-1 to /data/app/org.kelompok3.todolistapp-2
2025-12-30 05:49:14.770  1587-1613  ActivityManager         system_process                       I  Force stopping org.kelompok3.todolistapp appid=10058 user=-1: update pkg
2025-12-30 05:49:14.770  1587-1626  PackageManager          system_process                       W  Resource path for pkg : org.kelompok3.todolistapp changing from /data/app/org.kelompok3.todolistapp-1 to /data/app/org.kelompok3.todolistapp-2
2025-12-30 05:49:14.845  1587-1626  ActivityManager         system_process                       I  Force stopping org.kelompok3.todolistapp appid=10058 user=0: pkg removed
2025-12-30 05:49:14.863  1587-1587  BackupManagerService    system_process                       D  Received broadcast Intent { act=android.intent.action.PACKAGE_REMOVED dat=package:org.kelompok3.todolistapp flg=0x4000010 (has extras) }
2025-12-30 05:49:14.864  1587-1587  JobSchedulerService     system_process                       D  Receieved: android.intent.action.PACKAGE_REMOVED
2025-12-30 05:49:15.032  4276-4276  ContextImpl             pid-4276                             W  Calling a method in the system process without a qualified user: android.app.ContextImpl.startService:1686 android.content.ContextWrapper.startService:515 android.content.ContextWrapper.startService:515 com.android.keychain.KeyChainBroadcastReceiver.onReceive:12 android.app.ActivityThread.handleReceiver:2579
2025-12-30 05:49:15.109  1587-1587  BackupManagerService    system_process                       D  Received broadcast Intent { act=android.intent.action.PACKAGE_ADDED dat=package:org.kelompok3.todolistapp flg=0x4000010 (has extras) }
2025-12-30 05:49:15.110  1587-1587  BackupManagerService    system_process                       W  Removing schedule queue dupe of org.kelompok3.todolistapp
2025-12-30 05:49:15.159  1587-2083  ActivityManager         system_process                       W  Unable to start service Intent { act=com.google.android.gms.auth.key.retrieval.service.START pkg=com.google.android.gms } U=0: not found
2025-12-30 05:49:15.190  1587-2083  ActivityManager         system_process                       W  Unbind failed: could not find connection for android.os.BinderProxy@33e2423b
2025-12-30 05:49:15.502  1587-1612  VoiceInter...gerService system_process                       W  no available voice recognition services found for user 0
2025-12-30 05:49:15.997  1587-2120  ActivityManager         system_process                       I  START u0 {act=android.intent.action.MAIN cat=[android.intent.category.LAUNCHER] flg=0x10000000 cmp=org.kelompok3.todolistapp/.MainActivity} from uid 0 on display 0
2025-12-30 05:49:16.021  1587-1612  UsageStatsService       system_process                       I  User[0] Flushing usage stats to disk
2025-12-30 05:49:16.057  1587-1612  UsageStatsDatabase      system_process                       I  Moving file /data/system/usagestats/0/daily/1735171200000 to /data/system/usagestats/0/daily/1735415484849
2025-12-30 05:49:16.058  1587-1612  UsageStatsDatabase      system_process                       I  Moving file /data/system/usagestats/0/daily/1735257600000 to /data/system/usagestats/0/daily/1735501884849
2025-12-30 05:49:16.058  1587-1612  UsageStatsDatabase      system_process                       I  Moving file /data/system/usagestats/0/weekly/1735171200000 to /data/system/usagestats/0/weekly/1735415484849
2025-12-30 05:49:16.058  1587-1612  UsageStatsDatabase      system_process                       I  Moving file /data/system/usagestats/0/monthly/1734048000000 to /data/system/usagestats/0/monthly/1734292284849
2025-12-30 05:49:16.058  1587-1612  UsageStatsDatabase      system_process                       I  Moving file /data/system/usagestats/0/yearly/1734480000000 to /data/system/usagestats/0/yearly/1734724284849
2025-12-30 05:49:16.068  1587-1612  UsageStatsService       system_process                       I  User[0] Rollover scheduled @ 2024-12-30 00:00:00(1735516800000)
2025-12-30 05:49:16.083  1587-2529  ActivityManager         system_process                       I  Start proc org.kelompok3.todolistapp for activity org.kelompok3.todolistapp/.MainActivity: pid=8021 uid=10058 gids={50058, 9997} abi=x86_64
2025-12-30 05:49:19.385  1587-1716  ActivityManager         system_process                       I  START u0 {act=android.intent.action.MAIN cat=[android.intent.category.HOME] flg=0x10200000 cmp=com.android.launcher/com.android.launcher2.Launcher} from uid 1000 on display 0
2025-12-30 05:49:20.651  1587-2061  TaskPersister           system_process                       D  removeObsoleteFile: deleting file=31_task.xml
2025-12-30 05:49:29.433  1587-3388  ConnectivityService     system_process                       D  reportBadNetwork(NetworkAgentInfo [MOBILE (LTE) - 100]) by 10007
2025-12-30 05:49:29.605  1587-2040  ConnectivityService     system_process                       D  Validated NetworkAgentInfo [MOBILE (LTE) - 100]
2025-12-30 05:49:29.605  1587-2040  ConnectivityService     system_process                       D  rematching NetworkAgentInfo [MOBILE (LTE) - 100]
2025-12-30 05:49:29.606  1587-2040  ConnectivityService     system_process                       D  Network NetworkAgentInfo [MOBILE (LTE) - 100] was already satisfying request 1. No change.
2025-12-30 05:49:29.606  1587-2040  ConnectivityService     system_process                       D  notifyType AVAILABLE for NetworkAgentInfo [MOBILE (LTE) - 100]
2025-12-30 05:49:32.589  1587-1716  ActivityManager         system_process                       I  START u0 {act=android.intent.action.MAIN cat=[android.intent.category.HOME] flg=0x10200000 cmp=com.android.launcher/com.android.launcher2.Launcher} from uid 1000 on display 0
2025-12-30 05:51:46.036  1587-2188  ActivityManager         system_process                       I  START u0 {act=android.intent.action.MAIN cat=[android.intent.category.LAUNCHER] flg=0x10000000 cmp=org.kelompok3.todolistapp/.MainActivity (has extras)} from uid 10008 on display 0
2025-12-30 05:51:48.498  1587-1716  ActivityManager         system_process                       I  START u0 {act=android.intent.action.MAIN cat=[android.intent.category.HOME] flg=0x10200000 cmp=com.android.launcher/com.android.launcher2.Launcher} from uid 1000 on display 0
2025-12-30 05:51:49.098  1587-2530  ActivityManager         system_process                       I  START u0 {act=com.android.systemui.recents.SHOW_RECENTS flg=0x10804000 cmp=com.android.systemui/.recents.RecentsActivity (has extras)} from uid 10013 on display 0
2025-12-30 05:51:50.997  1587-2083  ActivityManager         system_process                       I  START u0 {act=android.intent.action.MAIN cat=[android.intent.category.LAUNCHER] flg=0x10100000 cmp=org.kelompok3.todolistapp/.MainActivity bnds=[654,1233][848,1475]} from uid 0 on display 0
2025-12-30 05:51:52.561  1587-2450  ActivityManager         system_process                       I  START u0 {act=com.android.systemui.recents.SHOW_RECENTS flg=0x10804000 cmp=com.android.systemui/.recents.RecentsActivity (has extras)} from uid 10013 on display 0
2025-12-30 05:51:53.902  1587-2188  ActivityManager         system_process                       I  START u0 {act=android.intent.action.MAIN cat=[android.intent.category.HOME] flg=0x10200000 cmp=com.android.launcher/com.android.launcher2.Launcher} from uid 10013 on display 0
2025-12-30 05:51:53.909  1587-2061  TaskPersister           system_process                       D  removeObsoleteFile: deleting file=32_task.xml
2025-12-30 05:51:53.910  1587-2061  TaskPersister           system_process                       D  removeObsoleteFile: deleting file=32_task_thumbnail.png
2025-12-30 05:51:53.964  1587-2460  ActivityManager         system_process                       I  Killing 8021:org.kelompok3.todolistapp/u0a58 (adj 9): remove task
2025-12-30 05:51:53.982  1587-1609  WindowState             system_process                       I  WIN DEATH: Window{16bd789 u0 org.kelompok3.todolistapp/org.kelompok3.todolistapp.MainActivity}
2025-12-30 05:51:53.986  1587-1608  libprocessgroup         system_process                       W  failed to open /acct/uid_10058/pid_8021/cgroup.procs: No such file or directory
2025-12-30 05:51:54.928  2227-2227  DeadZone                com.android.systemui                 V  consuming errant click: (550.97534,8.885742)
2025-12-30 05:52:03.482  1587-1717  PowerManagerService     system_process                       I  Going to sleep due to power button (uid 1000)...
2025-12-30 05:52:03.487  1587-1623  PowerManagerService     system_process                       I  Sleeping (uid 1000)...
2025-12-30 05:52:04.170  1587-1621  DisplayManagerService   system_process                       I  Display device changed: DisplayDeviceInfo{"Built-in Screen": 1080 x 2400, 60.000004 fps, supportedRefreshRates [60.000004], density 420, 420.0 x 420.0 dpi, appVsyncOff 0, presDeadline 17666666, touch INTERNAL, rotation 0, type BUILT_IN, state OFF, FLAG_DEFAULT_DISPLAY, FLAG_ROTATES_WITH_CONTENT, FLAG_SECURE, FLAG_SUPPORTS_PROTECTED_BUFFERS}
2025-12-30 05:52:04.171  1587-1587  ActivityManager         system_process                       V  Display changed displayId=0
2025-01-05 07:50:00.826  1587-1587  BackupManagerService    system_process                       V  Running a backup pass
2025-01-05 07:50:00.834  1587-2048  BackupManagerService    system_process                       V  clearing pending backups
2025-01-05 07:50:00.840  1587-2048  PerformBackupTask       system_process                       V  Beginning backup of 9 targets
2025-01-05 07:50:00.866  1587-2048  PerformBackupTask       system_process                       D  invokeAgentForBackup on @pm@
2025-01-05 07:50:00.887  1587-2048  PMBA                    system_process                       E  No global metadata in state file!
2025-01-05 07:50:00.887  1587-2048  PMBA                    system_process                       I  Previous metadata null mismatch vs 6695550 - rewriting
2025-01-05 07:50:00.964  1587-2048  BackupRestoreController system_process                       I  Getting widget state for user: 0
2025-01-05 07:50:01.029  1587-2048  PerformBackupTask       system_process                       D  starting agent for backup of BackupRequest{pkg=com.google.android.gm}
2025-01-05 07:50:01.034  1587-2048  BackupManagerService    system_process                       D  awaiting agent for ApplicationInfo{14f03e60 com.google.android.gm}
2025-01-05 07:50:01.064  1587-2529  BackupManagerService    system_process                       D  agentConnected pkg=com.google.android.gm agent=android.os.BinderProxy@695186d
2025-01-05 07:50:01.064  1587-2048  BackupManagerService    system_process                       I  got agent android.app.IBackupAgent$Stub$Proxy@c3acca2
2025-01-05 07:50:01.064  1587-2048  PerformBackupTask       system_process                       D  invokeAgentForBackup on com.google.android.gm
2025-01-05 07:50:01.111  1587-2048  BackupRestoreController system_process                       I  Getting widget state for user: 0
2025-01-05 07:50:01.120  1587-2048  PerformBackupTask       system_process                       D  starting agent for backup of BackupRequest{pkg=com.android.providers.userdictionary}
