2025-01-05 08:09:26.828  1587-2460  ActivityManager         system_process                       I  START u0 {cmp=org.kelompok3.todolistapp/.TaskEditor (has extras)} from uid 10058 on display 0
2025-01-05 08:12:48.057  1587-1612  UsageStatsService       system_process                       I  User[0] Flushing usage stats to disk
2025-01-05 08:14:42.835  1587-2188  ActivityManager         system_process                       I  Start proc com.google.android.gms.unstable for service com.google.android.gms/.droidguard.DroidGuardService: pid=9164 uid=10007 gids={50007, 9997, 3003, 1028, 1015, 3002, 3001, 1005, 1007, 3007, 2001, 3006} abi=x86_64
2025-01-05 08:14:42.862  9164-9164  ResourcesManager        com.google.android.gms.unstable      W  Asset path '/system/framework/com.android.media.remotedisplay.jar' does not exist or contains no resources.
2025-01-05 08:14:42.863  9164-9164  ResourcesManager        com.google.android.gms.unstable      W  Asset path '/system/framework/com.android.location.provider.jar' does not exist or contains no resources.
2025-01-05 08:14:43.072  9164-9164  ActivityThread          com.google.android.gms.unstable      W  ClassLoader.loadClass: The class loader returned by Thread.getContextClassLoader() may fail for processes that host multiple applications. You should explicitly specify a context class loader. For example: Thread.setContextClassLoader(getClass().getClassLoader());
2025-01-05 08:14:49.225  1587-2083  ActivityManager         system_process                       I  Killing 7722:com.google.android.gm/u0a42 (adj 15): empty #17
2025-01-05 08:14:49.246  1587-2532  libprocessgroup         system_process                       W  failed to open /acct/uid_10042/pid_7722/cgroup.procs: No such file or directory
2025-01-05 08:15:58.233  1587-3174  ActivityManager         system_process                       I  Force stopping org.kelompok3.todolistapp appid=10058 user=0: from pid 9206
2025-01-05 08:15:58.234  1587-3174  ActivityManager         system_process                       I  Killing 9110:org.kelompok3.todolistapp/u0a58 (adj 0): stop org.kelompok3.todolistapp
2025-01-05 08:15:58.245  1587-3388  WindowState             system_process                       I  WIN DEATH: Window{5771cfb u0 org.kelompok3.todolistapp/org.kelompok3.todolistapp.TaskEditor}
2025-01-05 08:15:58.253  1587-3389  WindowState             system_process                       I  WIN DEATH: Window{3e09673d u0 org.kelompok3.todolistapp/org.kelompok3.todolistapp.MainActivity}
2025-01-05 08:15:58.253  1587-3174  ActivityManager         system_process                       W  Force removing ActivityRecord{ac641df u0 org.kelompok3.todolistapp/.TaskEditor t37}: app died, no saved state
2025-01-05 08:15:58.256  1587-3174  ActivityManager         system_process                       I  Killing 7863:com.android.sharedstoragebackup/u0a12 (adj 13): empty for 1812s
2025-01-05 08:15:58.265  1587-3174  ActivityManager         system_process                       I  Killing 7835:com.android.browser/u0a16 (adj 13): empty for 1813s
2025-01-05 08:15:58.277  1587-3174  ActivityManager         system_process                       I  Killing 7817:com.android.dialer/u0a4 (adj 13): empty for 1813s
2025-01-05 08:15:58.282  1587-3174  ActivityManager         system_process                       I  Killing 7762:com.google.android.play.games/u0a41 (adj 15): empty for 1815s
2025-01-05 08:15:58.291  1587-3174  ActivityManager         system_process                       I    Force finishing activity ActivityRecord{1dddb0cd u0 org.kelompok3.todolistapp/.MainActivity t37}
2025-01-05 08:15:58.305  1587-2450  ActivityManager         system_process                       W  Spurious death for ProcessRecord{24c14fa 9110:org.kelompok3.todolistapp/u0a58}, curProc for 9110: null
2025-01-05 08:15:58.305  1587-2530  ActivityManager         system_process                       I  Force stopping org.kelompok3.todolistapp appid=10058 user=0: from pid 9208
2025-01-05 08:15:58.305  1587-2530  ActivityManager         system_process                       I    Force finishing activity ActivityRecord{1dddb0cd u0 org.kelompok3.todolistapp/.MainActivity t37 f}
2025-01-05 08:15:58.305  1587-2530  ActivityManager         system_process                       W  Duplicate finish request for ActivityRecord{1dddb0cd u0 org.kelompok3.todolistapp/.MainActivity t37 f}
2025-01-05 08:15:58.309  1587-1608  libprocessgroup         system_process                       W  failed to open /acct/uid_10012/pid_7863/cgroup.procs: No such file or directory
2025-01-05 08:15:58.326  1587-2083  libprocessgroup         system_process                       W  failed to open /acct/uid_10016/pid_7835/cgroup.procs: No such file or directory
2025-01-05 08:15:58.337  1587-2532  libprocessgroup         system_process                       W  failed to open /acct/uid_10004/pid_7817/cgroup.procs: No such file or directory
2025-01-05 08:15:58.344  1587-2531  libprocessgroup         system_process                       W  failed to open /acct/uid_10041/pid_7762/cgroup.procs: No such file or directory
2025-01-05 08:15:58.395  1587-3174  InputMetho...gerService system_process                       W  Got RemoteException sending setActive(false) notification to pid 9110 uid 10058
2025-01-05 08:15:58.831  1587-2188  ActivityManager         system_process                       I  Force stopping org.kelompok3.todolistapp appid=10058 user=0: from pid 9237
2025-01-05 08:16:00.671  1587-1626  PackageManager          system_process                       D  /data/app/vmdl1926166713.tmp already staged; skipping copy
2025-01-05 08:16:01.091  1587-1626  PackageManager          system_process                       D  Renaming /data/app/vmdl1926166713.tmp to /data/app/org.kelompok3.todolistapp-2
2025-01-05 08:16:01.094  1587-1613  ActivityManager         system_process                       I  Force stopping org.kelompok3.todolistapp appid=10058 user=-1: uninstall pkg
2025-01-05 08:16:01.116  1587-1626  PackageManager          system_process                       I  Package org.kelompok3.todolistapp codePath changed from /data/app/org.kelompok3.todolistapp-1 to /data/app/org.kelompok3.todolistapp-2; Retaining data and using new
2025-01-05 08:16:10.886  1587-1626  PackageManager          system_process                       W  Code path for pkg : org.kelompok3.todolistapp changing from /data/app/org.kelompok3.todolistapp-1 to /data/app/org.kelompok3.todolistapp-2
2025-01-05 08:16:10.886  1587-1613  ActivityManager         system_process                       I  Force stopping org.kelompok3.todolistapp appid=10058 user=-1: update pkg
2025-01-05 08:16:10.886  1587-1626  PackageManager          system_process                       W  Resource path for pkg : org.kelompok3.todolistapp changing from /data/app/org.kelompok3.todolistapp-1 to /data/app/org.kelompok3.todolistapp-2
2025-01-05 08:16:10.939  1587-1626  ActivityManager         system_process                       I  Force stopping org.kelompok3.todolistapp appid=10058 user=0: pkg removed
2025-01-05 08:16:10.992  1587-1587  BackupManagerService    system_process                       D  Received broadcast Intent { act=android.intent.action.PACKAGE_REMOVED dat=package:org.kelompok3.todolistapp flg=0x4000010 (has extras) }
2025-01-05 08:16:10.992  1587-1587  JobSchedulerService     system_process                       D  Receieved: android.intent.action.PACKAGE_REMOVED
2025-01-05 08:16:11.024  4276-4276  ContextImpl             pid-4276                             W  Calling a method in the system process without a qualified user: android.app.ContextImpl.startService:1686 android.content.ContextWrapper.startService:515 android.content.ContextWrapper.startService:515 com.android.keychain.KeyChainBroadcastReceiver.onReceive:12 android.app.ActivityThread.handleReceiver:2579
2025-01-05 08:16:11.027  1587-1587  BackupManagerService    system_process                       D  Received broadcast Intent { act=android.intent.action.PACKAGE_ADDED dat=package:org.kelompok3.todolistapp flg=0x4000010 (has extras) }
2025-01-05 08:16:11.028  1587-1587  BackupManagerService    system_process                       W  Removing schedule queue dupe of org.kelompok3.todolistapp
2025-01-05 08:16:11.062  1587-1612  VoiceInter...gerService system_process                       W  no available voice recognition services found for user 0
2025-01-05 08:16:11.143  1587-2187  ActivityManager         system_process                       W  Unable to start service Intent { act=com.google.android.gms.auth.key.retrieval.service.START pkg=com.google.android.gms } U=0: not found
2025-01-05 08:16:11.148  1587-2530  ActivityManager         system_process                       W  Unbind failed: could not find connection for android.os.BinderProxy@2cff176a
2025-01-05 08:16:11.587  1587-3389  ActivityManager         system_process                       I  START u0 {act=android.intent.action.MAIN cat=[android.intent.category.LAUNCHER] flg=0x10000000 cmp=org.kelompok3.todolistapp/.MainActivity} from uid 0 on display 0
2025-01-05 08:16:11.629  1587-1608  ActivityManager         system_process                       I  Start proc org.kelompok3.todolistapp for activity org.kelompok3.todolistapp/.MainActivity: pid=9342 uid=10058 gids={50058, 9997} abi=x86_64
2025-01-05 08:16:14.128  1587-2189  ConnectivityService     system_process                       D  reportBadNetwork(NetworkAgentInfo [MOBILE (LTE) - 100]) by 10007
2025-01-05 08:16:14.194  1587-2531  ActivityManager         system_process                       I  START u0 {cmp=org.kelompok3.todolistapp/.TaskEditor (has extras)} from uid 10058 on display 0
2025-01-05 08:16:14.290  1587-2040  ConnectivityService     system_process                       D  Validated NetworkAgentInfo [MOBILE (LTE) - 100]
2025-01-05 08:16:14.290  1587-2040  ConnectivityService     system_process                       D  rematching NetworkAgentInfo [MOBILE (LTE) - 100]
2025-01-05 08:16:14.290  1587-2040  ConnectivityService     system_process                       D  Network NetworkAgentInfo [MOBILE (LTE) - 100] was already satisfying request 1. No change.
2025-01-05 08:16:14.291  1587-2040  ConnectivityService     system_process                       D  notifyType AVAILABLE for NetworkAgentInfo [MOBILE (LTE) - 100]
2025-01-05 08:16:15.610  1587-2061  TaskPersister           system_process                       D  removeObsoleteFile: deleting file=37_task.xml
2025-01-05 08:16:23.491  1587-2083  InputMetho...gerService system_process                       W  Window already focused, ignoring focus gain of: com.android.internal.view.IInputMethodClient$Stub$Proxy@15d8ace attribute=null, token = android.os.BinderProxy@17e1a6d2
2025-01-05 08:16:33.872  1587-3174  ActivityManager         system_process                       I  START u0 {cmp=org.kelompok3.todolistapp/.TaskEditor (has extras)} from uid 10058 on display 0
2025-01-05 08:16:34.071  9342-9342  AndroidRuntime          pid-9342                             E  FATAL EXCEPTION: main (Ask Gemini)
                                                                                                    Process: org.kelompok3.todolistapp, PID: 9342
                                                                                                    java.lang.RuntimeException: Unable to start activity ComponentInfo{org.kelompok3.todolistapp/org.kelompok3.todolistapp.TaskEditor}: java.lang.NullPointerException: Attempt to invoke virtual method 'void android.widget.RadioButton.setChecked(boolean)' on a null object reference
                                                                                                    	at android.app.ActivityThread.performLaunchActivity(ActivityThread.java:2298)
                                                                                                    	at android.app.ActivityThread.handleLaunchActivity(ActivityThread.java:2360)
                                                                                                    	at android.app.ActivityThread.access$800(ActivityThread.java:144)
                                                                                                    	at android.app.ActivityThread$H.handleMessage(ActivityThread.java:1278)
                                                                                                    	at android.os.Handler.dispatchMessage(Handler.java:102)
                                                                                                    	at android.os.Looper.loop(Looper.java:135)
                                                                                                    	at android.app.ActivityThread.main(ActivityThread.java:5221)
                                                                                                    	at java.lang.reflect.Method.invoke(Native Method)
                                                                                                    	at java.lang.reflect.Method.invoke(Method.java:372)
                                                                                                    	at com.android.internal.os.ZygoteInit$MethodAndArgsCaller.run(ZygoteInit.java:899)
                                                                                                    	at com.android.internal.os.ZygoteInit.main(ZygoteInit.java:694)
                                                                                                    Caused by: java.lang.NullPointerException: Attempt to invoke virtual method 'void android.widget.RadioButton.setChecked(boolean)' on a null object reference
                                                                                                    	at org.kelompok3.todolistapp.TaskEditor.loadTaskData(TaskEditor.java:123)
                                                                                                    	at org.kelompok3.todolistapp.TaskEditor.onCreate(TaskEditor.java:61)
                                                                                                    	at android.app.Activity.performCreate(Activity.java:5937)
                                                                                                    	at android.app.Instrumentation.callActivityOnCreate(Instrumentation.java:1105)
                                                                                                    	at android.app.ActivityThread.performLaunchActivity(ActivityThread.java:2251)
                                                                                                    	at android.app.ActivityThread.handleLaunchActivity(ActivityThread.java:2360) 
                                                                                                    	at android.app.ActivityThread.access$800(ActivityThread.java:144) 
                                                                                                    	at android.app.ActivityThread$H.handleMessage(ActivityThread.java:1278) 
                                                                                                    	at android.os.Handler.dispatchMessage(Handler.java:102) 
                                                                                                    	at android.os.Looper.loop(Looper.java:135) 
                                                                                                    	at android.app.ActivityThread.main(ActivityThread.java:5221) 
                                                                                                    	at java.lang.reflect.Method.invoke(Native Method) 
                                                                                                    	at java.lang.reflect.Method.invoke(Method.java:372) 
                                                                                                    	at com.android.internal.os.ZygoteInit$MethodAndArgsCaller.run(ZygoteInit.java:899) 
                                                                                                    	at com.android.internal.os.ZygoteInit.main(ZygoteInit.java:694) 
2025-01-05 08:16:34.072  1587-2530  ActivityManager         system_process                       W    Force finishing activity org.kelompok3.todolistapp/.TaskEditor
2025-01-05 08:16:34.075  1587-2530  ActivityManager         system_process                       W    Force finishing activity org.kelompok3.todolistapp/.MainActivity
2025-01-05 08:16:34.577  1587-1613  ActivityManager         system_process                       W  Activity pause timeout for ActivityRecord{27dcf139 u0 org.kelompok3.todolistapp/.TaskEditor t38 f}
2025-01-05 08:16:36.086  1587-3389  WindowState             system_process                       I  WIN DEATH: Window{39cbf49c u0 org.kelompok3.todolistapp/org.kelompok3.todolistapp.MainActivity}
2025-01-05 08:16:36.087  1587-3388  ActivityManager         system_process                       I  Process org.kelompok3.todolistapp (pid 9342) has died
2025-01-05 08:16:36.112  1587-3174  InputMetho...gerService system_process                       W  Got RemoteException sending setActive(false) notification to pid 9342 uid 10058
2025-01-05 08:16:59.606  1587-2531  ActivityManager         system_process                       I  Force stopping org.kelompok3.todolistapp appid=10058 user=0: from pid 9402
2025-01-05 08:17:00.018  1587-2529  ActivityManager         system_process                       I  Force stopping org.kelompok3.todolistapp appid=10058 user=0: from pid 9416
2025-01-05 08:17:01.876  1587-1626  PackageManager          system_process                       D  /data/app/vmdl1280962155.tmp already staged; skipping copy
2025-01-05 08:17:02.282  1587-1626  PackageManager          system_process                       D  Renaming /data/app/vmdl1280962155.tmp to /data/app/org.kelompok3.todolistapp-1
2025-01-05 08:17:02.283  1587-1613  ActivityManager         system_process                       I  Force stopping org.kelompok3.todolistapp appid=10058 user=-1: uninstall pkg
2025-01-05 08:17:02.311  1587-1626  PackageManager          system_process                       I  Package org.kelompok3.todolistapp codePath changed from /data/app/org.kelompok3.todolistapp-2 to /data/app/org.kelompok3.todolistapp-1; Retaining data and using new
2025-01-05 08:17:11.689  1587-1626  PackageManager          system_process                       W  Code path for pkg : org.kelompok3.todolistapp changing from /data/app/org.kelompok3.todolistapp-2 to /data/app/org.kelompok3.todolistapp-1
2025-01-05 08:17:11.689  1587-1626  PackageManager          system_process                       W  Resource path for pkg : org.kelompok3.todolistapp changing from /data/app/org.kelompok3.todolistapp-2 to /data/app/org.kelompok3.todolistapp-1
2025-01-05 08:17:11.689  1587-1613  ActivityManager         system_process                       I  Force stopping org.kelompok3.todolistapp appid=10058 user=-1: update pkg
2025-01-05 08:17:11.737  1587-1626  ActivityManager         system_process                       I  Force stopping org.kelompok3.todolistapp appid=10058 user=0: pkg removed
2025-01-05 08:17:11.831  1587-1587  BackupManagerService    system_process                       D  Received broadcast Intent { act=android.intent.action.PACKAGE_REMOVED dat=package:org.kelompok3.todolistapp flg=0x4000010 (has extras) }
2025-01-05 08:17:11.832  1587-1587  JobSchedulerService     system_process                       D  Receieved: android.intent.action.PACKAGE_REMOVED
2025-01-05 08:17:11.832  4276-4276  ContextImpl             pid-4276                             W  Calling a method in the system process without a qualified user: android.app.ContextImpl.startService:1686 android.content.ContextWrapper.startService:515 android.content.ContextWrapper.startService:515 com.android.keychain.KeyChainBroadcastReceiver.onReceive:12 android.app.ActivityThread.handleReceiver:2579
2025-01-05 08:17:11.880  1587-1587  BackupManagerService    system_process                       D  Received broadcast Intent { act=android.intent.action.PACKAGE_ADDED dat=package:org.kelompok3.todolistapp flg=0x4000010 (has extras) }
2025-01-05 08:17:11.880  1587-1587  BackupManagerService    system_process                       W  Removing schedule queue dupe of org.kelompok3.todolistapp
2025-01-05 08:17:11.900  1587-2189  ActivityManager         system_process                       W  Unable to start service Intent { act=com.google.android.gms.auth.key.retrieval.service.START pkg=com.google.android.gms } U=0: not found
2025-01-05 08:17:11.924  1587-2120  ActivityManager         system_process                       W  Unbind failed: could not find connection for android.os.BinderProxy@3115585f
2025-01-05 08:17:11.966  1587-1612  VoiceInter...gerService system_process                       W  no available voice recognition services found for user 0
2025-01-05 08:17:12.419  1587-3174  ActivityManager         system_process                       I  START u0 {act=android.intent.action.MAIN cat=[android.intent.category.LAUNCHER] flg=0x10000000 cmp=org.kelompok3.todolistapp/.MainActivity} from uid 0 on display 0
2025-01-05 08:17:12.472  1587-2530  ActivityManager         system_process                       I  Start proc org.kelompok3.todolistapp for activity org.kelompok3.todolistapp/.MainActivity: pid=9518 uid=10058 gids={50058, 9997} abi=x86_64
2025-01-05 08:17:15.658  1587-2188  ActivityManager         system_process                       I  START u0 {cmp=org.kelompok3.todolistapp/.TaskEditor (has extras)} from uid 10058 on display 0
2025-01-05 08:17:16.436  1587-2061  TaskPersister           system_process                       D  removeObsoleteFile: deleting file=38_task.xml
2025-01-05 08:17:23.280  1587-2187  ActivityManager         system_process                       I  START u0 {cmp=org.kelompok3.todolistapp/.TaskEditor (has extras)} from uid 10058 on display 0
2025-01-05 08:17:29.327  1587-2531  ActivityManager         system_process                       I  START u0 {cmp=org.kelompok3.todolistapp/.TaskEditor (has extras)} from uid 10058 on display 0
2025-01-05 08:17:32.856  1587-3389  ActivityManager         system_process                       I  START u0 {cmp=org.kelompok3.todolistapp/.TaskEditor (has extras)} from uid 10058 on display 0
2025-01-05 08:17:40.721  1587-2460  ActivityManager         system_process                       I  START u0 {cmp=org.kelompok3.todolistapp/.TaskEditor (has extras)} from uid 10058 on display 0
2025-01-05 08:17:44.264  1587-2450  ActivityManager         system_process                       I  START u0 {cmp=org.kelompok3.todolistapp/.TaskEditor (has extras)} from uid 10058 on display 0
2025-01-05 08:17:51.312  1587-1608  ActivityManager         system_process                       I  START u0 {cmp=org.kelompok3.todolistapp/.TaskEditor (has extras)} from uid 10058 on display 0
2025-01-05 08:17:57.175  1587-2188  ActivityManager         system_process                       I  START u0 {cmp=org.kelompok3.todolistapp/.TaskEditor (has extras)} from uid 10058 on display 0
2025-01-05 08:18:02.285  1587-1716  ActivityManager         system_process                       I  START u0 {act=android.intent.action.MAIN cat=[android.intent.category.HOME] flg=0x10200000 cmp=com.android.launcher/com.android.launcher2.Launcher} from uid 1000 on display 0
2025-01-05 08:18:06.160  1587-3174  ActivityManager         system_process                       I  START u0 {act=android.intent.action.MAIN cat=[android.intent.category.LAUNCHER] flg=0x10000000 cmp=org.kelompok3.todolistapp/.MainActivity (has extras)} from uid 10008 on display 0
2025-01-05 08:18:07.927  1587-2189  ActivityManager         system_process                       I  START u0 {cmp=org.kelompok3.todolistapp/.TaskEditor (has extras)} from uid 10058 on display 0
2025-01-05 08:18:10.171  1587-2061  TaskPersister           system_process                       D  removeObsoleteFile: deleting file=39_task.xml
2025-01-05 08:18:10.172  1587-2061  TaskPersister           system_process                       D  removeObsoleteFile: deleting file=39_task_thumbnail.png
2025-01-05 08:18:11.031  1587-2188  ActivityManager         system_process                       I  START u0 {cmp=org.kelompok3.todolistapp/.TaskEditor (has extras)} from uid 10058 on display 0
2025-01-05 08:20:14.399  1587-2450  ActivityManager         system_process                       I  Killing 7697:com.android.providers.calendar/u0a1 (adj 13): empty for 1809s
2025-01-05 08:20:14.404  1587-2450  ActivityManager         system_process                       I  Killing 7673:com.google.android.calendar/u0a18 (adj 13): empty for 1812s
2025-01-05 08:20:14.416  1587-2450  ActivityManager         system_process                       I  Killing 7794:android.process.media/u0a5 (adj 13): empty for 1812s
2025-01-05 08:20:14.423  1587-2530  libprocessgroup         system_process                       W  failed to open /acct/uid_10001/pid_7697/cgroup.procs: No such file or directory
2025-01-05 08:20:14.424  1587-2531  libprocessgroup         system_process                       W  failed to open /acct/uid_10018/pid_7673/cgroup.procs: No such file or directory
2025-01-05 08:20:14.425  1587-2187  libprocessgroup         system_process                       W  failed to open /acct/uid_10005/pid_7794/cgroup.procs: No such file or directory
2025-01-05 08:21:18.486  1587-3174  ActivityManager         system_process                       I  START u0 {cmp=org.kelompok3.todolistapp/.TaskEditor (has extras)} from uid 10058 on display 0
2025-01-05 08:21:22.989  1587-2083  InputMetho...gerService system_process                       W  Window already focused, ignoring focus gain of: com.android.internal.view.IInputMethodClient$Stub$Proxy@f01a7b attribute=null, token = android.os.BinderProxy@275f9267
2025-01-05 08:24:05.457  1587-1716  ActivityManager         system_process                       I  START u0 {act=android.intent.action.MAIN cat=[android.intent.category.HOME] flg=0x10200000 cmp=com.android.launcher/com.android.launcher2.Launcher} from uid 1000 on display 0
2025-01-05 08:24:08.293  1587-2530  ActivityManager         system_process                       I  START u0 {act=android.intent.action.MAIN cat=[android.intent.category.LAUNCHER] flg=0x10000000 cmp=org.kelompok3.todolistapp/.MainActivity (has extras)} from uid 10008 on display 0
2025-01-05 08:24:14.486  1587-2189  ActivityManager         system_process                       I  START u0 {cmp=org.kelompok3.todolistapp/.TaskEditor (has extras)} from uid 10058 on display 0
2025-01-05 08:24:29.039  1587-2189  ActivityManager         system_process                       I  START u0 {cmp=org.kelompok3.todolistapp/.TaskEditor (has extras)} from uid 10058 on display 0
2025-01-05 08:24:57.360  1587-3388  ActivityManager         system_process                       I  Force stopping org.kelompok3.todolistapp appid=10058 user=0: from pid 9605
2025-01-05 08:24:57.361  1587-3388  ActivityManager         system_process                       I  Killing 9518:org.kelompok3.todolistapp/u0a58 (adj 0): stop org.kelompok3.todolistapp
2025-01-05 08:24:57.371  1587-2529  WindowState             system_process                       I  WIN DEATH: Window{1f92cafa u0 org.kelompok3.todolistapp/org.kelompok3.todolistapp.MainActivity}
2025-01-05 08:24:57.372  1587-3388  ActivityManager         system_process                       W  Force removing ActivityRecord{eba1df0 u0 org.kelompok3.todolistapp/.MainActivity t40}: app died, no saved state
2025-01-05 08:24:57.382  1587-2530  ActivityManager         system_process                       I  Force stopping org.kelompok3.todolistapp appid=10058 user=0: from pid 9603
2025-01-05 08:24:57.385  1587-2187  ActivityManager         system_process                       W  Spurious death for ProcessRecord{fd1409 9518:org.kelompok3.todolistapp/u0a58}, curProc for 9518: null
2025-01-05 08:24:57.445  1587-1608  InputMetho...gerService system_process                       W  Got RemoteException sending setActive(false) notification to pid 9518 uid 10058
2025-01-05 08:24:57.826  1587-1608  ActivityManager         system_process                       I  Force stopping org.kelompok3.todolistapp appid=10058 user=0: from pid 9634
2025-01-05 08:24:59.637  1587-1626  PackageManager          system_process                       D  /data/app/vmdl687257921.tmp already staged; skipping copy
2025-01-05 08:25:00.045  1587-1626  PackageManager          system_process                       D  Renaming /data/app/vmdl687257921.tmp to /data/app/org.kelompok3.todolistapp-2
2025-01-05 08:25:00.046  1587-1613  ActivityManager         system_process                       I  Force stopping org.kelompok3.todolistapp appid=10058 user=-1: uninstall pkg
2025-01-05 08:25:00.072  1587-1626  PackageManager          system_process                       I  Package org.kelompok3.todolistapp codePath changed from /data/app/org.kelompok3.todolistapp-1 to /data/app/org.kelompok3.todolistapp-2; Retaining data and using new
2025-01-05 08:25:09.183  1587-1626  PackageManager          system_process                       W  Code path for pkg : org.kelompok3.todolistapp changing from /data/app/org.kelompok3.todolistapp-1 to /data/app/org.kelompok3.todolistapp-2
2025-01-05 08:25:09.183  1587-1626  PackageManager          system_process                       W  Resource path for pkg : org.kelompok3.todolistapp changing from /data/app/org.kelompok3.todolistapp-1 to /data/app/org.kelompok3.todolistapp-2
2025-01-05 08:25:09.183  1587-1613  ActivityManager         system_process                       I  Force stopping org.kelompok3.todolistapp appid=10058 user=-1: update pkg
2025-01-05 08:25:09.229  1587-1626  ActivityManager         system_process                       I  Force stopping org.kelompok3.todolistapp appid=10058 user=0: pkg removed
2025-01-05 08:25:09.289  1587-1612  VoiceInter...gerService system_process                       W  no available voice recognition services found for user 0
2025-01-05 08:25:09.304  4276-4276  ContextImpl             pid-4276                             W  Calling a method in the system process without a qualified user: android.app.ContextImpl.startService:1686 android.content.ContextWrapper.startService:515 android.content.ContextWrapper.startService:515 com.android.keychain.KeyChainBroadcastReceiver.onReceive:12 android.app.ActivityThread.handleReceiver:2579
2025-01-05 08:25:09.316  1587-1587  BackupManagerService    system_process                       D  Received broadcast Intent { act=android.intent.action.PACKAGE_REMOVED dat=package:org.kelompok3.todolistapp flg=0x4000010 (has extras) }
2025-01-05 08:25:09.316  1587-1587  JobSchedulerService     system_process                       D  Receieved: android.intent.action.PACKAGE_REMOVED
2025-01-05 08:25:09.342  1587-1587  BackupManagerService    system_process                       D  Received broadcast Intent { act=android.intent.action.PACKAGE_ADDED dat=package:org.kelompok3.todolistapp flg=0x4000010 (has extras) }
2025-01-05 08:25:09.343  1587-1587  BackupManagerService    system_process                       W  Removing schedule queue dupe of org.kelompok3.todolistapp
2025-01-05 08:25:09.345  1587-2061  TaskPersister           system_process                       D  removeObsoleteFile: deleting file=40_task.xml
2025-01-05 08:25:09.347  1587-2061  TaskPersister           system_process                       D  removeObsoleteFile: deleting file=40_task_thumbnail.png
2025-01-05 08:25:09.424  1587-2460  ActivityManager         system_process                       W  Unable to start service Intent { act=com.google.android.gms.auth.key.retrieval.service.START pkg=com.google.android.gms } U=0: not found
2025-01-05 08:25:09.425  1587-1609  ActivityManager         system_process                       W  Unbind failed: could not find connection for android.os.BinderProxy@236d3c3d
2025-01-05 08:25:38.525  1587-2530  ActivityManager         system_process                       I  Force stopping org.kelompok3.todolistapp appid=10058 user=0: from pid 9724
2025-01-05 08:25:38.948  1587-3389  ActivityManager         system_process                       I  Force stopping org.kelompok3.todolistapp appid=10058 user=0: from pid 9741
2025-01-05 08:25:40.832  1587-1626  PackageManager          system_process                       D  /data/app/vmdl1618462272.tmp already staged; skipping copy
2025-01-05 08:25:41.279  1587-1626  PackageManager          system_process                       D  Renaming /data/app/vmdl1618462272.tmp to /data/app/org.kelompok3.todolistapp-1
2025-01-05 08:25:41.280  1587-1613  ActivityManager         system_process                       I  Force stopping org.kelompok3.todolistapp appid=10058 user=-1: uninstall pkg
2025-01-05 08:25:41.299  1587-1626  PackageManager          system_process                       I  Package org.kelompok3.todolistapp codePath changed from /data/app/org.kelompok3.todolistapp-2 to /data/app/org.kelompok3.todolistapp-1; Retaining data and using new
2025-01-05 08:25:50.522  1587-1626  PackageManager          system_process                       W  Code path for pkg : org.kelompok3.todolistapp changing from /data/app/org.kelompok3.todolistapp-2 to /data/app/org.kelompok3.todolistapp-1
2025-01-05 08:25:50.522  1587-1626  PackageManager          system_process                       W  Resource path for pkg : org.kelompok3.todolistapp changing from /data/app/org.kelompok3.todolistapp-2 to /data/app/org.kelompok3.todolistapp-1
2025-01-05 08:25:50.522  1587-1613  ActivityManager         system_process                       I  Force stopping org.kelompok3.todolistapp appid=10058 user=-1: update pkg
2025-01-05 08:25:50.562  1587-1626  ActivityManager         system_process                       I  Force stopping org.kelompok3.todolistapp appid=10058 user=0: pkg removed
2025-01-05 08:25:50.566  1587-1587  BackupManagerService    system_process                       D  Received broadcast Intent { act=android.intent.action.PACKAGE_REMOVED dat=package:org.kelompok3.todolistapp flg=0x4000010 (has extras) }
2025-01-05 08:25:50.566  1587-1587  JobSchedulerService     system_process                       D  Receieved: android.intent.action.PACKAGE_REMOVED
2025-01-05 08:25:50.595  4276-4276  ContextImpl             pid-4276                             W  Calling a method in the system process without a qualified user: android.app.ContextImpl.startService:1686 android.content.ContextWrapper.startService:515 android.content.ContextWrapper.startService:515 com.android.keychain.KeyChainBroadcastReceiver.onReceive:12 android.app.ActivityThread.handleReceiver:2579
2025-01-05 08:25:50.604  1587-1587  BackupManagerService    system_process                       D  Received broadcast Intent { act=android.intent.action.PACKAGE_ADDED dat=package:org.kelompok3.todolistapp flg=0x4000010 (has extras) }
2025-01-05 08:25:50.605  1587-1587  BackupManagerService    system_process                       W  Removing schedule queue dupe of org.kelompok3.todolistapp
2025-01-05 08:25:50.648  1587-1612  VoiceInter...gerService system_process                       W  no available voice recognition services found for user 0
2025-01-05 08:25:50.684  1587-2460  ActivityManager         system_process                       W  Unable to start service Intent { act=com.google.android.gms.auth.key.retrieval.service.START pkg=com.google.android.gms } U=0: not found
2025-01-05 08:25:50.695  1587-2531  ActivityManager         system_process                       W  Unbind failed: could not find connection for android.os.BinderProxy@6dddbd9
2025-01-05 08:25:51.190  1587-2083  ActivityManager         system_process                       I  START u0 {act=android.intent.action.MAIN cat=[android.intent.category.LAUNCHER] flg=0x10000000 cmp=org.kelompok3.todolistapp/.MainActivity} from uid 0 on display 0
2025-01-05 08:25:51.240  1587-2531  ActivityManager         system_process                       I  Start proc org.kelompok3.todolistapp for activity org.kelompok3.todolistapp/.MainActivity: pid=9843 uid=10058 gids={50058, 9997} abi=x86_64
2025-01-05 08:25:56.942  1587-3174  ActivityManager         system_process                       I  START u0 {cmp=org.kelompok3.todolistapp/.TaskEditor (has extras)} from uid 10058 on display 0
2025-01-05 08:25:56.949  9843-9843  AndroidRuntime          pid-9843                             E  FATAL EXCEPTION: main (Ask Gemini)
                                                                                                    Process: org.kelompok3.todolistapp, PID: 9843
                                                                                                    android.content.ActivityNotFoundException: Unable to find explicit activity class {org.kelompok3.todolistapp/org.kelompok3.todolistapp.TaskEditor}; have you declared this activity in your AndroidManifest.xml?
                                                                                                    	at android.app.Instrumentation.checkStartActivityResult(Instrumentation.java:1761)
                                                                                                    	at android.app.Instrumentation.execStartActivity(Instrumentation.java:1485)
                                                                                                    	at android.app.Activity.startActivityForResult(Activity.java:3736)
                                                                                                    	at androidx.activity.ComponentActivity.startActivityForResult(ComponentActivity.kt:704)
                                                                                                    	at android.app.Activity.startActivityForResult(Activity.java:3697)
                                                                                                    	at androidx.activity.ComponentActivity.startActivityForResult(ComponentActivity.kt:683)
                                                                                                    	at org.kelompok3.todolistapp.MainActivity.lambda$onCreate$0$org-kelompok3-todolistapp-MainActivity(MainActivity.java:75)
                                                                                                    	at org.kelompok3.todolistapp.MainActivity$$ExternalSyntheticLambda0.onClick(D8$$SyntheticClass:0)
                                                                                                    	at android.view.View.performClick(View.java:4756)
                                                                                                    	at android.view.View$PerformClick.run(View.java:19749)
                                                                                                    	at android.os.Handler.handleCallback(Handler.java:739)
                                                                                                    	at android.os.Handler.dispatchMessage(Handler.java:95)
                                                                                                    	at android.os.Looper.loop(Looper.java:135)
                                                                                                    	at android.app.ActivityThread.main(ActivityThread.java:5221)
                                                                                                    	at java.lang.reflect.Method.invoke(Native Method)
                                                                                                    	at java.lang.reflect.Method.invoke(Method.java:372)
                                                                                                    	at com.android.internal.os.ZygoteInit$MethodAndArgsCaller.run(ZygoteInit.java:899)
                                                                                                    	at com.android.internal.os.ZygoteInit.main(ZygoteInit.java:694)
2025-01-05 08:25:56.950  1587-3388  ActivityManager         system_process                       W    Force finishing activity org.kelompok3.todolistapp/.MainActivity
2025-01-05 08:25:57.538  1587-1613  ActivityManager         system_process                       W  Activity pause timeout for ActivityRecord{2eaf9d0a u0 org.kelompok3.todolistapp/.MainActivity t41 f}
2025-01-05 08:26:00.000  1587-2460  WindowState             system_process                       I  WIN DEATH: Window{bf15cba u0 org.kelompok3.todolistapp/org.kelompok3.todolistapp.MainActivity}
2025-01-05 08:26:00.001  1587-2530  ActivityManager         system_process                       I  Process org.kelompok3.todolistapp (pid 9843) has died
2025-01-05 08:26:00.042  1587-3174  InputMetho...gerService system_process                       W  Got RemoteException sending setActive(false) notification to pid 9843 uid 10058
2025-01-05 08:26:34.476  1587-2120  ActivityManager         system_process                       I  Force stopping org.kelompok3.todolistapp appid=10058 user=0: from pid 9879
2025-01-05 08:26:34.885  1587-1609  ActivityManager         system_process                       I  Force stopping org.kelompok3.todolistapp appid=10058 user=0: from pid 9893
2025-01-05 08:26:36.754  1587-1626  PackageManager          system_process                       D  /data/app/vmdl1927272510.tmp already staged; skipping copy
2025-01-05 08:26:37.203  1587-1626  PackageManager          system_process                       D  Renaming /data/app/vmdl1927272510.tmp to /data/app/org.kelompok3.todolistapp-2
2025-01-05 08:26:37.204  1587-1613  ActivityManager         system_process                       I  Force stopping org.kelompok3.todolistapp appid=10058 user=-1: uninstall pkg
2025-01-05 08:26:37.226  1587-1626  PackageManager          system_process                       I  Package org.kelompok3.todolistapp codePath changed from /data/app/org.kelompok3.todolistapp-1 to /data/app/org.kelompok3.todolistapp-2; Retaining data and using new
2025-01-05 08:26:46.563  1587-1626  PackageManager          system_process                       W  Code path for pkg : org.kelompok3.todolistapp changing from /data/app/org.kelompok3.todolistapp-1 to /data/app/org.kelompok3.todolistapp-2
2025-01-05 08:26:46.564  1587-1626  PackageManager          system_process                       W  Resource path for pkg : org.kelompok3.todolistapp changing from /data/app/org.kelompok3.todolistapp-1 to /data/app/org.kelompok3.todolistapp-2
2025-01-05 08:26:46.564  1587-1613  ActivityManager         system_process                       I  Force stopping org.kelompok3.todolistapp appid=10058 user=-1: update pkg
2025-01-05 08:26:46.613  1587-1626  ActivityManager         system_process                       I  Force stopping org.kelompok3.todolistapp appid=10058 user=0: pkg removed
2025-01-05 08:26:46.675  1587-1612  VoiceInter...gerService system_process                       W  no available voice recognition services found for user 0
2025-01-05 08:26:46.698  1587-1587  BackupManagerService    system_process                       D  Received broadcast Intent { act=android.intent.action.PACKAGE_REMOVED dat=package:org.kelompok3.todolistapp flg=0x4000010 (has extras) }
2025-01-05 08:26:46.699  1587-1587  JobSchedulerService     system_process                       D  Receieved: android.intent.action.PACKAGE_REMOVED
2025-01-05 08:26:46.706  4276-4276  ContextImpl             pid-4276                             W  Calling a method in the system process without a qualified user: android.app.ContextImpl.startService:1686 android.content.ContextWrapper.startService:515 android.content.ContextWrapper.startService:515 com.android.keychain.KeyChainBroadcastReceiver.onReceive:12 android.app.ActivityThread.handleReceiver:2579
2025-01-05 08:26:46.736  1587-1587  BackupManagerService    system_process                       D  Received broadcast Intent { act=android.intent.action.PACKAGE_ADDED dat=package:org.kelompok3.todolistapp flg=0x4000010 (has extras) }
2025-01-05 08:26:46.737  1587-1587  BackupManagerService    system_process                       W  Removing schedule queue dupe of org.kelompok3.todolistapp
2025-01-05 08:26:46.850  1587-3174  ActivityManager         system_process                       W  Unable to start service Intent { act=com.google.android.gms.auth.key.retrieval.service.START pkg=com.google.android.gms } U=0: not found
2025-01-05 08:26:46.860  1587-2529  ActivityManager         system_process                       W  Unbind failed: could not find connection for android.os.BinderProxy@b2d2c48
2025-01-05 08:26:47.291  1587-1608  ActivityManager         system_process                       I  START u0 {act=android.intent.action.MAIN cat=[android.intent.category.LAUNCHER] flg=0x10000000 cmp=org.kelompok3.todolistapp/.MainActivity} from uid 0 on display 0
2025-01-05 08:26:47.324  1587-2120  ActivityManager         system_process                       I  Start proc org.kelompok3.todolistapp for activity org.kelompok3.todolistapp/.MainActivity: pid=9993 uid=10058 gids={50058, 9997} abi=x86_64
2025-01-05 08:26:50.240  1587-2532  ActivityManager         system_process                       I  START u0 {cmp=org.kelompok3.todolistapp/.TaskEditor (has extras)} from uid 10058 on display 0
2025-01-05 08:26:51.313  1587-2061  TaskPersister           system_process                       D  removeObsoleteFile: deleting file=41_task.xml
2025-01-05 08:26:51.313  1587-2061  TaskPersister           system_process                       D  removeObsoleteFile: deleting file=41_task_thumbnail.png
2025-01-05 08:27:17.611  1587-2188  ActivityManager         system_process                       I  START u0 {cmp=org.kelompok3.todolistapp/.TaskEditor (has extras)} from uid 10058 on display 0
2025-01-05 08:29:51.489  1587-2530  InputMetho...gerService system_process                       W  Window already focused, ignoring focus gain of: com.android.internal.view.IInputMethodClient$Stub$Proxy@3b9f9702 attribute=null, token = android.os.BinderProxy@3d833552
2025-01-05 08:30:11.277  1587-1622  BatteryStatsImpl        system_process                       W  Couldn't get kernel wake lock stats
2025-01-05 08:31:49.273  1587-1613  ProcessStatsService     system_process                       I  Prepared write state in 2ms
2025-01-05 08:31:49.276  1587-1613  ProcessStatsService     system_process                       I  Prepared write state in 3ms
2025-01-05 08:33:25.159  1587-1587  BackupManagerService    system_process                       V  Running a backup pass
2025-01-05 08:33:25.159  1587-2048  BackupManagerService    system_process                       V  clearing pending backups
2025-01-05 08:33:25.159  1587-2048  PerformBackupTask       system_process                       V  Beginning backup of 1 targets
2025-01-05 08:33:25.160  1587-2048  PerformBackupTask       system_process                       D  invokeAgentForBackup on @pm@
2025-01-05 08:33:25.161  1587-2048  PMBA                    system_process                       E  No global metadata in state file!
2025-01-05 08:33:25.161  1587-2048  PMBA                    system_process                       I  Previous metadata null mismatch vs 6695550 - rewriting
2025-01-05 08:33:25.167  1587-2048  BackupRestoreController system_process                       I  Getting widget state for user: 0
2025-01-05 08:33:25.175  1587-2048  PerformBackupTask       system_process                       D  starting agent for backup of BackupRequest{pkg=android}
2025-01-05 08:33:25.175  1587-2048  BackupManagerService    system_process                       D  awaiting agent for ApplicationInfo{35170c6f android}
2025-01-05 08:33:25.176  1587-1587  BackupManagerService    system_process                       D  agentConnected pkg=android agent=android.app.backup.BackupAgent$BackupServiceBinder@336c226f
2025-01-05 08:33:25.176  1587-2048  BackupManagerService    system_process                       I  got agent android.app.backup.BackupAgent$BackupServiceBinder@336c226f
2025-01-05 08:33:25.176  1587-2048  PerformBackupTask       system_process                       D  invokeAgentForBackup on android
2025-01-05 08:33:25.177  1587-2048  BackupRestoreController system_process                       I  Getting widget state for user: 0
2025-01-05 08:33:25.178  1587-2048  BackupManagerService    system_process                       I  Backup pass finished.
2025-01-05 08:35:58.358  1587-1612  UsageStatsService       system_process                       I  User[0] Flushing usage stats to disk
2025-01-05 08:36:43.244  1587-1613  ActivityManager         system_process                       I  Killing 8907:com.google.android.gms.ui/u0a7 (adj 15): empty for 1824s
2025-01-05 08:36:43.252  1587-3388  libprocessgroup         system_process                       W  failed to open /acct/uid_10007/pid_8907/cgroup.procs: No such file or directory
2025-01-05 08:36:44.001  1587-1716  ActivityManager         system_process                       I  START u0 {act=android.intent.action.MAIN cat=[android.intent.category.HOME] flg=0x10200000 cmp=com.android.launcher/com.android.launcher2.Launcher} from uid 1000 on display 0
2025-01-05 08:36:45.714  1587-2189  ActivityManager         system_process                       I  START u0 {act=com.android.systemui.recents.SHOW_RECENTS flg=0x10804000 cmp=com.android.systemui/.recents.RecentsActivity (has extras)} from uid 10013 on display 0
2025-01-05 08:36:46.860  1587-1608  ActivityManager         system_process                       I  START u0 {act=android.intent.action.MAIN cat=[android.intent.category.LAUNCHER] flg=0x10100000 cmp=org.kelompok3.todolistapp/.MainActivity} from uid 0 on display 0
