2025-01-05 08:37:39.567  1587-3174  ActivityManager         system_process                       I  START u0 {cmp=org.kelompok3.todolistapp/.TaskEditor (has extras)} from uid 10058 on display 0
2025-01-05 08:38:04.724  1587-2450  InputMetho...gerService system_process                       W  Window already focused, ignoring focus gain of: com.android.internal.view.IInputMethodClient$Stub$Proxy@19ace7e3 attribute=null, token = android.os.BinderProxy@2525b7ba
2025-01-05 08:40:21.368  1587-2188  InputMetho...gerService system_process                       W  Window already focused, ignoring focus gain of: com.android.internal.view.IInputMethodClient$Stub$Proxy@12066c36 attribute=null, token = android.os.BinderProxy@228abb29
2025-01-05 08:45:05.002  1587-3388  ActivityManager         system_process                       I  Force stopping org.kelompok3.todolistapp appid=10058 user=0: from pid 10076
2025-01-05 08:45:05.002  1587-3388  ActivityManager         system_process                       I  Killing 9993:org.kelompok3.todolistapp/u0a58 (adj 0): stop org.kelompok3.todolistapp
2025-01-05 08:45:05.011  1587-1609  WindowState             system_process                       I  WIN DEATH: Window{24ce5eae u0 org.kelompok3.todolistapp/org.kelompok3.todolistapp.MainActivity}
2025-01-05 08:45:05.014  1587-3388  ActivityManager         system_process                       W  Force removing ActivityRecord{1fbebe62 u0 org.kelompok3.todolistapp/.MainActivity t42}: app died, no saved state
2025-01-05 08:45:05.023  1587-2529  ActivityManager         system_process                       W  Spurious death for ProcessRecord{3dfd9504 9993:org.kelompok3.todolistapp/u0a58}, curProc for 9993: null
2025-01-05 08:45:05.024  1587-3174  ActivityManager         system_process                       I  Force stopping org.kelompok3.todolistapp appid=10058 user=0: from pid 10078
2025-01-05 08:45:05.132  1587-2120  InputMetho...gerService system_process                       W  Got RemoteException sending setActive(false) notification to pid 9993 uid 10058
2025-01-05 08:45:05.427  1587-2531  ActivityManager         system_process                       I  Force stopping org.kelompok3.todolistapp appid=10058 user=0: from pid 10104
2025-01-05 08:45:07.233  1587-1626  PackageManager          system_process                       D  /data/app/vmdl753981710.tmp already staged; skipping copy
2025-01-05 08:45:07.577  1587-1626  PackageManager          system_process                       D  Renaming /data/app/vmdl753981710.tmp to /data/app/org.kelompok3.todolistapp-1
2025-01-05 08:45:07.578  1587-1613  ActivityManager         system_process                       I  Force stopping org.kelompok3.todolistapp appid=10058 user=-1: uninstall pkg
2025-01-05 08:45:07.596  1587-2048  BackupManagerService    system_process                       D  Now staging backup of android
2025-01-05 08:45:07.605  1587-1626  PackageManager          system_process                       I  Package org.kelompok3.todolistapp codePath changed from /data/app/org.kelompok3.todolistapp-2 to /data/app/org.kelompok3.todolistapp-1; Retaining data and using new
2025-01-05 08:45:16.244  1587-1626  PackageManager          system_process                       W  Code path for pkg : org.kelompok3.todolistapp changing from /data/app/org.kelompok3.todolistapp-2 to /data/app/org.kelompok3.todolistapp-1
2025-01-05 08:45:16.244  1587-1626  PackageManager          system_process                       W  Resource path for pkg : org.kelompok3.todolistapp changing from /data/app/org.kelompok3.todolistapp-2 to /data/app/org.kelompok3.todolistapp-1
2025-01-05 08:45:16.244  1587-1613  ActivityManager         system_process                       I  Force stopping org.kelompok3.todolistapp appid=10058 user=-1: update pkg
2025-01-05 08:45:16.291  1587-1626  ActivityManager         system_process                       I  Force stopping org.kelompok3.todolistapp appid=10058 user=0: pkg removed
2025-01-05 08:45:16.348  1587-1612  VoiceInter...gerService system_process                       W  no available voice recognition services found for user 0
2025-01-05 08:45:16.372  1587-1587  BackupManagerService    system_process                       D  Received broadcast Intent { act=android.intent.action.PACKAGE_REMOVED dat=package:org.kelompok3.todolistapp flg=0x4000010 (has extras) }
2025-01-05 08:45:16.372  1587-1587  JobSchedulerService     system_process                       D  Receieved: android.intent.action.PACKAGE_REMOVED
2025-01-05 08:45:16.413  1587-1587  BackupManagerService    system_process                       D  Received broadcast Intent { act=android.intent.action.PACKAGE_ADDED dat=package:org.kelompok3.todolistapp flg=0x4000010 (has extras) }
2025-01-05 08:45:16.413  1587-1587  BackupManagerService    system_process                       W  Removing schedule queue dupe of org.kelompok3.todolistapp
2025-01-05 08:45:16.424  4276-4276  ContextImpl             pid-4276                             W  Calling a method in the system process without a qualified user: android.app.ContextImpl.startService:1686 android.content.ContextWrapper.startService:515 android.content.ContextWrapper.startService:515 com.android.keychain.KeyChainBroadcastReceiver.onReceive:12 android.app.ActivityThread.handleReceiver:2579
2025-01-05 08:45:16.490  1587-3388  ActivityManager         system_process                       W  Unable to start service Intent { act=com.google.android.gms.auth.key.retrieval.service.START pkg=com.google.android.gms } U=0: not found
2025-01-05 08:45:16.497  1587-2460  ActivityManager         system_process                       W  Unbind failed: could not find connection for android.os.BinderProxy@1b7a7f48
2025-01-05 08:45:16.937  1587-3388  ActivityManager         system_process                       I  START u0 {act=android.intent.action.MAIN cat=[android.intent.category.LAUNCHER] flg=0x10000000 cmp=org.kelompok3.todolistapp/.MainActivity} from uid 0 on display 0
2025-01-05 08:45:16.979  1587-2529  ActivityManager         system_process                       I  Start proc org.kelompok3.todolistapp for activity org.kelompok3.todolistapp/.MainActivity: pid=10213 uid=10058 gids={50058, 9997} abi=x86_64
2025-01-05 08:45:20.432  1587-1608  ActivityManager         system_process                       I  START u0 {cmp=org.kelompok3.todolistapp/.TaskEditor (has extras)} from uid 10058 on display 0
2025-01-05 08:45:20.960  1587-2061  TaskPersister           system_process                       D  removeObsoleteFile: deleting file=42_task.xml
2025-01-05 08:45:20.960  1587-2061  TaskPersister           system_process                       D  removeObsoleteFile: deleting file=42_task_thumbnail.png
2025-01-05 08:49:48.831  1587-3388  ActivityManager         system_process                       I  START u0 {cmp=org.kelompok3.todolistapp/.TaskEditor (has extras)} from uid 10058 on display 0
2025-01-05 08:50:59.715  1587-2460  ActivityManager         system_process                       I  START u0 {cmp=org.kelompok3.todolistapp/.TaskEditor (has extras)} from uid 10058 on display 0
2025-01-05 08:54:11.098  1587-1608  ActivityManager         system_process                       I  START u0 {cmp=org.kelompok3.todolistapp/.TaskEditor (has extras)} from uid 10058 on display 0
2025-01-05 08:54:15.825  1587-1609  ActivityManager         system_process                       I  START u0 {cmp=org.kelompok3.todolistapp/.TaskEditor (has extras)} from uid 10058 on display 0
2025-01-05 08:54:38.378  1587-2529  ActivityManager         system_process                       I  START u0 {cmp=org.kelompok3.todolistapp/.TaskEditor (has extras)} from uid 10058 on display 0
2025-01-05 08:54:50.098  1587-1608  ActivityManager         system_process                       I  START u0 {cmp=org.kelompok3.todolistapp/.TaskEditor (has extras)} from uid 10058 on display 0
--------- beginning of main
2025-01-05 08:54:52.850  1587-2532  ActivityManager         system_process                       I  START u0 {cmp=org.kelompok3.todolistapp/.TaskEditor (has extras)} from uid 10058 on display 0
2025-01-05 08:54:52.851  1179-2045  AudioFlinger            pid-1179                             E  createTrack_l() initCheck failed -12; no control block?
2025-01-05 08:54:52.851  1587-2044  AudioTrack              system_process                       E  AudioFlinger could not create track, status: -12
2025-01-05 08:54:52.851  1587-2044  SoundPool               system_process                       E  Error creating AudioTrack
2025-01-05 08:54:53.050  2275-5238  LatinIME:LogUtils       com.android.inputmethod.latin        I  Dictionary info: dictionary = spellcheck_userunigram.en_US ; version = 1736042093 ; date = ?
2025-01-05 08:54:53.051  2275-5239  LatinIME:LogUtils       com.android.inputmethod.latin        I  Dictionary info: dictionary = spellcheck_contacts.en_US ; version = 1736042093 ; date = ?
2025-01-05 08:54:53.061  2275-2567  LatinIME:LogUtils       com.android.inputmethod.latin        I  Dictionary info: dictionary = main:en ; version = 47 ; date = 1402373178
2025-01-05 08:54:53.091 10213-10234 EGL_emulation           pid-10213                            D  eglMakeCurrent: 0x7f672cb45200: ver 2 0 (tinfo 0x7f672cb2c180)
2025-01-05 08:54:53.194  1587-1621  ActivityManager         system_process                       I  Displayed org.kelompok3.todolistapp/.TaskEditor: +341ms
2025-01-05 08:54:55.015  1587-2044  AudioTrack              system_process                       W  AUDIO_OUTPUT_FLAG_FAST denied by client
2025-01-05 08:54:55.015  1179-2045  AudioMixer              pid-1179                             E  AudioMixer::getTrackName out of available tracks
2025-01-05 08:54:55.015  1179-2045  AudioFlinger            pid-1179                             E  no more track names available
2025-01-05 08:54:55.015  1179-2045  AudioFlinger            pid-1179                             E  createTrack_l() initCheck failed -12; no control block?
2025-01-05 08:54:55.016  1587-2044  AudioTrack              system_process                       E  AudioFlinger could not create track, status: -12
2025-01-05 08:54:55.017  1587-2044  SoundPool               system_process                       E  Error creating AudioTrack
2025-01-05 08:54:55.066 10213-10234 EGL_emulation           pid-10213                            D  eglMakeCurrent: 0x7f672cb45200: ver 2 0 (tinfo 0x7f672cb2c180)
2025-01-05 08:54:56.153  1587-3388  ActivityManager         system_process                       I  START u0 {cmp=org.kelompok3.todolistapp/.TaskEditor (has extras)} from uid 10058 on display 0
2025-01-05 08:54:56.160  1587-2044  AudioTrack              system_process                       W  AUDIO_OUTPUT_FLAG_FAST denied by client
2025-01-05 08:54:56.161  1179-2045  AudioMixer              pid-1179                             E  AudioMixer::getTrackName out of available tracks
2025-01-05 08:54:56.161  1179-2045  AudioFlinger            pid-1179                             E  no more track names available
2025-01-05 08:54:56.161  1179-2045  AudioFlinger            pid-1179                             E  createTrack_l() initCheck failed -12; no control block?
2025-01-05 08:54:56.161  1587-2044  AudioTrack              system_process                       E  AudioFlinger could not create track, status: -12
2025-01-05 08:54:56.162  1587-2044  SoundPool               system_process                       E  Error creating AudioTrack
2025-01-05 08:54:56.335 10213-10234 EGL_emulation           pid-10213                            D  eglMakeCurrent: 0x7f672cb45200: ver 2 0 (tinfo 0x7f672cb2c180)
2025-01-05 08:54:56.411  1587-1621  ActivityManager         system_process                       I  Displayed org.kelompok3.todolistapp/.TaskEditor: +251ms
2025-01-05 08:54:57.389  1587-2044  AudioTrack              system_process                       W  AUDIO_OUTPUT_FLAG_FAST denied by client
2025-01-05 08:54:57.390  1179-2045  AudioMixer              pid-1179                             E  AudioMixer::getTrackName out of available tracks
2025-01-05 08:54:57.390  1179-2045  AudioFlinger            pid-1179                             E  no more track names available
2025-01-05 08:54:57.390  1179-2045  AudioFlinger            pid-1179                             E  createTrack_l() initCheck failed -12; no control block?
2025-01-05 08:54:57.391  1587-2044  AudioTrack              system_process                       E  AudioFlinger could not create track, status: -12
2025-01-05 08:54:57.393  1587-2044  SoundPool               system_process                       E  Error creating AudioTrack
2025-01-05 08:54:57.473 10213-10234 EGL_emulation           pid-10213                            D  eglMakeCurrent: 0x7f672cb45200: ver 2 0 (tinfo 0x7f672cb2c180)
2025-01-05 08:55:00.028  2227-2724  EGL_emulation           com.android.systemui                 D  eglMakeCurrent: 0x7f673a02e200: ver 2 0 (tinfo 0x7f673a00fe00)
2025-01-05 08:56:42.295  1587-1612  UsageStatsService       system_process                       I  User[0] Flushing usage stats to disk
2025-01-05 08:57:21.970 10281-10281 AndroidRuntime          pid-10281                            D
                                                                                                    >>>>>> AndroidRuntime START com.android.internal.os.RuntimeInit <<<<<<
2025-01-05 08:57:21.972 10281-10281 AndroidRuntime          pid-10281                            D  CheckJNI is ON
2025-01-05 08:57:21.974 10283-10283 AndroidRuntime          pid-10283                            D
                                                                                                    >>>>>> AndroidRuntime START com.android.internal.os.RuntimeInit <<<<<<
2025-01-05 08:57:21.976 10283-10283 AndroidRuntime          pid-10283                            D  CheckJNI is ON
2025-01-05 08:57:22.018 10281-10281 memtrack                pid-10281                            E  Couldn't load memtrack module (No such file or directory)
2025-01-05 08:57:22.018 10281-10281 android.os.Debug        pid-10281                            E  failed to load memtrack module: -2
2025-01-05 08:57:22.025 10283-10283 memtrack                pid-10283                            E  Couldn't load memtrack module (No such file or directory)
2025-01-05 08:57:22.025 10283-10283 android.os.Debug        pid-10283                            E  failed to load memtrack module: -2
2025-01-05 08:57:22.041 10281-10281 AndroidRuntime          pid-10281                            D  Calling main entry com.android.commands.am.Am
2025-01-05 08:57:22.048  1587-2187  ActivityManager         system_process                       I  Force stopping org.kelompok3.todolistapp appid=10058 user=0: from pid 10281
2025-01-05 08:57:22.048  1587-2187  ActivityManager         system_process                       I  Killing 10213:org.kelompok3.todolistapp/u0a58 (adj 0): stop org.kelompok3.todolistapp
2025-01-05 08:57:22.051 10283-10283 AndroidRuntime          pid-10283                            D  Calling main entry com.android.commands.am.Am
2025-01-05 08:57:22.057  1587-1608  WindowState             system_process                       I  WIN DEATH: Window{346ef031 u0 org.kelompok3.todolistapp/org.kelompok3.todolistapp.MainActivity}
2025-01-05 08:57:22.059  1587-2187  ActivityManager         system_process                       W  Force removing ActivityRecord{1bc854c1 u0 org.kelompok3.todolistapp/.MainActivity t43}: app died, no saved state
2025-01-05 08:57:22.071  1587-2532  ActivityManager         system_process                       I  Force stopping org.kelompok3.todolistapp appid=10058 user=0: from pid 10283
2025-01-05 08:57:22.071 10281-10281 AndroidRuntime          pid-10281                            D  Shutting down VM
2025-01-05 08:57:22.076  1587-2188  ActivityManager         system_process                       W  Spurious death for ProcessRecord{4def1b 10213:org.kelompok3.todolistapp/u0a58}, curProc for 10213: null
2025-01-05 08:57:22.076 10283-10283 AndroidRuntime          pid-10283                            D  Shutting down VM
2025-01-05 08:57:22.139  2614-2732  EGL_emulation           com.android.launcher                 D  eglMakeCurrent: 0x7f672e83e200: ver 2 0 (tinfo 0x7f672e82c180)
2025-01-05 08:57:22.154  1587-2531  InputMetho...gerService system_process                       W  Got RemoteException sending setActive(false) notification to pid 10213 uid 10058
2025-01-05 08:57:22.215  2227-2724  EGL_emulation           com.android.systemui                 D  eglMakeCurrent: 0x7f673a02e200: ver 2 0 (tinfo 0x7f673a00fe00)
2025-01-05 08:57:22.228  2227-2724  EGL_emulation           com.android.systemui                 D  eglMakeCurrent: 0x7f673a02e200: ver 2 0 (tinfo 0x7f673a00fe00)
2025-01-05 08:57:22.237  2227-2724  EGL_emulation           com.android.systemui                 D  eglMakeCurrent: 0x7f673a02e200: ver 2 0 (tinfo 0x7f673a00fe00)
2025-01-05 08:57:22.249  2227-2724  EGL_emulation           com.android.systemui                 D  eglMakeCurrent: 0x7f673a02e200: ver 2 0 (tinfo 0x7f673a00fe00)
2025-01-05 08:57:22.255  2227-2724  EGL_emulation           com.android.systemui                 D  eglMakeCurrent: 0x7f673a02e200: ver 2 0 (tinfo 0x7f673a00fe00)
2025-01-05 08:57:22.266  2227-2724  EGL_emulation           com.android.systemui                 D  eglMakeCurrent: 0x7f673a02e200: ver 2 0 (tinfo 0x7f673a00fe00)
2025-01-05 08:57:22.273  2227-2724  EGL_emulation           com.android.systemui                 D  eglMakeCurrent: 0x7f673a02e200: ver 2 0 (tinfo 0x7f673a00fe00)
2025-01-05 08:57:22.289  2227-2724  EGL_emulation           com.android.systemui                 D  eglMakeCurrent: 0x7f673a02e200: ver 2 0 (tinfo 0x7f673a00fe00)
2025-01-05 08:57:22.305  2227-2724  EGL_emulation           com.android.systemui                 D  eglMakeCurrent: 0x7f673a02e200: ver 2 0 (tinfo 0x7f673a00fe00)
2025-01-05 08:57:22.319  2227-2724  EGL_emulation           com.android.systemui                 D  eglMakeCurrent: 0x7f673a02e200: ver 2 0 (tinfo 0x7f673a00fe00)
2025-01-05 08:57:22.326  2227-2724  EGL_emulation           com.android.systemui                 D  eglMakeCurrent: 0x7f673a02e200: ver 2 0 (tinfo 0x7f673a00fe00)
2025-01-05 08:57:22.346  2227-2724  EGL_emulation           com.android.systemui                 D  eglMakeCurrent: 0x7f673a02e200: ver 2 0 (tinfo 0x7f673a00fe00)
2025-01-05 08:57:22.355  2227-2724  EGL_emulation           com.android.systemui                 D  eglMakeCurrent: 0x7f673a02e200: ver 2 0 (tinfo 0x7f673a00fe00)
2025-01-05 08:57:22.375  2227-2724  EGL_emulation           com.android.systemui                 D  eglMakeCurrent: 0x7f673a02e200: ver 2 0 (tinfo 0x7f673a00fe00)
2025-01-05 08:57:22.384  2227-2724  EGL_emulation           com.android.systemui                 D  eglMakeCurrent: 0x7f673a02e200: ver 2 0 (tinfo 0x7f673a00fe00)
2025-01-05 08:57:22.397  2227-2724  EGL_emulation           com.android.systemui                 D  eglMakeCurrent: 0x7f673a02e200: ver 2 0 (tinfo 0x7f673a00fe00)
2025-01-05 08:57:22.399 10309-10309 AndroidRuntime          pid-10309                            D
                                                                                                    >>>>>> AndroidRuntime START com.android.internal.os.RuntimeInit <<<<<<
2025-01-05 08:57:22.401 10309-10309 AndroidRuntime          pid-10309                            D  CheckJNI is ON
2025-01-05 08:57:22.406  2227-2724  EGL_emulation           com.android.systemui                 D  eglMakeCurrent: 0x7f673a02e200: ver 2 0 (tinfo 0x7f673a00fe00)
2025-01-05 08:57:22.420  2227-2724  EGL_emulation           com.android.systemui                 D  eglMakeCurrent: 0x7f673a02e200: ver 2 0 (tinfo 0x7f673a00fe00)
2025-01-05 08:57:22.429  2227-2724  EGL_emulation           com.android.systemui                 D  eglMakeCurrent: 0x7f673a02e200: ver 2 0 (tinfo 0x7f673a00fe00)
2025-01-05 08:57:22.448  2227-2724  EGL_emulation           com.android.systemui                 D  eglMakeCurrent: 0x7f673a02e200: ver 2 0 (tinfo 0x7f673a00fe00)
2025-01-05 08:57:22.449 10309-10309 memtrack                pid-10309                            E  Couldn't load memtrack module (No such file or directory)
2025-01-05 08:57:22.449 10309-10309 android.os.Debug        pid-10309                            E  failed to load memtrack module: -2
2025-01-05 08:57:22.475 10309-10309 AndroidRuntime          pid-10309                            D  Calling main entry com.android.commands.am.Am
2025-01-05 08:57:22.481  1587-2189  ActivityManager         system_process                       I  Force stopping org.kelompok3.todolistapp appid=10058 user=0: from pid 10309
2025-01-05 08:57:22.482 10309-10309 AndroidRuntime          pid-10309                            D  Shutting down VM
2025-01-05 08:57:22.675  2614-2732  OpenGLRenderer          com.android.launcher                 W  Incorrectly called buildLayer on View: ShortcutAndWidgetContainer, destroying layer...
2025-01-05 08:57:22.675  2614-2732  OpenGLRenderer          com.android.launcher                 W  Incorrectly called buildLayer on View: ShortcutAndWidgetContainer, destroying layer...
2025-01-05 08:57:22.675  2614-2732  OpenGLRenderer          com.android.launcher                 W  Incorrectly called buildLayer on View: ShortcutAndWidgetContainer, destroying layer...
2025-01-05 08:57:22.827 10326-10326 AndroidRuntime          pid-10326                            D
                                                                                                    >>>>>> AndroidRuntime START com.android.internal.os.RuntimeInit <<<<<<
2025-01-05 08:57:22.829 10326-10326 AndroidRuntime          pid-10326                            D  CheckJNI is ON
2025-01-05 08:57:22.903 10326-10326 memtrack                pid-10326                            E  Couldn't load memtrack module (No such file or directory)
2025-01-05 08:57:22.903 10326-10326 android.os.Debug        pid-10326                            E  failed to load memtrack module: -2
2025-01-05 08:57:22.924 10326-10326 AndroidRuntime          pid-10326                            D  Calling main entry com.android.commands.pm.Pm
2025-01-05 08:57:22.941 10326-10326 AndroidRuntime          pid-10326                            D  Shutting down VM
2025-01-05 08:57:23.267 10340-10340 AndroidRuntime          pid-10340                            D
                                                                                                    >>>>>> AndroidRuntime START com.android.internal.os.RuntimeInit <<<<<<
2025-01-05 08:57:23.269 10340-10340 AndroidRuntime          pid-10340                            D  CheckJNI is ON
2025-01-05 08:57:23.310 10340-10340 memtrack                pid-10340                            E  Couldn't load memtrack module (No such file or directory)
2025-01-05 08:57:23.310 10340-10340 android.os.Debug        pid-10340                            E  failed to load memtrack module: -2
2025-01-05 08:57:23.336 10340-10340 AndroidRuntime          pid-10340                            D  Calling main entry com.android.commands.pm.Pm
2025-01-05 08:57:23.344  1182-1182  installd                pid-1182                             I  free_cache(9799866) avail 1462222848
2025-01-05 08:57:23.728 10340-10340 AndroidRuntime          pid-10340                            D  Shutting down VM
2025-01-05 08:57:24.073 10355-10355 AndroidRuntime          pid-10355                            D
                                                                                                    >>>>>> AndroidRuntime START com.android.internal.os.RuntimeInit <<<<<<
2025-01-05 08:57:24.075 10355-10355 AndroidRuntime          pid-10355                            D  CheckJNI is ON
2025-01-05 08:57:24.117 10355-10355 memtrack                pid-10355                            E  Couldn't load memtrack module (No such file or directory)
2025-01-05 08:57:24.117 10355-10355 android.os.Debug        pid-10355                            E  failed to load memtrack module: -2
2025-01-05 08:57:24.133 10355-10355 AndroidRuntime          pid-10355                            D  Calling main entry com.android.commands.pm.Pm
2025-01-05 08:57:24.634  1587-1626  PackageManager          system_process                       D  /data/app/vmdl414751027.tmp already staged; skipping copy
2025-01-05 08:57:25.061  1587-1626  PackageManager          system_process                       D  Renaming /data/app/vmdl414751027.tmp to /data/app/org.kelompok3.todolistapp-2
2025-01-05 08:57:25.062  1587-1613  ActivityManager         system_process                       I  Force stopping org.kelompok3.todolistapp appid=10058 user=-1: uninstall pkg
2025-01-05 08:57:25.083  1587-1626  PackageManager          system_process                       I  Package org.kelompok3.todolistapp codePath changed from /data/app/org.kelompok3.todolistapp-1 to /data/app/org.kelompok3.todolistapp-2; Retaining data and using new
2025-01-05 08:57:25.089  1587-1626  art                     system_process                       I  DexFile_isDexOptNeeded failed to open oat file '/data/dalvik-cache/x86_64/data@app@org.kelompok3.todolistapp-2@base.apk@classes.dex' for file location '/data/app/org.kelompok3.todolistapp-2/base.apk': Failed to open oat filename for reading: No such file or directory
2025-01-05 08:57:25.089  1587-1626  art                     system_process                       I  DexFile_isDexOptNeeded failed to open oat file '/data/app/org.kelompok3.todolistapp-2/x86_64/base.odex' for file location '/data/app/org.kelompok3.todolistapp-2/base.apk': Failed to open oat filename for reading: No such file or directory
2025-01-05 08:57:25.089  1587-1626  PackageManager          system_process                       I  Running dexopt on: /data/app/org.kelompok3.todolistapp-2/base.apk pkg=org.kelompok3.todolistapp isa=x86_64 vmSafeMode=false
2025-01-05 08:57:25.100 10373-10373 cutils-trace            pid-10373                            E  Error opening trace file: Permission denied (13)
2025-01-05 08:57:25.100 10373-10373 dex2oat                 pid-10373                            I  /system/bin/dex2oat --zip-fd=5 --zip-location=/data/app/org.kelompok3.todolistapp-2/base.apk --oat-fd=6 --oat-location=/data/dalvik-cache/x86_64/data@app@org.kelompok3.todolistapp-2@base.apk@classes.dex --instruction-set=x86_64 --instruction-set-features=default --runtime-arg -Xms64m --runtime-arg -Xmx512m
2025-01-05 08:57:25.566 10373-10373 dex2oat                 pid-10373                            W  Before Android 4.1, method int androidx.appcompat.widget.DropDownListView.lookForSelectablePosition(int, boolean) would have incorrectly overridden the package-private method in android.widget.ListView
2025-01-05 08:57:25.570 10373-10375 dex2oat                 pid-10373                            W  Before Android 4.1, method int androidx.appcompat.widget.MenuPopupWindow$MenuDropDownListView.lookForSelectablePosition(int, boolean) would have incorrectly overridden the package-private method in android.widget.ListView
2025-01-05 08:57:25.659 10373-10373 dex2oat                 pid-10373                            W  Before Android 4.1, method android.graphics.PorterDuffColorFilter androidx.vectordrawable.graphics.drawable.VectorDrawableCompat.updateTintFilter(android.graphics.PorterDuffColorFilter, android.content.res.ColorStateList, android.graphics.PorterDuff$Mode) would have incorrectly overridden the package-private method in android.graphics.drawable.Drawable
2025-01-05 08:57:25.752 10373-10373 dex2oat                 pid-10373                            W  Before Android 4.1, method android.graphics.drawable.Drawable com.google.android.material.progressindicator.BaseProgressIndicator.getCurrentDrawable() would have incorrectly overridden the package-private method in android.widget.ProgressBar
2025-01-05 08:57:34.414 10373-10373 dex2oat                 pid-10373                            I  dex2oat took 9.314s (threads: 4)
2025-01-05 08:57:34.426  1587-1626  PackageManager          system_process                       W  Code path for pkg : org.kelompok3.todolistapp changing from /data/app/org.kelompok3.todolistapp-1 to /data/app/org.kelompok3.todolistapp-2
2025-01-05 08:57:34.426  1587-1626  PackageManager          system_process                       W  Resource path for pkg : org.kelompok3.todolistapp changing from /data/app/org.kelompok3.todolistapp-1 to /data/app/org.kelompok3.todolistapp-2
2025-01-05 08:57:34.426  1587-1613  ActivityManager         system_process                       I  Force stopping org.kelompok3.todolistapp appid=10058 user=-1: update pkg
2025-01-05 08:57:34.472  1587-1626  ActivityManager         system_process                       I  Force stopping org.kelompok3.todolistapp appid=10058 user=0: pkg removed
2025-01-05 08:57:34.474  1587-1626  Settings                system_process                       W  Setting install_non_market_apps has moved from android.provider.Settings.Global to android.provider.Settings.Secure, returning read-only value.
2025-01-05 08:57:34.485  1587-1717  InputReader             system_process                       I  Reconfiguring input devices.  changes=0x00000010
2025-01-05 08:57:34.486  1587-1717  InputReader             system_process                       I  Reconfiguring input devices.  changes=0x00000010
2025-01-05 08:57:34.487  1587-1717  InputReader             system_process                       I  Reconfiguring input devices.  changes=0x00000010
2025-01-05 08:57:34.561  4911-4911  art                     com.google.android.gms               I  Explicit concurrent mark sweep GC freed 2836(109KB) AllocSpace objects, 0(0B) LOS objects, 10% free, 16MB/18MB, paused 1.416ms total 87.306ms
2025-01-05 08:57:34.568  1587-1587  art                     system_process                       I  Explicit concurrent mark sweep GC freed 98157(5MB) AllocSpace objects, 15(823KB) LOS objects, 25% free, 11MB/15MB, paused 1.578ms total 92.879ms
2025-01-05 08:57:34.569  1587-1602  art                     system_process                       I  WaitForGcToComplete blocked for 81.329ms for cause Background
2025-01-05 08:57:34.569  1587-1587  BackupManagerService    system_process                       D  Received broadcast Intent { act=android.intent.action.PACKAGE_REMOVED dat=package:org.kelompok3.todolistapp flg=0x4000010 (has extras) }
2025-01-05 08:57:34.569  1587-1587  JobSchedulerService     system_process                       D  Receieved: android.intent.action.PACKAGE_REMOVED
2025-01-05 08:57:34.570  1587-1626  art                     system_process                       I  WaitForGcToComplete blocked for 95.395ms for cause Explicit
2025-01-05 08:57:34.596  4276-4276  ContextImpl             pid-4276                             W  Calling a method in the system process without a qualified user: android.app.ContextImpl.startService:1686 android.content.ContextWrapper.startService:515 android.content.ContextWrapper.startService:515 com.android.keychain.KeyChainBroadcastReceiver.onReceive:12 android.app.ActivityThread.handleReceiver:2579
2025-01-05 08:57:34.623  1587-1587  BackupManagerService    system_process                       D  Received broadcast Intent { act=android.intent.action.PACKAGE_ADDED dat=package:org.kelompok3.todolistapp flg=0x4000010 (has extras) }
2025-01-05 08:57:34.624  1587-1587  BackupManagerService    system_process                       W  Removing schedule queue dupe of org.kelompok3.todolistapp
2025-01-05 08:57:34.632  1587-1612  VoiceInter...gerService system_process                       W  no available voice recognition services found for user 0
2025-01-05 08:57:34.633  2633-10386 Fitness                 com.google.android.gms.persistent    I  FitCleanupIntentOperation received Intent android.intent.action.PACKAGE_REMOVED [CONTEXT service_id=17 ]
2025-01-05 08:57:34.686  4911-10383 Auth                    com.google.android.gms               I  [SupervisedAccountIntentOperation] onHandleIntent(): android.intent.action.PACKAGE_ADDED
2025-01-05 08:57:34.692  4911-10381 ChromeSync              com.google.android.gms               I  [Sync,SyncIntentOperation] Handling the intent: Intent { act=android.intent.action.PACKAGE_ADDED dat=package:org.kelompok3.todolistapp flg=0x4000010 cmp=com.google.android.gms/.chimera.GmsIntentOperationService (has extras) }.
2025-01-05 08:57:34.703  1587-3389  ActivityManager         system_process                       W  Unable to start service Intent { act=com.google.android.gms.auth.key.retrieval.service.START pkg=com.google.android.gms } U=0: not found
2025-01-05 08:57:34.715  1587-2450  ActivityManager         system_process                       W  Unbind failed: could not find connection for android.os.BinderProxy@9ee39a
2025-01-05 08:57:34.723  1587-1626  art                     system_process                       I  Explicit concurrent mark sweep GC freed 5725(269KB) AllocSpace objects, 0(0B) LOS objects, 25% free, 11MB/15MB, paused 3.399ms total 152.395ms
2025-01-05 08:57:34.732  4911-4989  GmsClient               com.google.android.gms               E  unable to connect to service: com.google.android.gms.auth.key.retrieval.service.START on com.google.android.gms
2025-01-05 08:57:34.751  4911-5015  Icing                   com.google.android.gms               I  IndexChimeraService.getServiceInterface callingPackage=com.google.android.gms componentName=AppsCorpus serviceId=36
2025-01-05 08:57:34.752  4911-10381 ChromeSync              com.google.android.gms               I  [Persistence,AffiliationManager] One of affiliation or grouping data for android://CDmcdx89955snvGBQv-DmCtOOmRMMcvvikHDStUUIA6OjeSy1B5beTHiIfbzU-TLHS_zWm66iDs_4SKfLgH28Q==@org.kelompok3.todolistapp/ was not found. Marking affiliation data as stale...
2025-01-05 08:57:34.767 10355-10355 AndroidRuntime          pid-10355                            D  Shutting down VM
2025-01-05 08:57:34.772 10355-10361 art                     pid-10355                            I  Debugger is no longer active
2025-01-05 08:57:34.806  4911-10383 FontLog                 com.google.android.gms               I  Package org.kelompok3.todolistapp has no metadata [CONTEXT service_id=132 ]
2025-01-05 08:57:34.823  4911-5000  Icing                   com.google.android.gms               I  IndexChimeraService.getServiceInterface callingPackage=com.google.android.gms componentName=null serviceId=30
2025-01-05 08:57:34.823  4911-5007  Icing                   com.google.android.gms               I  Usage reports ok 0, Failed Usage reports 0, indexed 0, rejected 0
2025-01-05 08:57:34.847  4911-5007  Icing                   com.google.android.gms               I  Usage reports ok 0, Failed Usage reports 0, indexed 0, rejected 0
2025-01-05 08:57:34.847  4911-5007  Icing                   com.google.android.gms               I  Indexing com.google.android.gms-apps from com.google.android.gms
2025-01-05 08:57:34.884  4911-5007  Icing                   com.google.android.gms               I  Indexing done com.google.android.gms-apps
2025-01-05 08:57:34.886  4911-5007  Icing                   com.google.android.gms               I  Indexing com.google.android.gms-internal.3p:MobileApplication from com.google.android.gms using seqno 65
2025-01-05 08:57:34.887  4911-5007  Icing                   com.google.android.gms               I  Indexing com.google.android.gms-internal.3p:MobileApplication from com.google.android.gms using seqno 65
2025-01-05 08:57:34.901  4911-5007  Icing                   com.google.android.gms               I  Indexing com.google.android.gms-apps from com.google.android.gms
2025-01-05 08:57:34.902  4911-5007  Icing                   com.google.android.gms               I  Indexing done com.google.android.gms-apps
2025-01-05 08:57:35.077 10397-10397 AndroidRuntime          pid-10397                            D
                                                                                                    >>>>>> AndroidRuntime START com.android.internal.os.RuntimeInit <<<<<<
2025-01-05 08:57:35.079 10397-10397 AndroidRuntime          pid-10397                            D  CheckJNI is ON
2025-01-05 08:57:35.121 10397-10397 memtrack                pid-10397                            E  Couldn't load memtrack module (No such file or directory)
2025-01-05 08:57:35.121 10397-10397 android.os.Debug        pid-10397                            E  failed to load memtrack module: -2
2025-01-05 08:57:35.145 10397-10397 AndroidRuntime          pid-10397                            D  Calling main entry com.android.commands.am.Am
2025-01-05 08:57:35.151  1587-3174  ActivityManager         system_process                       I  START u0 {act=android.intent.action.MAIN cat=[android.intent.category.LAUNCHER] flg=0x10000000 cmp=org.kelompok3.todolistapp/.MainActivity} from uid 0 on display 0
2025-01-05 08:57:35.156 10397-10397 AndroidRuntime          pid-10397                            D  Shutting down VM
2025-01-05 08:57:35.193  1168-5302  gralloc_ranchu          pid-1168                             D  gralloc_alloc: Creating ashmem region of size 10371072
2025-01-05 08:57:35.194 10411-10411 art                     pid-10411                            I  Not late-enabling -Xcheck:jni (already on)
2025-01-05 08:57:35.205  1587-2188  ActivityManager         system_process                       I  Start proc org.kelompok3.todolistapp for activity org.kelompok3.todolistapp/.MainActivity: pid=10411 uid=10058 gids={50058, 9997} abi=x86_64
2025-01-05 08:57:35.289  2227-2724  EGL_emulation           com.android.systemui                 D  eglMakeCurrent: 0x7f673a02e200: ver 2 0 (tinfo 0x7f673a00fe00)
2025-01-05 08:57:35.304  2227-2724  EGL_emulation           com.android.systemui                 D  eglMakeCurrent: 0x7f673a02e200: ver 2 0 (tinfo 0x7f673a00fe00)
2025-01-05 08:57:35.353  2227-2724  EGL_emulation           com.android.systemui                 D  eglMakeCurrent: 0x7f673a02e200: ver 2 0 (tinfo 0x7f673a00fe00)
2025-01-05 08:57:35.384  2227-2724  EGL_emulation           com.android.systemui                 D  eglMakeCurrent: 0x7f673a02e200: ver 2 0 (tinfo 0x7f673a00fe00)
2025-01-05 08:57:35.410  2227-2724  EGL_emulation           com.android.systemui                 D  eglMakeCurrent: 0x7f673a02e200: ver 2 0 (tinfo 0x7f673a00fe00)
2025-01-05 08:57:35.486  2227-2724  EGL_emulation           com.android.systemui                 D  eglMakeCurrent: 0x7f673a02e200: ver 2 0 (tinfo 0x7f673a00fe00)
2025-01-05 08:57:35.499 10411-10426 art                     pid-10411                            I  Background partial concurrent mark sweep GC freed 386(80KB) AllocSpace objects, 0(0B) LOS objects, 39% free, 1603KB/2MB, paused 90.412ms total 189.724ms
2025-01-05 08:57:35.507 10411-10411 AppCompatDelegate       pid-10411                            D  Checking for metadata for AppLocalesMetadataHolderService : Service not found
2025-01-05 08:57:35.529  2227-2724  EGL_emulation           com.android.systemui                 D  eglMakeCurrent: 0x7f673a02e200: ver 2 0 (tinfo 0x7f673a00fe00)
2025-01-05 08:57:35.530 10411-10411 art                     pid-10411                            W  Before Android 4.1, method android.graphics.PorterDuffColorFilter androidx.vectordrawable.graphics.drawable.VectorDrawableCompat.updateTintFilter(android.graphics.PorterDuffColorFilter, android.content.res.ColorStateList, android.graphics.PorterDuff$Mode) would have incorrectly overridden the package-private method in android.graphics.drawable.Drawable
2025-01-05 08:57:35.567  2227-2724  EGL_emulation           com.android.systemui                 D  eglMakeCurrent: 0x7f673a02e200: ver 2 0 (tinfo 0x7f673a00fe00)
2025-01-05 08:57:35.691 10411-10426 art                     pid-10411                            I  Background sticky concurrent mark sweep GC freed 2088(214KB) AllocSpace objects, 0(0B) LOS objects, 17% free, 2MB/2MB, paused 31.297ms total 112.360ms
2025-01-05 08:57:36.146 10411-10432 OpenGLRenderer          pid-10411                            D  Render dirty regions requested: true
2025-01-05 08:57:36.150 10411-10411 <no-tag>                pid-10411                            D  HostConnection::get() New Host Connection established 0x7f672cfc2320, tid 10411
2025-01-05 08:57:36.165 10411-10411 Atlas                   pid-10411                            D  Validating map...
2025-01-05 08:57:36.268 10411-10432 <no-tag>                pid-10411                            D  HostConnection::get() New Host Connection established 0x7f672cfc2da0, tid 10432
2025-01-05 08:57:36.273 10411-10432 OpenGLRenderer          pid-10411                            I  Initialized EGL, version 1.4
2025-01-05 08:57:36.274 10411-10432 OpenGLRenderer          pid-10411                            W  Failed to choose config with EGL_SWAP_BEHAVIOR_PRESERVED, retrying without...
2025-01-05 08:57:36.313 10411-10432 EGL_emulation           pid-10411                            D  eglCreateContext: 0x7f672cc45200: maj 2 min 0 rcv 2
2025-01-05 08:57:36.367 10411-10432 EGL_emulation           pid-10411                            D  eglMakeCurrent: 0x7f672cc45200: ver 2 0 (tinfo 0x7f672cc2c180)
2025-01-05 08:57:36.375 10411-10432 OpenGLRenderer          pid-10411                            D  Enabling debug mode 0
2025-01-05 08:57:36.397 10411-10432 EGL_emulation           pid-10411                            D  eglMakeCurrent: 0x7f672cc45200: ver 2 0 (tinfo 0x7f672cc2c180)
2025-01-05 08:57:36.529  1587-1621  ActivityManager         system_process                       I  Displayed org.kelompok3.todolistapp/.MainActivity: +1s371ms
2025-01-05 08:57:36.573  2614-2732  EGL_emulation           com.android.launcher                 D  eglMakeCurrent: 0x7f672e83e200: ver 2 0 (tinfo 0x7f672e82c180)
2025-01-05 08:57:38.661  1587-2061  TaskPersister           system_process                       D  removeObsoleteFile: deleting file=43_task.xml
2025-01-05 08:57:44.059  1587-3174  ActivityManager         system_process                       I  START u0 {cmp=org.kelompok3.todolistapp/.TaskEditor (has extras)} from uid 10058 on display 0
2025-01-05 08:57:44.061  1587-2044  AudioTrack              system_process                       W  AUDIO_OUTPUT_FLAG_FAST denied by client
2025-01-05 08:57:44.061  1179-2045  AudioMixer              pid-1179                             E  AudioMixer::getTrackName out of available tracks
2025-01-05 08:57:44.061  1179-2045  AudioFlinger            pid-1179                             E  no more track names available
2025-01-05 08:57:44.061  1179-2045  AudioFlinger            pid-1179                             E  createTrack_l() initCheck failed -12; no control block?
2025-01-05 08:57:44.062  1587-2044  AudioTrack              system_process                       E  AudioFlinger could not create track, status: -12
2025-01-05 08:57:44.062  1587-2044  SoundPool               system_process                       E  Error creating AudioTrack
2025-01-05 08:57:44.182 10411-10411 art                     pid-10411                            I  Rejecting re-init on previously-failed class java.lang.Class<androidx.vectordrawable.graphics.drawable.Animatable2Compat$AnimationCallback$1>
2025-01-05 08:57:44.182 10411-10411 art                     pid-10411                            I  Rejecting re-init on previously-failed class java.lang.Class<androidx.vectordrawable.graphics.drawable.Animatable2Compat$AnimationCallback$1>
2025-01-05 08:57:44.383 10411-10432 EGL_emulation           pid-10411                            D  eglMakeCurrent: 0x7f672cc45200: ver 2 0 (tinfo 0x7f672cc2c180)
2025-01-05 08:57:44.630  1587-1621  ActivityManager         system_process                       I  Displayed org.kelompok3.todolistapp/.TaskEditor: +568ms
2025-01-05 08:57:49.363  2227-2724  EGL_emulation           com.android.systemui                 D  eglMakeCurrent: 0x7f673a02e200: ver 2 0 (tinfo 0x7f673a00fe00)
2025-01-05 08:57:49.456  1587-2044  AudioTrack              system_process                       W  AUDIO_OUTPUT_FLAG_FAST denied by client
2025-01-05 08:57:49.456  1179-2045  AudioMixer              pid-1179                             E  AudioMixer::getTrackName out of available tracks
2025-01-05 08:57:49.456  1179-2045  AudioFlinger            pid-1179                             E  no more track names available
2025-01-05 08:57:49.456  1179-2045  AudioFlinger            pid-1179                             E  createTrack_l() initCheck failed -12; no control block?
2025-01-05 08:57:49.456  1587-2044  AudioTrack              system_process                       E  AudioFlinger could not create track, status: -12
2025-01-05 08:57:49.457  1587-2044  SoundPool               system_process                       E  Error creating AudioTrack
2025-01-05 08:57:49.559 10411-10432 EGL_emulation           pid-10411                            D  eglMakeCurrent: 0x7f672cc45200: ver 2 0 (tinfo 0x7f672cc2c180)
2025-01-05 08:57:49.662 10411-10432 EGL_emulation           pid-10411                            D  eglMakeCurrent: 0x7f672cc45200: ver 2 0 (tinfo 0x7f672cc2c180)
2025-01-05 08:57:50.028 10411-10432 EGL_emulation           pid-10411                            D  eglMakeCurrent: 0x7f672cc45200: ver 2 0 (tinfo 0x7f672cc2c180)
2025-01-05 08:57:50.744 10411-10419 art                     pid-10411                            I  Debugger is no longer active
2025-01-05 08:57:51.131  1587-2450  ActivityManager         system_process                       I  START u0 {cmp=org.kelompok3.todolistapp/.TaskEditor (has extras)} from uid 10058 on display 0
2025-01-05 08:57:51.132  1587-2044  AudioTrack              system_process                       W  AUDIO_OUTPUT_FLAG_FAST denied by client
2025-01-05 08:57:51.133  1179-2045  AudioMixer              pid-1179                             E  AudioMixer::getTrackName out of available tracks
2025-01-05 08:57:51.133  1179-2045  AudioFlinger            pid-1179                             E  no more track names available
2025-01-05 08:57:51.133  1179-2045  AudioFlinger            pid-1179                             E  createTrack_l() initCheck failed -12; no control block?
2025-01-05 08:57:51.134  1587-2044  AudioTrack              system_process                       E  AudioFlinger could not create track, status: -12
2025-01-05 08:57:51.135  1587-2044  SoundPool               system_process                       E  Error creating AudioTrack
2025-01-05 08:57:51.292 10411-10432 EGL_emulation           pid-10411                            D  eglMakeCurrent: 0x7f672cc45200: ver 2 0 (tinfo 0x7f672cc2c180)
2025-01-05 08:57:51.336 10411-10432 EGL_emulation           pid-10411                            D  eglMakeCurrent: 0x7f672cc45200: ver 2 0 (tinfo 0x7f672cc2c180)
2025-01-05 08:57:51.434  1587-1621  ActivityManager         system_process                       I  Displayed org.kelompok3.todolistapp/.TaskEditor: +299ms
2025-01-05 08:57:53.543  1587-2044  AudioTrack              system_process                       W  AUDIO_OUTPUT_FLAG_FAST denied by client
2025-01-05 08:57:53.544  1179-2045  AudioMixer              pid-1179                             E  AudioMixer::getTrackName out of available tracks
2025-01-05 08:57:53.544  1179-2045  AudioFlinger            pid-1179                             E  no more track names available
2025-01-05 08:57:53.544  1179-2045  AudioFlinger            pid-1179                             E  createTrack_l() initCheck failed -12; no control block?
2025-01-05 08:57:53.544  1587-2044  AudioTrack              system_process                       E  AudioFlinger could not create track, status: -12
2025-01-05 08:57:53.546  1587-2044  SoundPool               system_process                       E  Error creating AudioTrack
2025-01-05 08:57:53.631 10411-10432 EGL_emulation           pid-10411                            D  eglMakeCurrent: 0x7f672cc45200: ver 2 0 (tinfo 0x7f672cc2c180)
2025-01-05 08:58:00.015  2227-2724  EGL_emulation           com.android.systemui                 D  eglMakeCurrent: 0x7f673a02e200: ver 2 0 (tinfo 0x7f673a00fe00)
2025-01-05 08:58:25.340  2633-9145  NetworkScheduler.Stats  com.google.android.gms.persistent    I  Task com.google.android.gms/com.google.android.gms.icing.service.IcingGcmTaskService started execution. cause:4 exec_start_elapsed_seconds: 17894 [CONTEXT service_id=218 ]
2025-01-05 08:58:25.348  2633-10395 NetworkScheduler.Stats  com.google.android.gms.persistent    I  Task com.google.android.gms/com.google.android.gms.icing.service.IcingGcmTaskService finished executing. cause:4 result: 1 elapsed_millis: 28 uptime_millis: 28 exec_start_elapsed_seconds: 17894 [CONTEXT service_id=218 ]
2025-01-05 08:58:25.396  2633-9145  NetworkScheduler.Stats  com.google.android.gms.persistent    I  Task com.google.android.gms/com.google.android.gms.auth.account.be.legacy.AuthCronService started execution. cause:5 exec_start_elapsed_seconds: 17894 [CONTEXT service_id=218 ]
2025-01-05 08:58:25.731  2633-9145  Conscrypt               com.google.android.gms.persistent    W  Could not set socket write timeout: java.net.SocketException: Socket closed
2025-01-05 08:58:25.733  2633-9145  art                     com.google.android.gms.persistent    E  invalid stream - problem with parameter iterator in /system/priv-app/PrebuiltGmsCore/PrebuiltGmsCore.apk:classes3.dex for method void com.google.android.gms.org.conscrypt.ConscryptFileDescriptorSocket.setSoWriteTimeout(int)
2025-01-05 08:58:25.734  2633-9145  Conscrypt               com.google.android.gms.persistent    W  	at com.google.android.gms.org.conscrypt.Platform.setSocketWriteTimeout(:com.google.android.gms@202414014@20.24.14 (020800-319035315):2)
