2025-01-05 08:58:25.734  2633-9145  Conscrypt               com.google.android.gms.persistent    W  	at com.google.android.gms.org.conscrypt.ConscryptFileDescriptorSocket.setSoWriteTimeout(:com.google.android.gms@202414014@20.24.14 (020800-319035315))
2025-01-05 08:58:25.864  2633-9145  Conscrypt               com.google.android.gms.persistent    W  Could not set socket write timeout: java.net.SocketException: Socket closed
2025-01-05 08:58:25.864  2633-9145  art                     com.google.android.gms.persistent    E  invalid stream - problem with parameter iterator in /system/priv-app/PrebuiltGmsCore/PrebuiltGmsCore.apk:classes3.dex for method void com.google.android.gms.org.conscrypt.ConscryptFileDescriptorSocket.setSoWriteTimeout(int)
2025-01-05 08:58:25.864  2633-9145  Conscrypt               com.google.android.gms.persistent    W  	at com.google.android.gms.org.conscrypt.Platform.setSocketWriteTimeout(:com.google.android.gms@202414014@20.24.14 (020800-319035315):2)
2025-01-05 08:58:25.864  2633-9145  Conscrypt               com.google.android.gms.persistent    W  	at com.google.android.gms.org.conscrypt.ConscryptFileDescriptorSocket.setSoWriteTimeout(:com.google.android.gms@202414014@20.24.14 (020800-319035315))
2025-01-05 08:58:25.972  2633-9145  GmsTaskScheduler        com.google.android.gms.persistent    E  sendWakeUpEvent called on SchedulerClientBroadcastStrategy
2025-01-05 08:58:25.976  2633-2857  art                     com.google.android.gms.persistent    E  invalid stream - problem with parameter iterator in /system/priv-app/PrebuiltGmsCore/PrebuiltGmsCore.apk for method java.lang.Object hur.a(hux)
2025-01-05 08:58:25.976  2633-2857  GLSUser                 com.google.android.gms.persistent    W  [AppCertManager] Failed to get security token. (Ask Gemini)
                                                                                                    java.io.IOException: Invalid scope
                                                                                                    	at acub.b(:com.google.android.gms@202414014@20.24.14 (020800-319035315):23)
                                                                                                    	at acub.a(:com.google.android.gms@202414014@20.24.14 (020800-319035315):18)
                                                                                                    	at acub.a(:com.google.android.gms@202414014@20.24.14 (020800-319035315):11)
                                                                                                    	at huy.a(:com.google.android.gms@202414014@20.24.14 (020800-319035315):17)
                                                                                                    	at huw.a(:com.google.android.gms@202414014@20.24.14 (020800-319035315):45)
                                                                                                    	at hur.a(:com.google.android.gms@202414014@20.24.14 (020800-319035315))
                                                                                                    	at huu.a(:com.google.android.gms@202414014@20.24.14 (020800-319035315):10)
                                                                                                    	at gaf.call(:com.google.android.gms@202414014@20.24.14 (020800-319035315):0)
                                                                                                    	at java.util.concurrent.FutureTask.run(FutureTask.java:237)
                                                                                                    	at sbp.b(:com.google.android.gms@202414014@20.24.14 (020800-319035315):12)
                                                                                                    	at sbp.run(:com.google.android.gms@202414014@20.24.14 (020800-319035315):7)
                                                                                                    	at java.util.concurrent.ThreadPoolExecutor.runWorker(ThreadPoolExecutor.java:1112)
                                                                                                    	at java.util.concurrent.ThreadPoolExecutor$Worker.run(ThreadPoolExecutor.java:587)
                                                                                                    	at shh.run(:com.google.android.gms@202414014@20.24.14 (020800-319035315):0)
                                                                                                    	at java.lang.Thread.run(Thread.java:818)
2025-01-05 08:58:25.981  2633-2857  Auth                    com.google.android.gms.persistent    I  [ReflectiveChannelBinder] Successfully bound channel!
2025-01-05 08:58:26.083  2633-2857  Conscrypt               com.google.android.gms.persistent    W  Could not set socket write timeout: java.net.SocketException: Socket closed
2025-01-05 08:58:26.083  2633-2857  art                     com.google.android.gms.persistent    E  invalid stream - problem with parameter iterator in /system/priv-app/PrebuiltGmsCore/PrebuiltGmsCore.apk:classes3.dex for method void com.google.android.gms.org.conscrypt.ConscryptFileDescriptorSocket.setSoWriteTimeout(int)
2025-01-05 08:58:26.083  2633-2857  art                     com.google.android.gms.persistent    E  invalid stream - problem with parameter iterator in /system/priv-app/PrebuiltGmsCore/PrebuiltGmsCore.apk for method java.lang.Object hur.a(hux)
2025-01-05 08:58:26.083  2633-2857  Conscrypt               com.google.android.gms.persistent    W  	at com.google.android.gms.org.conscrypt.Platform.setSocketWriteTimeout(:com.google.android.gms@202414014@20.24.14 (020800-319035315):2)
2025-01-05 08:58:26.083  2633-2857  Conscrypt               com.google.android.gms.persistent    W  	at com.google.android.gms.org.conscrypt.ConscryptFileDescriptorSocket.setSoWriteTimeout(:com.google.android.gms@202414014@20.24.14 (020800-319035315))
2025-01-05 08:58:26.134  2633-2857  Conscrypt               com.google.android.gms.persistent    W  Could not set socket write timeout: java.net.SocketException: Socket closed
2025-01-05 08:58:26.134  2633-2857  art                     com.google.android.gms.persistent    E  invalid stream - problem with parameter iterator in /system/priv-app/PrebuiltGmsCore/PrebuiltGmsCore.apk:classes3.dex for method void com.google.android.gms.org.conscrypt.ConscryptFileDescriptorSocket.setSoWriteTimeout(int)
2025-01-05 08:58:26.134  2633-2857  art                     com.google.android.gms.persistent    E  invalid stream - problem with parameter iterator in /system/priv-app/PrebuiltGmsCore/PrebuiltGmsCore.apk for method java.lang.Object hur.a(hux)
2025-01-05 08:58:26.135  2633-2857  Conscrypt               com.google.android.gms.persistent    W  	at com.google.android.gms.org.conscrypt.Platform.setSocketWriteTimeout(:com.google.android.gms@202414014@20.24.14 (020800-319035315):2)
2025-01-05 08:58:26.135  2633-2857  Conscrypt               com.google.android.gms.persistent    W  	at com.google.android.gms.org.conscrypt.ConscryptFileDescriptorSocket.setSoWriteTimeout(:com.google.android.gms@202414014@20.24.14 (020800-319035315))
2025-01-05 08:58:26.199  2633-2857  GmsTaskScheduler        com.google.android.gms.persistent    E  sendWakeUpEvent called on SchedulerClientBroadcastStrategy
2025-01-05 08:58:26.201  2633-2857  art                     com.google.android.gms.persistent    E  invalid stream - problem with parameter iterator in /system/priv-app/PrebuiltGmsCore/PrebuiltGmsCore.apk for method java.lang.Object hur.a(hux)
2025-01-05 08:58:26.201  2633-2857  GLSUser                 com.google.android.gms.persistent    W  [AppCertManager] IOException while requesting key:  (Ask Gemini)
                                                                                                    java.io.IOException: Invalid device key response.
                                                                                                    	at huy.a(:com.google.android.gms@202414014@20.24.14 (020800-319035315):49)
                                                                                                    	at huw.a(:com.google.android.gms@202414014@20.24.14 (020800-319035315):45)
                                                                                                    	at hur.a(:com.google.android.gms@202414014@20.24.14 (020800-319035315))
                                                                                                    	at huu.a(:com.google.android.gms@202414014@20.24.14 (020800-319035315):10)
                                                                                                    	at gaf.call(:com.google.android.gms@202414014@20.24.14 (020800-319035315):0)
                                                                                                    	at java.util.concurrent.FutureTask.run(FutureTask.java:237)
                                                                                                    	at sbp.b(:com.google.android.gms@202414014@20.24.14 (020800-319035315):12)
                                                                                                    	at sbp.run(:com.google.android.gms@202414014@20.24.14 (020800-319035315):7)
                                                                                                    	at java.util.concurrent.ThreadPoolExecutor.runWorker(ThreadPoolExecutor.java:1112)
                                                                                                    	at java.util.concurrent.ThreadPoolExecutor$Worker.run(ThreadPoolExecutor.java:587)
                                                                                                    	at shh.run(:com.google.android.gms@202414014@20.24.14 (020800-319035315):0)
                                                                                                    	at java.lang.Thread.run(Thread.java:818)
2025-01-05 08:58:26.206  2633-9145  NetworkScheduler.Stats  com.google.android.gms.persistent    I  Task com.google.android.gms/com.google.android.gms.auth.account.be.legacy.AuthCronService finished executing. cause:5 result: 3 elapsed_millis: 824 uptime_millis: 824 exec_start_elapsed_seconds: 17894 [CONTEXT service_id=218 ]
2025-01-05 09:00:11.278  1587-1622  BatteryStatsImpl        system_process                       W  Couldn't get kernel wake lock stats
2025-01-05 09:00:48.451  1587-1587  ActivityManager         system_process                       I  Start proc android.process.media for service com.android.providers.downloads/.DownloadIdleService: pid=10454 uid=10005 gids={50005, 9997, 1028, 1015, 1023, 1024, 2001, 3003, 3007} abi=x86_64
2025-01-05 09:00:48.456  1587-1587  BackgroundDexOptService system_process                       I  onIdleStart
2025-01-05 09:00:48.460  1587-10471 art                     system_process                       I  DexFile_isDexOptNeeded failed to open oat file '/data/dalvik-cache/x86_64/data@app@WidgetPreview@WidgetPreview.apk@classes.dex' for file location '/data/app/WidgetPreview/WidgetPreview.apk': Failed to open oat filename for reading: No such file or directory
2025-01-05 09:00:48.460  1587-10471 art                     system_process                       I  DexFile_isDexOptNeeded failed to open oat file '/data/app/WidgetPreview/x86_64/WidgetPreview.odex' for file location '/data/app/WidgetPreview/WidgetPreview.apk': Failed to open oat filename for reading: No such file or directory
2025-01-05 09:00:48.461  1587-10471 PackageManager          system_process                       I  Running dexopt on: /data/app/WidgetPreview/WidgetPreview.apk pkg=com.android.widgetpreview isa=x86_64 vmSafeMode=false
2025-01-05 09:00:48.472 10472-10472 cutils-trace            pid-10472                            E  Error opening trace file: Permission denied (13)
2025-01-05 09:00:48.473 10472-10472 dex2oat                 pid-10472                            I  /system/bin/dex2oat --zip-fd=5 --zip-location=/data/app/WidgetPreview/WidgetPreview.apk --oat-fd=6 --oat-location=/data/dalvik-cache/x86_64/data@app@WidgetPreview@WidgetPreview.apk@classes.dex --instruction-set=x86_64 --instruction-set-features=default --runtime-arg -Xms64m --runtime-arg -Xmx512m
2025-01-05 09:00:48.503 10472-10472 dex2oat                 pid-10472                            I  dex2oat took 30.089ms (threads: 4)
2025-01-05 09:00:48.505  1587-10471 art                     system_process                       I  DexFile_isDexOptNeeded failed to open oat file '/data/dalvik-cache/x86_64/data@app@GestureBuilder@GestureBuilder.apk@classes.dex' for file location '/data/app/GestureBuilder/GestureBuilder.apk': Failed to open oat filename for reading: No such file or directory
2025-01-05 09:00:48.505  1587-10471 art                     system_process                       I  DexFile_isDexOptNeeded failed to open oat file '/data/app/GestureBuilder/x86_64/GestureBuilder.odex' for file location '/data/app/GestureBuilder/GestureBuilder.apk': Failed to open oat filename for reading: No such file or directory
2025-01-05 09:00:48.505  1587-10471 PackageManager          system_process                       I  Running dexopt on: /data/app/GestureBuilder/GestureBuilder.apk pkg=com.android.gesture.builder isa=x86_64 vmSafeMode=false
2025-01-05 09:00:48.515 10478-10478 cutils-trace            pid-10478                            E  Error opening trace file: Permission denied (13)
2025-01-05 09:00:48.516 10478-10478 dex2oat                 pid-10478                            I  /system/bin/dex2oat --zip-fd=5 --zip-location=/data/app/GestureBuilder/GestureBuilder.apk --oat-fd=6 --oat-location=/data/dalvik-cache/x86_64/data@app@GestureBuilder@GestureBuilder.apk@classes.dex --instruction-set=x86_64 --instruction-set-features=default --runtime-arg -Xms64m --runtime-arg -Xmx512m
2025-01-05 09:00:48.544 10454-10454 SQLiteLog               pid-10454                            E  (283) recovered 100 frames from WAL file /data/data/com.android.providers.media/databases/external.db-wal
2025-01-05 09:00:48.559 10478-10478 dex2oat                 pid-10478                            I  dex2oat took 43.750ms (threads: 4)
2025-01-05 09:00:48.562  1587-10471 art                     system_process                       I  DexFile_isDexOptNeeded failed to open oat file '/data/dalvik-cache/x86_64/data@app@ApiDemos@ApiDemos.apk@classes.dex' for file location '/data/app/ApiDemos/ApiDemos.apk': Failed to open oat filename for reading: No such file or directory
2025-01-05 09:00:48.562  1587-10471 art                     system_process                       I  DexFile_isDexOptNeeded failed to open oat file '/data/app/ApiDemos/x86_64/ApiDemos.odex' for file location '/data/app/ApiDemos/ApiDemos.apk': Failed to open oat filename for reading: No such file or directory
2025-01-05 09:00:48.562  1587-10471 PackageManager          system_process                       I  Running dexopt on: /data/app/ApiDemos/ApiDemos.apk pkg=com.example.android.apis isa=x86_64 vmSafeMode=false
2025-01-05 09:00:48.576 10485-10485 cutils-trace            pid-10485                            E  Error opening trace file: Permission denied (13)
2025-01-05 09:00:48.576 10485-10485 dex2oat                 pid-10485                            I  /system/bin/dex2oat --zip-fd=5 --zip-location=/data/app/ApiDemos/ApiDemos.apk --oat-fd=6 --oat-location=/data/dalvik-cache/x86_64/data@app@ApiDemos@ApiDemos.apk@classes.dex --instruction-set=x86_64 --instruction-set-features=default --runtime-arg -Xms64m --runtime-arg -Xmx512m
2025-01-05 09:00:48.595 10454-10488 DownloadManager         pid-10454                            D  Removed 0 stale downloads
2025-01-05 09:00:48.600 10454-10488 DownloadManager         pid-10454                            D  Found 0 files in database
2025-01-05 09:00:48.600 10454-10488 DownloadManager         pid-10454                            D  Found 0 files on disk
2025-01-05 09:00:49.906 10485-10485 dex2oat                 pid-10485                            I  dex2oat took 1.329s (threads: 4)
2025-01-05 09:00:49.910  1587-10471 art                     system_process                       I  DexFile_isDexOptNeeded failed to open oat file '/data/dalvik-cache/x86_64/data@app@SmokeTest@SmokeTest.apk@classes.dex' for file location '/data/app/SmokeTest/SmokeTest.apk': Failed to open oat filename for reading: No such file or directory
2025-01-05 09:00:49.910  1587-10471 art                     system_process                       I  DexFile_isDexOptNeeded failed to open oat file '/data/app/SmokeTest/x86_64/SmokeTest.odex' for file location '/data/app/SmokeTest/SmokeTest.apk': Failed to open oat filename for reading: No such file or directory
2025-01-05 09:00:49.910  1587-10471 PackageManager          system_process                       I  Running dexopt on: /data/app/SmokeTest/SmokeTest.apk pkg=com.android.smoketest.tests isa=x86_64 vmSafeMode=false
2025-01-05 09:00:49.926 10495-10495 cutils-trace            pid-10495                            E  Error opening trace file: Permission denied (13)
2025-01-05 09:00:49.926 10495-10495 dex2oat                 pid-10495                            I  /system/bin/dex2oat --zip-fd=5 --zip-location=/data/app/SmokeTest/SmokeTest.apk --oat-fd=6 --oat-location=/data/dalvik-cache/x86_64/data@app@SmokeTest@SmokeTest.apk@classes.dex --instruction-set=x86_64 --instruction-set-features=default --runtime-arg -Xms64m --runtime-arg -Xmx512m
2025-01-05 09:00:49.955 10495-10495 dex2oat                 pid-10495                            I  dex2oat took 28.414ms (threads: 4)
2025-01-05 09:00:49.957  1587-10471 art                     system_process                       I  DexFile_isDexOptNeeded failed to open oat file '/data/dalvik-cache/x86_64/data@app@CubeLiveWallpapers@CubeLiveWallpapers.apk@classes.dex' for file location '/data/app/CubeLiveWallpapers/CubeLiveWallpapers.apk': Failed to open oat filename for reading: No such file or directory
2025-01-05 09:00:49.957  1587-10471 art                     system_process                       I  DexFile_isDexOptNeeded failed to open oat file '/data/app/CubeLiveWallpapers/x86_64/CubeLiveWallpapers.odex' for file location '/data/app/CubeLiveWallpapers/CubeLiveWallpapers.apk': Failed to open oat filename for reading: No such file or directory
2025-01-05 09:00:49.957  1587-10471 PackageManager          system_process                       I  Running dexopt on: /data/app/CubeLiveWallpapers/CubeLiveWallpapers.apk pkg=com.example.android.livecubes isa=x86_64 vmSafeMode=false
2025-01-05 09:00:49.965 10500-10500 cutils-trace            pid-10500                            E  Error opening trace file: Permission denied (13)
2025-01-05 09:00:49.965 10500-10500 dex2oat                 pid-10500                            I  /system/bin/dex2oat --zip-fd=5 --zip-location=/data/app/CubeLiveWallpapers/CubeLiveWallpapers.apk --oat-fd=6 --oat-location=/data/dalvik-cache/x86_64/data@app@CubeLiveWallpapers@CubeLiveWallpapers.apk@classes.dex --instruction-set=x86_64 --instruction-set-features=default --runtime-arg -Xms64m --runtime-arg -Xmx512m
2025-01-05 09:00:50.001 10500-10500 dex2oat                 pid-10500                            I  dex2oat took 35.583ms (threads: 4)
2025-01-05 09:00:50.003  1587-10471 art                     system_process                       I  DexFile_isDexOptNeeded failed to open oat file '/data/dalvik-cache/x86_64/data@app@SmokeTestApp@SmokeTestApp.apk@classes.dex' for file location '/data/app/SmokeTestApp/SmokeTestApp.apk': Failed to open oat filename for reading: No such file or directory
2025-01-05 09:00:50.003  1587-10471 art                     system_process                       I  DexFile_isDexOptNeeded failed to open oat file '/data/app/SmokeTestApp/x86_64/SmokeTestApp.odex' for file location '/data/app/SmokeTestApp/SmokeTestApp.apk': Failed to open oat filename for reading: No such file or directory
2025-01-05 09:00:50.003  1587-10471 PackageManager          system_process                       I  Running dexopt on: /data/app/SmokeTestApp/SmokeTestApp.apk pkg=com.android.smoketest isa=x86_64 vmSafeMode=false
2025-01-05 09:00:50.015 10505-10505 cutils-trace            pid-10505                            E  Error opening trace file: Permission denied (13)
2025-01-05 09:00:50.015 10505-10505 dex2oat                 pid-10505                            I  /system/bin/dex2oat --zip-fd=5 --zip-location=/data/app/SmokeTestApp/SmokeTestApp.apk --oat-fd=6 --oat-location=/data/dalvik-cache/x86_64/data@app@SmokeTestApp@SmokeTestApp.apk@classes.dex --instruction-set=x86_64 --instruction-set-features=default --runtime-arg -Xms64m --runtime-arg -Xmx512m
2025-01-05 09:00:50.031 10505-10505 dex2oat                 pid-10505                            I  dex2oat took 16.152ms (threads: 4)
2025-01-05 09:00:50.033  1587-10471 art                     system_process                       I  DexFile_isDexOptNeeded failed to open oat file '/data/dalvik-cache/x86_64/data@app@SoftKeyboard@SoftKeyboard.apk@classes.dex' for file location '/data/app/SoftKeyboard/SoftKeyboard.apk': Failed to open oat filename for reading: No such file or directory
2025-01-05 09:00:50.033  1587-10471 art                     system_process                       I  DexFile_isDexOptNeeded failed to open oat file '/data/app/SoftKeyboard/x86_64/SoftKeyboard.odex' for file location '/data/app/SoftKeyboard/SoftKeyboard.apk': Failed to open oat filename for reading: No such file or directory
2025-01-05 09:00:50.033  1587-10471 PackageManager          system_process                       I  Running dexopt on: /data/app/SoftKeyboard/SoftKeyboard.apk pkg=com.example.android.softkeyboard isa=x86_64 vmSafeMode=false
2025-01-05 09:00:50.045 10510-10510 cutils-trace            pid-10510                            E  Error opening trace file: Permission denied (13)
2025-01-05 09:00:50.045 10510-10510 dex2oat                 pid-10510                            I  /system/bin/dex2oat --zip-fd=5 --zip-location=/data/app/SoftKeyboard/SoftKeyboard.apk --oat-fd=6 --oat-location=/data/dalvik-cache/x86_64/data@app@SoftKeyboard@SoftKeyboard.apk@classes.dex --instruction-set=x86_64 --instruction-set-features=default --runtime-arg -Xms64m --runtime-arg -Xmx512m
2025-01-05 09:00:50.085 10510-10510 dex2oat                 pid-10510                            I  dex2oat took 40.193ms (threads: 4)
2025-01-05 09:01:03.960 10454-10464 art                     pid-10454                            I  Debugger is no longer active
2025-01-05 09:02:00.003  1587-1613  ProcessStatsService     system_process                       I  Prepared write state in 1ms
2025-01-05 09:12:14.382  2633-9368  GmsTaskScheduler        com.google.android.gms.persistent    E  sendWakeUpEvent called on SchedulerClientBroadcastStrategy
2025-01-05 09:12:14.382  2633-9368  WakeLock                com.google.android.gms.persistent    E  GCM_HB_ALARM release without a matched acquire!
2025-01-05 09:12:14.417  2633-9373  GmsTaskScheduler        com.google.android.gms.persistent    E  sendWakeUpEvent called on SchedulerClientBroadcastStrategy
2025-01-05 09:12:25.067  1587-3174  ActivityManager         system_process                       I  START u0 {cmp=org.kelompok3.todolistapp/.TaskEditor (has extras)} from uid 10058 on display 0
2025-01-05 09:12:25.068  1587-2044  AudioTrack              system_process                       W  AUDIO_OUTPUT_FLAG_FAST denied by client
2025-01-05 09:12:25.068  1179-2045  AudioMixer              pid-1179                             E  AudioMixer::getTrackName out of available tracks
2025-01-05 09:12:25.068  1179-2045  AudioFlinger            pid-1179                             E  no more track names available
2025-01-05 09:12:25.068  1179-2045  AudioFlinger            pid-1179                             E  createTrack_l() initCheck failed -12; no control block?
2025-01-05 09:12:25.068  1587-2044  AudioTrack              system_process                       E  AudioFlinger could not create track, status: -12
2025-01-05 09:12:25.068  1587-2044  SoundPool               system_process                       E  Error creating AudioTrack
2025-01-05 09:12:25.292 10411-10432 EGL_emulation           pid-10411                            D  eglMakeCurrent: 0x7f672cc45200: ver 2 0 (tinfo 0x7f672cc2c180)
2025-01-05 09:12:25.383  1587-1621  ActivityManager         system_process                       I  Displayed org.kelompok3.todolistapp/.TaskEditor: +313ms
2025-01-05 09:13:59.279  2227-2724  EGL_emulation           com.android.systemui                 D  eglMakeCurrent: 0x7f673a02e200: ver 2 0 (tinfo 0x7f673a00fe00)
2025-01-05 09:13:59.408  1587-2044  AudioTrack              system_process                       W  AUDIO_OUTPUT_FLAG_FAST denied by client
2025-01-05 09:13:59.408  1179-2045  AudioMixer              pid-1179                             E  AudioMixer::getTrackName out of available tracks
2025-01-05 09:13:59.408  1179-2045  AudioFlinger            pid-1179                             E  no more track names available
2025-01-05 09:13:59.408  1179-2045  AudioFlinger            pid-1179                             E  createTrack_l() initCheck failed -12; no control block?
2025-01-05 09:13:59.410  1587-2044  AudioTrack              system_process                       E  AudioFlinger could not create track, status: -12
2025-01-05 09:13:59.412  1587-2044  SoundPool               system_process                       E  Error creating AudioTrack
2025-01-05 09:13:59.486 10411-10432 EGL_emulation           pid-10411                            D  eglMakeCurrent: 0x7f672cc45200: ver 2 0 (tinfo 0x7f672cc2c180)
2025-01-05 09:14:00.010  2227-2724  EGL_emulation           com.android.systemui                 D  eglMakeCurrent: 0x7f673a02e200: ver 2 0 (tinfo 0x7f673a00fe00)
2025-01-05 09:14:14.809  2633-10191 NetworkScheduler.Stats  com.google.android.gms.persistent    I  Task com.google.android.gms/com.google.android.gms.checkin.EventLogService started execution. cause:4 exec_start_elapsed_seconds: 18843 [CONTEXT service_id=218 ]
2025-01-05 09:14:14.816  4911-5007  Checkin                 com.google.android.gms               I  [EventLogChimeraService] Opted in for usage reporting: false
2025-01-05 09:14:14.816  4911-5007  Checkin                 com.google.android.gms               I  [EventLogChimeraService] Aggregate from 1736041454431 (log), 1736041454431 (data)
2025-01-05 09:14:15.173  2633-9145  NetworkScheduler.Stats  com.google.android.gms.persistent    I  Task com.google.android.gms/com.google.android.gms.checkin.EventLogService finished executing. cause:4 result: 1 elapsed_millis: 380 uptime_millis: 380 exec_start_elapsed_seconds: 18843 [CONTEXT service_id=218 ]
2025-01-05 09:14:15.232  2633-10395 NetworkScheduler.Stats  com.google.android.gms.persistent    I  Task com.google.android.gms/com.google.android.gms.clearcut.uploader.QosUploaderService started execution. cause:5 exec_start_elapsed_seconds: 18843 [CONTEXT service_id=218 ]
2025-01-05 09:14:15.251  2633-10191 NetworkScheduler.Stats  com.google.android.gms.persistent    I  Task com.google.android.gms/com.google.android.gms.auth.account.be.legacy.AuthCronService started execution. cause:5 exec_start_elapsed_seconds: 18843 [CONTEXT service_id=218 ]
2025-01-05 09:14:15.365  2633-9145  Conscrypt               com.google.android.gms.persistent    W  Could not set socket write timeout: java.net.SocketException: Socket closed
2025-01-05 09:14:15.365  2633-9145  art                     com.google.android.gms.persistent    E  invalid stream - problem with parameter iterator in /system/priv-app/PrebuiltGmsCore/PrebuiltGmsCore.apk:classes3.dex for method void com.google.android.gms.org.conscrypt.ConscryptFileDescriptorSocket.setSoWriteTimeout(int)
2025-01-05 09:14:15.365  2633-9145  Conscrypt               com.google.android.gms.persistent    W  	at com.google.android.gms.org.conscrypt.Platform.setSocketWriteTimeout(:com.google.android.gms@202414014@20.24.14 (020800-319035315):2)
2025-01-05 09:14:15.365  2633-9145  Conscrypt               com.google.android.gms.persistent    W  	at com.google.android.gms.org.conscrypt.ConscryptFileDescriptorSocket.setSoWriteTimeout(:com.google.android.gms@202414014@20.24.14 (020800-319035315))
2025-01-05 09:14:15.393  2633-9145  Conscrypt               com.google.android.gms.persistent    W  Could not set socket write timeout: java.net.SocketException: Socket closed
2025-01-05 09:14:15.394  2633-9145  art                     com.google.android.gms.persistent    E  invalid stream - problem with parameter iterator in /system/priv-app/PrebuiltGmsCore/PrebuiltGmsCore.apk:classes3.dex for method void com.google.android.gms.org.conscrypt.ConscryptFileDescriptorSocket.setSoWriteTimeout(int)
2025-01-05 09:14:15.394  2633-9145  Conscrypt               com.google.android.gms.persistent    W  	at com.google.android.gms.org.conscrypt.Platform.setSocketWriteTimeout(:com.google.android.gms@202414014@20.24.14 (020800-319035315):2)
2025-01-05 09:14:15.394  2633-9145  Conscrypt               com.google.android.gms.persistent    W  	at com.google.android.gms.org.conscrypt.ConscryptFileDescriptorSocket.setSoWriteTimeout(:com.google.android.gms@202414014@20.24.14 (020800-319035315))
2025-01-05 09:14:15.451  2633-10395 Conscrypt               com.google.android.gms.persistent    W  Could not set socket write timeout: java.net.SocketException: Socket closed
2025-01-05 09:14:15.452  2633-10395 art                     com.google.android.gms.persistent    E  invalid stream - problem with parameter iterator in /system/priv-app/PrebuiltGmsCore/PrebuiltGmsCore.apk:classes3.dex for method void com.google.android.gms.org.conscrypt.ConscryptFileDescriptorSocket.setSoWriteTimeout(int)
2025-01-05 09:14:15.452  2633-10395 Conscrypt               com.google.android.gms.persistent    W  	at com.google.android.gms.org.conscrypt.Platform.setSocketWriteTimeout(:com.google.android.gms@202414014@20.24.14 (020800-319035315):2)
2025-01-05 09:14:15.452  2633-10395 Conscrypt               com.google.android.gms.persistent    W  	at com.google.android.gms.org.conscrypt.ConscryptFileDescriptorSocket.setSoWriteTimeout(:com.google.android.gms@202414014@20.24.14 (020800-319035315))
2025-01-05 09:14:15.467  2633-9145  GmsTaskScheduler        com.google.android.gms.persistent    E  sendWakeUpEvent called on SchedulerClientBroadcastStrategy
2025-01-05 09:14:15.484  2633-10395 Conscrypt               com.google.android.gms.persistent    W  Could not set socket write timeout: java.net.SocketException: Socket closed
2025-01-05 09:14:15.484  2633-10395 art                     com.google.android.gms.persistent    E  invalid stream - problem with parameter iterator in /system/priv-app/PrebuiltGmsCore/PrebuiltGmsCore.apk:classes3.dex for method void com.google.android.gms.org.conscrypt.ConscryptFileDescriptorSocket.setSoWriteTimeout(int)
2025-01-05 09:14:15.484  2633-10395 Conscrypt               com.google.android.gms.persistent    W  	at com.google.android.gms.org.conscrypt.Platform.setSocketWriteTimeout(:com.google.android.gms@202414014@20.24.14 (020800-319035315):2)
2025-01-05 09:14:15.484  2633-10395 Conscrypt               com.google.android.gms.persistent    W  	at com.google.android.gms.org.conscrypt.ConscryptFileDescriptorSocket.setSoWriteTimeout(:com.google.android.gms@202414014@20.24.14 (020800-319035315))
2025-01-05 09:14:15.520  2633-10395 GmsTaskScheduler        com.google.android.gms.persistent    E  sendWakeUpEvent called on SchedulerClientBroadcastStrategy
2025-01-05 09:14:15.522  2633-2904  art                     com.google.android.gms.persistent    E  invalid stream - problem with parameter iterator in /system/priv-app/PrebuiltGmsCore/PrebuiltGmsCore.apk for method java.lang.Object hur.a(hux)
2025-01-05 09:14:15.523  2633-2904  GLSUser                 com.google.android.gms.persistent    W  [AppCertManager] Failed to get security token. (Ask Gemini)
                                                                                                    java.io.IOException: Invalid scope
                                                                                                    	at acub.b(:com.google.android.gms@202414014@20.24.14 (020800-319035315):23)
                                                                                                    	at acub.a(:com.google.android.gms@202414014@20.24.14 (020800-319035315):18)
                                                                                                    	at acub.a(:com.google.android.gms@202414014@20.24.14 (020800-319035315):11)
                                                                                                    	at huy.a(:com.google.android.gms@202414014@20.24.14 (020800-319035315):17)
                                                                                                    	at huw.a(:com.google.android.gms@202414014@20.24.14 (020800-319035315):45)
                                                                                                    	at hur.a(:com.google.android.gms@202414014@20.24.14 (020800-319035315))
                                                                                                    	at huu.a(:com.google.android.gms@202414014@20.24.14 (020800-319035315):10)
                                                                                                    	at gaf.call(:com.google.android.gms@202414014@20.24.14 (020800-319035315):0)
                                                                                                    	at java.util.concurrent.FutureTask.run(FutureTask.java:237)
                                                                                                    	at sbp.b(:com.google.android.gms@202414014@20.24.14 (020800-319035315):12)
                                                                                                    	at sbp.run(:com.google.android.gms@202414014@20.24.14 (020800-319035315):7)
                                                                                                    	at java.util.concurrent.ThreadPoolExecutor.runWorker(ThreadPoolExecutor.java:1112)
                                                                                                    	at java.util.concurrent.ThreadPoolExecutor$Worker.run(ThreadPoolExecutor.java:587)
                                                                                                    	at shh.run(:com.google.android.gms@202414014@20.24.14 (020800-319035315):0)
                                                                                                    	at java.lang.Thread.run(Thread.java:818)
2025-01-05 09:14:15.647  2633-2904  Conscrypt               com.google.android.gms.persistent    W  Could not set socket write timeout: java.net.SocketException: Socket closed
2025-01-05 09:14:15.647  2633-2904  art                     com.google.android.gms.persistent    E  invalid stream - problem with parameter iterator in /system/priv-app/PrebuiltGmsCore/PrebuiltGmsCore.apk:classes3.dex for method void com.google.android.gms.org.conscrypt.ConscryptFileDescriptorSocket.setSoWriteTimeout(int)
2025-01-05 09:14:15.647  2633-2904  art                     com.google.android.gms.persistent    E  invalid stream - problem with parameter iterator in /system/priv-app/PrebuiltGmsCore/PrebuiltGmsCore.apk for method java.lang.Object hur.a(hux)
2025-01-05 09:14:15.647  2633-2904  Conscrypt               com.google.android.gms.persistent    W  	at com.google.android.gms.org.conscrypt.Platform.setSocketWriteTimeout(:com.google.android.gms@202414014@20.24.14 (020800-319035315):2)
2025-01-05 09:14:15.647  2633-2904  Conscrypt               com.google.android.gms.persistent    W  	at com.google.android.gms.org.conscrypt.ConscryptFileDescriptorSocket.setSoWriteTimeout(:com.google.android.gms@202414014@20.24.14 (020800-319035315))
2025-01-05 09:14:15.674  2633-2904  Conscrypt               com.google.android.gms.persistent    W  Could not set socket write timeout: java.net.SocketException: Socket closed
2025-01-05 09:14:15.674  2633-2904  art                     com.google.android.gms.persistent    E  invalid stream - problem with parameter iterator in /system/priv-app/PrebuiltGmsCore/PrebuiltGmsCore.apk:classes3.dex for method void com.google.android.gms.org.conscrypt.ConscryptFileDescriptorSocket.setSoWriteTimeout(int)
2025-01-05 09:14:15.674  2633-2904  art                     com.google.android.gms.persistent    E  invalid stream - problem with parameter iterator in /system/priv-app/PrebuiltGmsCore/PrebuiltGmsCore.apk for method java.lang.Object hur.a(hux)
2025-01-05 09:14:15.674  2633-2904  Conscrypt               com.google.android.gms.persistent    W  	at com.google.android.gms.org.conscrypt.Platform.setSocketWriteTimeout(:com.google.android.gms@202414014@20.24.14 (020800-319035315):2)
2025-01-05 09:14:15.674  2633-2904  Conscrypt               com.google.android.gms.persistent    W  	at com.google.android.gms.org.conscrypt.ConscryptFileDescriptorSocket.setSoWriteTimeout(:com.google.android.gms@202414014@20.24.14 (020800-319035315))
2025-01-05 09:14:15.718  2633-2904  GmsTaskScheduler        com.google.android.gms.persistent    E  sendWakeUpEvent called on SchedulerClientBroadcastStrategy
2025-01-05 09:14:15.720  2633-2904  art                     com.google.android.gms.persistent    E  invalid stream - problem with parameter iterator in /system/priv-app/PrebuiltGmsCore/PrebuiltGmsCore.apk for method java.lang.Object hur.a(hux)
2025-01-05 09:14:15.720  2633-2904  GLSUser                 com.google.android.gms.persistent    W  [AppCertManager] IOException while requesting key:  (Ask Gemini)
                                                                                                    java.io.IOException: Invalid device key response.
                                                                                                    	at huy.a(:com.google.android.gms@202414014@20.24.14 (020800-319035315):49)
                                                                                                    	at huw.a(:com.google.android.gms@202414014@20.24.14 (020800-319035315):45)
                                                                                                    	at hur.a(:com.google.android.gms@202414014@20.24.14 (020800-319035315))
                                                                                                    	at huu.a(:com.google.android.gms@202414014@20.24.14 (020800-319035315):10)
                                                                                                    	at gaf.call(:com.google.android.gms@202414014@20.24.14 (020800-319035315):0)
                                                                                                    	at java.util.concurrent.FutureTask.run(FutureTask.java:237)
                                                                                                    	at sbp.b(:com.google.android.gms@202414014@20.24.14 (020800-319035315):12)
                                                                                                    	at sbp.run(:com.google.android.gms@202414014@20.24.14 (020800-319035315):7)
                                                                                                    	at java.util.concurrent.ThreadPoolExecutor.runWorker(ThreadPoolExecutor.java:1112)
                                                                                                    	at java.util.concurrent.ThreadPoolExecutor$Worker.run(ThreadPoolExecutor.java:587)
                                                                                                    	at shh.run(:com.google.android.gms@202414014@20.24.14 (020800-319035315):0)
                                                                                                    	at java.lang.Thread.run(Thread.java:818)
2025-01-05 09:14:15.723  2633-10395 NetworkScheduler.Stats  com.google.android.gms.persistent    I  Task com.google.android.gms/com.google.android.gms.auth.account.be.legacy.AuthCronService finished executing. cause:5 result: 3 elapsed_millis: 491 uptime_millis: 491 exec_start_elapsed_seconds: 18843 [CONTEXT service_id=218 ]
2025-01-05 09:14:15.833  2633-9145  GmsTaskScheduler        com.google.android.gms.persistent    E  sendWakeUpEvent called on SchedulerClientBroadcastStrategy
2025-01-05 09:14:15.868  2633-10395 NetworkScheduler.Stats  com.google.android.gms.persistent    I  Task com.google.android.gms/com.google.android.gms.clearcut.uploader.QosUploaderService finished executing. cause:5 result: 1 elapsed_millis: 663 uptime_millis: 663 exec_start_elapsed_seconds: 18843 [CONTEXT service_id=218 ]
2025-01-05 09:14:42.862  2633-9145  NetworkScheduler.Stats  com.google.android.gms.persistent    I  Task com.google.android.gms/com.google.android.gms.checkin.CheckinService started execution. cause:4 exec_start_elapsed_seconds: 18871 [CONTEXT service_id=218 ]
2025-01-05 09:14:42.869  2633-10395 NetworkScheduler.Stats  com.google.android.gms.persistent    I  Task com.google.android.gms/com.google.android.gms.checkin.CheckinService finished executing. cause:4 result: 3 elapsed_millis: 28 uptime_millis: 28 exec_start_elapsed_seconds: 18871 [CONTEXT service_id=218 ]
2025-01-05 09:16:55.793  1587-2531  ActivityManager         system_process                       I  START u0 {cmp=org.kelompok3.todolistapp/.TaskEditor (has extras)} from uid 10058 on display 0
2025-01-05 09:16:55.794  1587-2044  AudioTrack              system_process                       W  AUDIO_OUTPUT_FLAG_FAST denied by client
2025-01-05 09:16:55.795  1179-2045  AudioMixer              pid-1179                             E  AudioMixer::getTrackName out of available tracks
2025-01-05 09:16:55.795  1179-2045  AudioFlinger            pid-1179                             E  no more track names available
2025-01-05 09:16:55.795  1179-2045  AudioFlinger            pid-1179                             E  createTrack_l() initCheck failed -12; no control block?
2025-01-05 09:16:55.795  1587-2044  AudioTrack              system_process                       E  AudioFlinger could not create track, status: -12
2025-01-05 09:16:55.795  1587-2044  SoundPool               system_process                       E  Error creating AudioTrack
2025-01-05 09:16:55.955 10411-10432 EGL_emulation           pid-10411                            D  eglMakeCurrent: 0x7f672cc45200: ver 2 0 (tinfo 0x7f672cc2c180)
2025-01-05 09:16:56.074  1587-1621  ActivityManager         system_process                       I  Displayed org.kelompok3.todolistapp/.TaskEditor: +277ms
2025-01-05 09:16:57.644  2227-2724  EGL_emulation           com.android.systemui                 D  eglMakeCurrent: 0x7f673a02e200: ver 2 0 (tinfo 0x7f673a00fe00)
2025-01-05 09:16:57.745  1587-2044  AudioTrack              system_process                       W  AUDIO_OUTPUT_FLAG_FAST denied by client
2025-01-05 09:16:57.746  1179-2045  AudioMixer              pid-1179                             E  AudioMixer::getTrackName out of available tracks
2025-01-05 09:16:57.746  1179-2045  AudioFlinger            pid-1179                             E  no more track names available
2025-01-05 09:16:57.746  1179-2045  AudioFlinger            pid-1179                             E  createTrack_l() initCheck failed -12; no control block?
2025-01-05 09:16:57.746  1587-2044  AudioTrack              system_process                       E  AudioFlinger could not create track, status: -12
2025-01-05 09:16:57.747  1587-2044  SoundPool               system_process                       E  Error creating AudioTrack
2025-01-05 09:16:57.808 10411-10432 EGL_emulation           pid-10411                            D  eglMakeCurrent: 0x7f672cc45200: ver 2 0 (tinfo 0x7f672cc2c180)
2025-01-05 09:17:00.011  2227-2724  EGL_emulation           com.android.systemui                 D  eglMakeCurrent: 0x7f673a02e200: ver 2 0 (tinfo 0x7f673a00fe00)
2025-01-05 09:17:09.017  1587-2083  ActivityManager         system_process                       I  START u0 {cmp=org.kelompok3.todolistapp/.TaskEditor (has extras)} from uid 10058 on display 0
2025-01-05 09:17:09.018  1587-2044  AudioTrack              system_process                       W  AUDIO_OUTPUT_FLAG_FAST denied by client
2025-01-05 09:17:09.019  1179-2045  AudioMixer              pid-1179                             E  AudioMixer::getTrackName out of available tracks
2025-01-05 09:17:09.019  1179-2045  AudioFlinger            pid-1179                             E  no more track names available
2025-01-05 09:17:09.019  1179-2045  AudioFlinger            pid-1179                             E  createTrack_l() initCheck failed -12; no control block?
2025-01-05 09:17:09.020  1587-2044  AudioTrack              system_process                       E  AudioFlinger could not create track, status: -12
2025-01-05 09:17:09.020  1587-2044  SoundPool               system_process                       E  Error creating AudioTrack
2025-01-05 09:17:09.221 10411-10432 EGL_emulation           pid-10411                            D  eglMakeCurrent: 0x7f672cc45200: ver 2 0 (tinfo 0x7f672cc2c180)
2025-01-05 09:17:09.330  1587-1621  ActivityManager         system_process                       I  Displayed org.kelompok3.todolistapp/.TaskEditor: +309ms
2025-01-05 09:17:11.010  2275-2275  LatinIME                com.android.inputmethod.latin        I  Starting input. Cursor position = 0,0
2025-01-05 09:17:11.043  2227-2724  EGL_emulation           com.android.systemui                 D  eglMakeCurrent: 0x7f673a02e200: ver 2 0 (tinfo 0x7f673a00fe00)
2025-01-05 09:17:11.056  2275-5235  EGL_emulation           com.android.inputmethod.latin        D  eglMakeCurrent: 0x7f672d6b7200: ver 2 0 (tinfo 0x7f6739d0fe20)
2025-01-05 09:17:12.006  1587-2530  art                     system_process                       I  Explicit concurrent mark sweep GC freed 42353(2MB) AllocSpace objects, 17(294KB) LOS objects, 25% free, 11MB/15MB, paused 1.937ms total 45.386ms
2025-01-05 09:17:14.185  2275-5238  LatinIME:LogUtils       com.android.inputmethod.latin        I  Dictionary info: dictionary = spellcheck_userunigram.en_US ; version = 1736043434 ; date = ?
2025-01-05 09:17:14.185  2275-5239  LatinIME:LogUtils       com.android.inputmethod.latin        I  Dictionary info: dictionary = spellcheck_contacts.en_US ; version = 1736043434 ; date = ?
2025-01-05 09:17:14.196  2275-2567  LatinIME:LogUtils       com.android.inputmethod.latin        I  Dictionary info: dictionary = main:en ; version = 47 ; date = 1402373178
2025-01-05 09:17:17.011  1587-2044  AudioTrack              system_process                       W  AUDIO_OUTPUT_FLAG_FAST denied by client
2025-01-05 09:17:17.012  1179-2045  AudioMixer              pid-1179                             E  AudioMixer::getTrackName out of available tracks
2025-01-05 09:17:17.012  1179-2045  AudioFlinger            pid-1179                             E  no more track names available
2025-01-05 09:17:17.012  1179-2045  AudioFlinger            pid-1179                             E  createTrack_l() initCheck failed -12; no control block?
2025-01-05 09:17:17.012  1587-2044  AudioTrack              system_process                       E  AudioFlinger could not create track, status: -12
2025-01-05 09:17:17.013  1587-2044  SoundPool               system_process                       E  Error creating AudioTrack
2025-01-05 09:17:17.088 10411-10432 EGL_emulation           pid-10411                            D  eglMakeCurrent: 0x7f672cc45200: ver 2 0 (tinfo 0x7f672cc2c180)
2025-01-05 09:17:17.238 10411-10432 EGL_emulation           pid-10411                            D  eglMakeCurrent: 0x7f672cc45200: ver 2 0 (tinfo 0x7f672cc2c180)
2025-01-05 09:17:17.259 10411-10432 EGL_emulation           pid-10411                            D  eglMakeCurrent: 0x7f672cc45200: ver 2 0 (tinfo 0x7f672cc2c180)
2025-01-05 09:17:17.273 10411-10432 EGL_emulation           pid-10411                            D  eglMakeCurrent: 0x7f672cc45200: ver 2 0 (tinfo 0x7f672cc2c180)
2025-01-05 09:17:17.292 10411-10432 EGL_emulation           pid-10411                            D  eglMakeCurrent: 0x7f672cc45200: ver 2 0 (tinfo 0x7f672cc2c180)
2025-01-05 09:17:19.666  1587-2044  AudioTrack              system_process                       W  AUDIO_OUTPUT_FLAG_FAST denied by client
2025-01-05 09:17:19.667  1179-2045  AudioMixer              pid-1179                             E  AudioMixer::getTrackName out of available tracks
2025-01-05 09:17:19.667  1179-2045  AudioFlinger            pid-1179                             E  no more track names available
2025-01-05 09:17:19.667  1179-2045  AudioFlinger            pid-1179                             E  createTrack_l() initCheck failed -12; no control block?
2025-01-05 09:17:19.667  1587-2044  AudioTrack              system_process                       E  AudioFlinger could not create track, status: -12
2025-01-05 09:17:19.668  1587-2044  SoundPool               system_process                       E  Error creating AudioTrack
2025-01-05 09:17:19.701 10411-10432 EGL_emulation           pid-10411                            D  eglMakeCurrent: 0x7f672cc45200: ver 2 0 (tinfo 0x7f672cc2c180)
2025-01-05 09:17:19.703  1587-2531  InputMetho...gerService system_process                       W  Window already focused, ignoring focus gain of: com.android.internal.view.IInputMethodClient$Stub$Proxy@1c8ebb8a attribute=null, token = android.os.BinderProxy@22308cce
2025-01-05 09:17:21.667  1587-2044  AudioTrack              system_process                       W  AUDIO_OUTPUT_FLAG_FAST denied by client
2025-01-05 09:17:21.668  1179-2045  AudioMixer              pid-1179                             E  AudioMixer::getTrackName out of available tracks
